2025-09-16 18:08:01,948 [INFO ]  正在从 Scikit-learn 加载加州住房数据集...
2025-09-16 18:08:01,958 [INFO ]  数据已分割和标准化。训练: 14860, 验证: 1652, 测试: 4128
2025-09-16 18:08:01,958 [INFO ]  数据标准化缩放器已保存到 scaler.gz
2025-09-16 18:08:01,958 [INFO ]  实验超参数: {
    "task_name": "California_Housing",
    "num_models_max": 30,
    "epochs_per_model": 1000,
    "shallow_depth_per_cofrnet": 4,
    "polynomial_degree": 4,
    "boosting_learning_rate": 0.1,
    "learning_rate_adam": 0.001,
    "weight_decay": 1e-05,
    "batch_size": 1024,
    "early_stopping_patience": 200,
    "output_dim": 1,
    "input_dim": 8
}
2025-09-16 18:08:01,972 [INFO ]  CoFrNetRegressor 初始化完毕，将在 cuda 上运行。
2025-09-16 18:08:01,973 [INFO ]  ==============================
2025-09-16 18:08:01,973 [INFO ]    开始 California_Housing 回归任务训练 (选择性加入机制)
2025-09-16 18:08:01,973 [INFO ]  ==============================
2025-09-16 18:08:01,973 [INFO ]  --- 尝试添加第 1 个子模型 (总尝试次数: 1/30) ---
2025-09-16 18:08:07,638 [INFO ]      Epoch 050 | 当前 Val RMSE: 1.921916
2025-09-16 18:08:12,516 [INFO ]      Epoch 100 | 当前 Val RMSE: 1.193673
2025-09-16 18:08:17,560 [INFO ]      Epoch 150 | 当前 Val RMSE: 0.807091
2025-09-16 18:08:22,696 [INFO ]      Epoch 200 | 当前 Val RMSE: 0.693586
2025-09-16 18:08:27,572 [INFO ]      Epoch 250 | 当前 Val RMSE: 0.656749
2025-09-16 18:08:32,411 [INFO ]      Epoch 300 | 当前 Val RMSE: 0.644426
2025-09-16 18:08:37,269 [INFO ]      Epoch 350 | 当前 Val RMSE: 0.637467
2025-09-16 18:08:42,136 [INFO ]      Epoch 400 | 当前 Val RMSE: 0.630519
2025-09-16 18:08:46,962 [INFO ]      Epoch 450 | 当前 Val RMSE: 0.629017
2025-09-16 18:08:52,009 [INFO ]      Epoch 500 | 当前 Val RMSE: 0.623174
2025-09-16 18:08:57,083 [INFO ]      Epoch 550 | 当前 Val RMSE: 0.619758
2025-09-16 18:09:02,335 [INFO ]      Epoch 600 | 当前 Val RMSE: 0.617996
2025-09-16 18:09:07,338 [INFO ]      Epoch 650 | 当前 Val RMSE: 0.616466
2025-09-16 18:09:12,438 [INFO ]      Epoch 700 | 当前 Val RMSE: 0.615831
2025-09-16 18:09:17,526 [INFO ]      Epoch 750 | 当前 Val RMSE: 0.615049
2025-09-16 18:09:22,689 [INFO ]      Epoch 800 | 当前 Val RMSE: 0.615097
2025-09-16 18:09:27,660 [INFO ]      Epoch 850 | 当前 Val RMSE: 0.614551
2025-09-16 18:09:32,679 [INFO ]      Epoch 900 | 当前 Val RMSE: 0.614807
2025-09-16 18:09:37,716 [INFO ]      Epoch 950 | 当前 Val RMSE: 0.614599
2025-09-16 18:09:43,340 [INFO ]      Epoch 1000 | 当前 Val RMSE: 0.614638
2025-09-16 18:09:43,340 [INFO ]  候选模型训练完毕，正在评估其对整体性能的贡献...
2025-09-16 18:09:43,354 [INFO ]  加入候选模型后，测试集 RMSE 为: 0.591483
2025-09-16 18:09:43,354 [INFO ]  当前最佳模型的测试集 RMSE 为: inf
2025-09-16 18:09:43,355 [INFO ]  *** 性能提升！采纳新模型。当前模型大小: 1, 新的最佳 RMSE: 0.591483 ***
2025-09-16 18:09:43,355 [INFO ]  --- 尝试添加第 2 个子模型 (总尝试次数: 2/30) ---
2025-09-16 18:09:48,994 [INFO ]      Epoch 050 | 当前 Val RMSE: 0.611635
2025-09-16 18:09:54,471 [INFO ]      Epoch 100 | 当前 Val RMSE: 0.609072
2025-09-16 18:10:00,006 [INFO ]      Epoch 150 | 当前 Val RMSE: 0.606366
2025-09-16 18:10:05,600 [INFO ]      Epoch 200 | 当前 Val RMSE: 0.604109
2025-09-16 18:10:11,096 [INFO ]      Epoch 250 | 当前 Val RMSE: 0.601731
2025-09-16 18:10:16,830 [INFO ]      Epoch 300 | 当前 Val RMSE: 0.599516
2025-09-16 18:10:22,394 [INFO ]      Epoch 350 | 当前 Val RMSE: 0.597263
2025-09-16 18:10:28,002 [INFO ]      Epoch 400 | 当前 Val RMSE: 0.595205
2025-09-16 18:10:33,588 [INFO ]      Epoch 450 | 当前 Val RMSE: 0.593496
2025-09-16 18:10:39,061 [INFO ]      Epoch 500 | 当前 Val RMSE: 0.592284
2025-09-16 18:10:44,639 [INFO ]      Epoch 550 | 当前 Val RMSE: 0.591593
2025-09-16 18:10:50,188 [INFO ]      Epoch 600 | 当前 Val RMSE: 0.590925
2025-09-16 18:10:55,675 [INFO ]      Epoch 650 | 当前 Val RMSE: 0.590399
2025-09-16 18:11:01,307 [INFO ]      Epoch 700 | 当前 Val RMSE: 0.590101
2025-09-16 18:11:07,090 [INFO ]      Epoch 750 | 当前 Val RMSE: 0.589737
2025-09-16 18:11:12,835 [INFO ]      Epoch 800 | 当前 Val RMSE: 0.589556
2025-09-16 18:11:18,568 [INFO ]      Epoch 850 | 当前 Val RMSE: 0.589422
2025-09-16 18:11:24,187 [INFO ]      Epoch 900 | 当前 Val RMSE: 0.589376
2025-09-16 18:11:29,967 [INFO ]      Epoch 950 | 当前 Val RMSE: 0.589353
2025-09-16 18:11:35,599 [INFO ]      Epoch 1000 | 当前 Val RMSE: 0.589349
2025-09-16 18:11:35,599 [INFO ]  候选模型训练完毕，正在评估其对整体性能的贡献...
2025-09-16 18:11:35,617 [INFO ]  加入候选模型后，测试集 RMSE 为: 0.574484
2025-09-16 18:11:35,618 [INFO ]  当前最佳模型的测试集 RMSE 为: 0.591483
2025-09-16 18:11:35,619 [INFO ]  *** 性能提升！采纳新模型。当前模型大小: 2, 新的最佳 RMSE: 0.574484 ***
2025-09-16 18:11:35,619 [INFO ]  --- 尝试添加第 3 个子模型 (总尝试次数: 3/30) ---
2025-09-16 18:11:41,516 [INFO ]      Epoch 050 | 当前 Val RMSE: 0.584640
2025-09-16 18:11:47,012 [INFO ]      Epoch 100 | 当前 Val RMSE: 0.583266
2025-09-16 18:11:52,591 [INFO ]      Epoch 150 | 当前 Val RMSE: 0.583227
2025-09-16 18:11:58,115 [INFO ]      Epoch 200 | 当前 Val RMSE: 0.582833
2025-09-16 18:12:03,636 [INFO ]      Epoch 250 | 当前 Val RMSE: 0.584390
2025-09-16 18:12:09,477 [INFO ]      Epoch 300 | 当前 Val RMSE: 0.584921
2025-09-16 18:12:15,570 [INFO ]      Epoch 350 | 当前 Val RMSE: 0.607845
2025-09-16 18:12:16,079 [INFO ]  --- 候选模型早停触发！---
2025-09-16 18:12:16,079 [INFO ]  候选模型训练完毕，正在评估其对整体性能的贡献...
2025-09-16 18:12:16,099 [INFO ]  加入候选模型后，测试集 RMSE 为: 0.564059
2025-09-16 18:12:16,099 [INFO ]  当前最佳模型的测试集 RMSE 为: 0.574484
2025-09-16 18:12:16,101 [INFO ]  *** 性能提升！采纳新模型。当前模型大小: 3, 新的最佳 RMSE: 0.564059 ***
2025-09-16 18:12:16,101 [INFO ]  --- 尝试添加第 4 个子模型 (总尝试次数: 4/30) ---
2025-09-16 18:12:22,571 [INFO ]      Epoch 050 | 当前 Val RMSE: 0.580875
2025-09-16 18:12:28,979 [INFO ]      Epoch 100 | 当前 Val RMSE: 0.580768
2025-09-16 18:12:35,452 [INFO ]      Epoch 150 | 当前 Val RMSE: 0.579871
2025-09-16 18:12:42,065 [INFO ]      Epoch 200 | 当前 Val RMSE: nan
2025-09-16 18:12:48,746 [INFO ]      Epoch 250 | 当前 Val RMSE: nan
2025-09-16 18:12:55,208 [INFO ]      Epoch 300 | 当前 Val RMSE: nan
2025-09-16 18:13:01,449 [INFO ]      Epoch 350 | 当前 Val RMSE: nan
2025-09-16 18:13:02,172 [INFO ]  --- 候选模型早停触发！---
2025-09-16 18:13:02,172 [INFO ]  候选模型训练完毕，正在评估其对整体性能的贡献...
2025-09-16 18:13:02,195 [INFO ]  加入候选模型后，测试集 RMSE 为: 0.562610
2025-09-16 18:13:02,195 [INFO ]  当前最佳模型的测试集 RMSE 为: 0.564059
2025-09-16 18:13:02,197 [INFO ]  *** 性能提升！采纳新模型。当前模型大小: 4, 新的最佳 RMSE: 0.562610 ***
2025-09-16 18:13:02,198 [INFO ]  --- 尝试添加第 5 个子模型 (总尝试次数: 5/30) ---
2025-09-16 18:13:09,059 [INFO ]      Epoch 050 | 当前 Val RMSE: 0.580139
2025-09-16 18:13:15,814 [INFO ]      Epoch 100 | 当前 Val RMSE: 0.580125
2025-09-16 18:13:22,588 [INFO ]      Epoch 150 | 当前 Val RMSE: 0.579748
2025-09-16 18:13:29,444 [INFO ]      Epoch 200 | 当前 Val RMSE: 0.579215
2025-09-16 18:13:36,523 [INFO ]      Epoch 250 | 当前 Val RMSE: 0.579720
2025-09-16 18:13:43,072 [INFO ]      Epoch 300 | 当前 Val RMSE: 0.578496
2025-09-16 18:13:49,808 [INFO ]      Epoch 350 | 当前 Val RMSE: 0.577150
2025-09-16 18:13:56,532 [INFO ]      Epoch 400 | 当前 Val RMSE: 0.577335
2025-09-16 18:14:03,497 [INFO ]      Epoch 450 | 当前 Val RMSE: 0.577626
2025-09-16 18:14:10,391 [INFO ]      Epoch 500 | 当前 Val RMSE: 0.577665
2025-09-16 18:14:17,558 [INFO ]      Epoch 550 | 当前 Val RMSE: 0.577671
2025-09-16 18:14:18,709 [INFO ]  --- 候选模型早停触发！---
2025-09-16 18:14:18,709 [INFO ]  候选模型训练完毕，正在评估其对整体性能的贡献...
2025-09-16 18:14:18,734 [INFO ]  加入候选模型后，测试集 RMSE 为: 0.561544
2025-09-16 18:14:18,734 [INFO ]  当前最佳模型的测试集 RMSE 为: 0.562610
2025-09-16 18:14:18,736 [INFO ]  *** 性能提升！采纳新模型。当前模型大小: 5, 新的最佳 RMSE: 0.561544 ***
2025-09-16 18:14:18,737 [INFO ]  --- 尝试添加第 6 个子模型 (总尝试次数: 6/30) ---
2025-09-16 18:14:25,940 [INFO ]      Epoch 050 | 当前 Val RMSE: 0.576227
2025-09-16 18:14:33,292 [INFO ]      Epoch 100 | 当前 Val RMSE: 0.576025
2025-09-16 18:14:40,801 [INFO ]      Epoch 150 | 当前 Val RMSE: 0.576098
2025-09-16 18:14:48,397 [INFO ]      Epoch 200 | 当前 Val RMSE: 0.576093
2025-09-16 18:14:55,924 [INFO ]      Epoch 250 | 当前 Val RMSE: 0.576066
2025-09-16 18:14:59,269 [INFO ]  --- 候选模型早停触发！---
2025-09-16 18:14:59,269 [INFO ]  候选模型训练完毕，正在评估其对整体性能的贡献...
2025-09-16 18:14:59,420 [INFO ]  加入候选模型后，测试集 RMSE 为: 0.560838
2025-09-16 18:14:59,421 [INFO ]  当前最佳模型的测试集 RMSE 为: 0.561544
2025-09-16 18:14:59,424 [INFO ]  *** 性能提升！采纳新模型。当前模型大小: 6, 新的最佳 RMSE: 0.560838 ***
2025-09-16 18:14:59,424 [INFO ]  --- 尝试添加第 7 个子模型 (总尝试次数: 7/30) ---
2025-09-16 18:15:07,190 [INFO ]      Epoch 050 | 当前 Val RMSE: 0.576000
2025-09-16 18:15:14,877 [INFO ]      Epoch 100 | 当前 Val RMSE: 0.575879
2025-09-16 18:15:22,518 [INFO ]      Epoch 150 | 当前 Val RMSE: 0.575679
2025-09-16 18:15:30,294 [INFO ]      Epoch 200 | 当前 Val RMSE: 0.575557
2025-09-16 18:15:37,849 [INFO ]      Epoch 250 | 当前 Val RMSE: 0.575795
2025-09-16 18:15:45,393 [INFO ]      Epoch 300 | 当前 Val RMSE: 0.575818
2025-09-16 18:15:53,130 [INFO ]      Epoch 350 | 当前 Val RMSE: 0.576096
2025-09-16 18:16:00,687 [INFO ]      Epoch 400 | 当前 Val RMSE: 0.576028
2025-09-16 18:16:00,811 [INFO ]  --- 候选模型早停触发！---
2025-09-16 18:16:00,812 [INFO ]  候选模型训练完毕，正在评估其对整体性能的贡献...
2025-09-16 18:16:00,841 [INFO ]  加入候选模型后，测试集 RMSE 为: 0.560278
2025-09-16 18:16:00,841 [INFO ]  当前最佳模型的测试集 RMSE 为: 0.560838
2025-09-16 18:16:00,844 [INFO ]  *** 性能提升！采纳新模型。当前模型大小: 7, 新的最佳 RMSE: 0.560278 ***
2025-09-16 18:16:00,845 [INFO ]  --- 尝试添加第 8 个子模型 (总尝试次数: 8/30) ---
2025-09-16 18:16:08,932 [INFO ]      Epoch 050 | 当前 Val RMSE: 0.575301
2025-09-16 18:16:17,021 [INFO ]      Epoch 100 | 当前 Val RMSE: 0.574721
2025-09-16 18:16:25,234 [INFO ]      Epoch 150 | 当前 Val RMSE: 0.574643
2025-09-16 18:16:33,572 [INFO ]      Epoch 200 | 当前 Val RMSE: 0.574450
2025-09-16 18:16:41,581 [INFO ]      Epoch 250 | 当前 Val RMSE: 0.574356
2025-09-16 18:16:49,571 [INFO ]      Epoch 300 | 当前 Val RMSE: 0.574381
2025-09-16 18:16:57,669 [INFO ]      Epoch 350 | 当前 Val RMSE: 0.574637
2025-09-16 18:17:05,707 [INFO ]      Epoch 400 | 当前 Val RMSE: 0.574903
2025-09-16 18:17:14,055 [INFO ]      Epoch 450 | 当前 Val RMSE: 0.575168
2025-09-16 18:17:18,521 [INFO ]  --- 候选模型早停触发！---
2025-09-16 18:17:18,521 [INFO ]  候选模型训练完毕，正在评估其对整体性能的贡献...
2025-09-16 18:17:18,555 [INFO ]  加入候选模型后，测试集 RMSE 为: 0.558470
2025-09-16 18:17:18,555 [INFO ]  当前最佳模型的测试集 RMSE 为: 0.560278
2025-09-16 18:17:18,559 [INFO ]  *** 性能提升！采纳新模型。当前模型大小: 8, 新的最佳 RMSE: 0.558470 ***
2025-09-16 18:17:18,559 [INFO ]  --- 尝试添加第 9 个子模型 (总尝试次数: 9/30) ---
2025-09-16 18:17:27,099 [INFO ]      Epoch 050 | 当前 Val RMSE: 0.574123
2025-09-16 18:17:35,717 [INFO ]      Epoch 100 | 当前 Val RMSE: 0.574066
2025-09-16 18:17:44,250 [INFO ]      Epoch 150 | 当前 Val RMSE: 0.574322
2025-09-16 18:17:52,826 [INFO ]      Epoch 200 | 当前 Val RMSE: 0.574132
2025-09-16 18:18:01,425 [INFO ]      Epoch 250 | 当前 Val RMSE: 0.574099
2025-09-16 18:18:07,014 [INFO ]  --- 候选模型早停触发！---
2025-09-16 18:18:07,015 [INFO ]  候选模型训练完毕，正在评估其对整体性能的贡献...
2025-09-16 18:18:07,048 [INFO ]  加入候选模型后，测试集 RMSE 为: 0.558206
2025-09-16 18:18:07,048 [INFO ]  当前最佳模型的测试集 RMSE 为: 0.558470
2025-09-16 18:18:07,053 [INFO ]  *** 性能提升！采纳新模型。当前模型大小: 9, 新的最佳 RMSE: 0.558206 ***
2025-09-16 18:18:07,053 [INFO ]  --- 尝试添加第 10 个子模型 (总尝试次数: 10/30) ---
2025-09-16 18:18:16,311 [INFO ]      Epoch 050 | 当前 Val RMSE: 0.573990
2025-09-16 18:18:25,731 [INFO ]      Epoch 100 | 当前 Val RMSE: 0.574049
2025-09-16 18:18:34,796 [INFO ]      Epoch 150 | 当前 Val RMSE: 0.574128
2025-09-16 18:18:43,936 [INFO ]      Epoch 200 | 当前 Val RMSE: 0.573456
2025-09-16 18:18:53,075 [INFO ]      Epoch 250 | 当前 Val RMSE: 0.573144
2025-09-16 18:19:02,186 [INFO ]      Epoch 300 | 当前 Val RMSE: 0.571426
2025-09-16 18:19:11,166 [INFO ]      Epoch 350 | 当前 Val RMSE: 0.569734
2025-09-16 18:19:20,519 [INFO ]      Epoch 400 | 当前 Val RMSE: 0.568717
2025-09-16 18:19:29,623 [INFO ]      Epoch 450 | 当前 Val RMSE: 0.568653
2025-09-16 18:19:38,584 [INFO ]      Epoch 500 | 当前 Val RMSE: 0.568833
2025-09-16 18:19:47,698 [INFO ]      Epoch 550 | 当前 Val RMSE: 0.568512
2025-09-16 18:19:56,581 [INFO ]      Epoch 600 | 当前 Val RMSE: 0.568346
2025-09-16 18:20:05,638 [INFO ]      Epoch 650 | 当前 Val RMSE: 0.568380
2025-09-16 18:20:14,820 [INFO ]      Epoch 700 | 当前 Val RMSE: 0.568354
2025-09-16 18:20:24,151 [INFO ]      Epoch 750 | 当前 Val RMSE: 0.568576
2025-09-16 18:20:33,116 [INFO ]      Epoch 800 | 当前 Val RMSE: 0.568257
2025-09-16 18:20:41,978 [INFO ]      Epoch 850 | 当前 Val RMSE: 0.568232
2025-09-16 18:20:50,873 [INFO ]      Epoch 900 | 当前 Val RMSE: 0.568194
2025-09-16 18:20:59,873 [INFO ]      Epoch 950 | 当前 Val RMSE: 0.568184
2025-09-16 18:21:08,886 [INFO ]      Epoch 1000 | 当前 Val RMSE: 0.568183
2025-09-16 18:21:08,886 [INFO ]  候选模型训练完毕，正在评估其对整体性能的贡献...
2025-09-16 18:21:08,924 [INFO ]  加入候选模型后，测试集 RMSE 为: 0.552770
2025-09-16 18:21:08,925 [INFO ]  当前最佳模型的测试集 RMSE 为: 0.558206
2025-09-16 18:21:08,930 [INFO ]  *** 性能提升！采纳新模型。当前模型大小: 10, 新的最佳 RMSE: 0.552770 ***
2025-09-16 18:21:08,930 [INFO ]  --- 尝试添加第 11 个子模型 (总尝试次数: 11/30) ---
2025-09-16 18:21:18,179 [INFO ]      Epoch 050 | 当前 Val RMSE: 0.568121
2025-09-16 18:21:27,794 [INFO ]      Epoch 100 | 当前 Val RMSE: 0.567909
2025-09-16 18:21:37,415 [INFO ]      Epoch 150 | 当前 Val RMSE: 0.567323
2025-09-16 18:21:46,983 [INFO ]      Epoch 200 | 当前 Val RMSE: 0.567423
2025-09-16 18:21:56,524 [INFO ]      Epoch 250 | 当前 Val RMSE: 0.567378
2025-09-16 18:22:06,143 [INFO ]      Epoch 300 | 当前 Val RMSE: 0.567335
2025-09-16 18:22:14,764 [INFO ]  --- 候选模型早停触发！---
2025-09-16 18:22:14,764 [INFO ]  候选模型训练完毕，正在评估其对整体性能的贡献...
2025-09-16 18:22:14,932 [INFO ]  加入候选模型后，测试集 RMSE 为: 0.552338
2025-09-16 18:22:14,933 [INFO ]  当前最佳模型的测试集 RMSE 为: 0.552770
2025-09-16 18:22:14,938 [INFO ]  *** 性能提升！采纳新模型。当前模型大小: 11, 新的最佳 RMSE: 0.552338 ***
2025-09-16 18:22:14,938 [INFO ]  --- 尝试添加第 12 个子模型 (总尝试次数: 12/30) ---
2025-09-16 18:22:24,601 [INFO ]      Epoch 050 | 当前 Val RMSE: 0.564344
2025-09-16 18:22:34,689 [INFO ]      Epoch 100 | 当前 Val RMSE: 0.564066
2025-09-16 18:22:44,482 [INFO ]      Epoch 150 | 当前 Val RMSE: 0.563204
2025-09-16 18:22:54,513 [INFO ]      Epoch 200 | 当前 Val RMSE: 0.573821
2025-09-16 18:23:04,492 [INFO ]      Epoch 250 | 当前 Val RMSE: 0.564245
2025-09-16 18:23:14,382 [INFO ]      Epoch 300 | 当前 Val RMSE: 0.563941
2025-09-16 18:23:24,276 [INFO ]      Epoch 350 | 当前 Val RMSE: 0.563731
2025-09-16 18:23:25,589 [INFO ]  --- 候选模型早停触发！---
2025-09-16 18:23:25,589 [INFO ]  候选模型训练完毕，正在评估其对整体性能的贡献...
2025-09-16 18:23:25,631 [INFO ]  加入候选模型后，测试集 RMSE 为: 0.551083
2025-09-16 18:23:25,631 [INFO ]  当前最佳模型的测试集 RMSE 为: 0.552338
2025-09-16 18:23:25,637 [INFO ]  *** 性能提升！采纳新模型。当前模型大小: 12, 新的最佳 RMSE: 0.551083 ***
2025-09-16 18:23:25,637 [INFO ]  --- 尝试添加第 13 个子模型 (总尝试次数: 13/30) ---
2025-09-16 18:23:35,959 [INFO ]      Epoch 050 | 当前 Val RMSE: 0.563172
2025-09-16 18:23:46,441 [INFO ]      Epoch 100 | 当前 Val RMSE: 0.562490
2025-09-16 18:23:56,933 [INFO ]      Epoch 150 | 当前 Val RMSE: 0.562967
2025-09-16 18:24:07,152 [INFO ]      Epoch 200 | 当前 Val RMSE: 0.562921
2025-09-16 18:24:17,438 [INFO ]      Epoch 250 | 当前 Val RMSE: 0.563233
2025-09-16 18:24:25,571 [INFO ]  --- 候选模型早停触发！---
2025-09-16 18:24:25,571 [INFO ]  候选模型训练完毕，正在评估其对整体性能的贡献...
2025-09-16 18:24:25,616 [INFO ]  加入候选模型后，测试集 RMSE 为: 0.549960
2025-09-16 18:24:25,616 [INFO ]  当前最佳模型的测试集 RMSE 为: 0.551083
2025-09-16 18:24:25,622 [INFO ]  *** 性能提升！采纳新模型。当前模型大小: 13, 新的最佳 RMSE: 0.549960 ***
2025-09-16 18:24:25,623 [INFO ]  --- 尝试添加第 14 个子模型 (总尝试次数: 14/30) ---
2025-09-16 18:24:36,228 [INFO ]      Epoch 050 | 当前 Val RMSE: 0.562423
2025-09-16 18:24:47,036 [INFO ]      Epoch 100 | 当前 Val RMSE: 0.562327
2025-09-16 18:24:57,827 [INFO ]      Epoch 150 | 当前 Val RMSE: 0.562312
2025-09-16 18:25:08,776 [INFO ]      Epoch 200 | 当前 Val RMSE: 0.562285
2025-09-16 18:25:19,503 [INFO ]      Epoch 250 | 当前 Val RMSE: 0.562226
2025-09-16 18:25:30,385 [INFO ]      Epoch 300 | 当前 Val RMSE: 0.562166
2025-09-16 18:25:41,105 [INFO ]      Epoch 350 | 当前 Val RMSE: 0.562093
2025-09-16 18:25:51,958 [INFO ]      Epoch 400 | 当前 Val RMSE: 0.562036
2025-09-16 18:26:02,865 [INFO ]      Epoch 450 | 当前 Val RMSE: 0.562022
2025-09-16 18:26:13,610 [INFO ]      Epoch 500 | 当前 Val RMSE: 0.561988
2025-09-16 18:26:24,383 [INFO ]      Epoch 550 | 当前 Val RMSE: 0.561968
2025-09-16 18:26:35,008 [INFO ]      Epoch 600 | 当前 Val RMSE: 0.561943
2025-09-16 18:26:45,949 [INFO ]      Epoch 650 | 当前 Val RMSE: 0.561935
2025-09-16 18:26:56,773 [INFO ]      Epoch 700 | 当前 Val RMSE: 0.561927
2025-09-16 18:27:07,532 [INFO ]      Epoch 750 | 当前 Val RMSE: 0.561918
2025-09-16 18:27:18,396 [INFO ]      Epoch 800 | 当前 Val RMSE: 0.561911
2025-09-16 18:27:29,250 [INFO ]      Epoch 850 | 当前 Val RMSE: 0.561909
2025-09-16 18:27:40,300 [INFO ]      Epoch 900 | 当前 Val RMSE: 0.561906
2025-09-16 18:27:51,073 [INFO ]      Epoch 950 | 当前 Val RMSE: 0.561906
2025-09-16 18:28:01,776 [INFO ]      Epoch 1000 | 当前 Val RMSE: 0.561905
2025-09-16 18:28:01,776 [INFO ]  候选模型训练完毕，正在评估其对整体性能的贡献...
2025-09-16 18:28:01,821 [INFO ]  加入候选模型后，测试集 RMSE 为: 0.547601
2025-09-16 18:28:01,821 [INFO ]  当前最佳模型的测试集 RMSE 为: 0.549960
2025-09-16 18:28:01,828 [INFO ]  *** 性能提升！采纳新模型。当前模型大小: 14, 新的最佳 RMSE: 0.547601 ***
2025-09-16 18:28:01,828 [INFO ]  --- 尝试添加第 15 个子模型 (总尝试次数: 15/30) ---
2025-09-16 18:28:13,105 [INFO ]      Epoch 050 | 当前 Val RMSE: 0.561684
2025-09-16 18:28:24,557 [INFO ]      Epoch 100 | 当前 Val RMSE: 0.561639
2025-09-16 18:28:36,042 [INFO ]      Epoch 150 | 当前 Val RMSE: 0.562007
2025-09-16 18:28:47,461 [INFO ]      Epoch 200 | 当前 Val RMSE: 0.561684
2025-09-16 18:28:58,639 [INFO ]      Epoch 250 | 当前 Val RMSE: 0.562028
2025-09-16 18:29:10,141 [INFO ]      Epoch 300 | 当前 Val RMSE: 0.561757
2025-09-16 18:29:12,568 [INFO ]  --- 候选模型早停触发！---
2025-09-16 18:29:12,568 [INFO ]  候选模型训练完毕，正在评估其对整体性能的贡献...
2025-09-16 18:29:12,618 [INFO ]  加入候选模型后，测试集 RMSE 为: 0.547748
2025-09-16 18:29:12,618 [INFO ]  当前最佳模型的测试集 RMSE 为: 0.547601
2025-09-16 18:29:12,618 [INFO ]  --- 性能未提升。丢弃该候选模型，继续尝试。---
2025-09-16 18:29:12,618 [INFO ]  --- 尝试添加第 15 个子模型 (总尝试次数: 16/30) ---
2025-09-16 18:29:23,338 [INFO ]      Epoch 050 | 当前 Val RMSE: 0.561912
2025-09-16 18:29:34,788 [INFO ]      Epoch 100 | 当前 Val RMSE: 0.561750
2025-09-16 18:29:46,188 [INFO ]      Epoch 150 | 当前 Val RMSE: 0.561661
2025-09-16 18:29:57,392 [INFO ]      Epoch 200 | 当前 Val RMSE: 0.561429
2025-09-16 18:30:08,798 [INFO ]      Epoch 250 | 当前 Val RMSE: 0.561047
2025-09-16 18:30:20,202 [INFO ]      Epoch 300 | 当前 Val RMSE: 0.560795
2025-09-16 18:30:31,424 [INFO ]      Epoch 350 | 当前 Val RMSE: 0.560690
2025-09-16 18:30:42,608 [INFO ]      Epoch 400 | 当前 Val RMSE: 0.560824
2025-09-16 18:30:54,163 [INFO ]      Epoch 450 | 当前 Val RMSE: 0.560747
2025-09-16 18:31:05,662 [INFO ]      Epoch 500 | 当前 Val RMSE: 0.560625
2025-09-16 18:31:16,711 [INFO ]      Epoch 550 | 当前 Val RMSE: 0.560595
2025-09-16 18:31:27,892 [INFO ]      Epoch 600 | 当前 Val RMSE: 0.560559
2025-09-16 18:31:34,730 [INFO ]  --- 候选模型早停触发！---
2025-09-16 18:31:34,731 [INFO ]  候选模型训练完毕，正在评估其对整体性能的贡献...
2025-09-16 18:31:34,780 [INFO ]  加入候选模型后，测试集 RMSE 为: 0.547364
2025-09-16 18:31:34,780 [INFO ]  当前最佳模型的测试集 RMSE 为: 0.547601
2025-09-16 18:31:34,788 [INFO ]  *** 性能提升！采纳新模型。当前模型大小: 15, 新的最佳 RMSE: 0.547364 ***
2025-09-16 18:31:34,788 [INFO ]  --- 尝试添加第 16 个子模型 (总尝试次数: 17/30) ---
2025-09-16 18:31:46,514 [INFO ]      Epoch 050 | 当前 Val RMSE: 0.559934
2025-09-16 18:31:58,360 [INFO ]      Epoch 100 | 当前 Val RMSE: 0.559944
2025-09-16 18:32:09,993 [INFO ]      Epoch 150 | 当前 Val RMSE: 0.559934
2025-09-16 18:32:21,963 [INFO ]      Epoch 200 | 当前 Val RMSE: 0.560034
2025-09-16 18:32:26,200 [INFO ]  --- 候选模型早停触发！---
2025-09-16 18:32:26,200 [INFO ]  候选模型训练完毕，正在评估其对整体性能的贡献...
2025-09-16 18:32:26,256 [INFO ]  加入候选模型后，测试集 RMSE 为: 0.547303
2025-09-16 18:32:26,256 [INFO ]  当前最佳模型的测试集 RMSE 为: 0.547364
2025-09-16 18:32:26,264 [INFO ]  *** 性能提升！采纳新模型。当前模型大小: 16, 新的最佳 RMSE: 0.547303 ***
2025-09-16 18:32:26,264 [INFO ]  --- 尝试添加第 17 个子模型 (总尝试次数: 18/30) ---
2025-09-16 18:32:38,629 [INFO ]      Epoch 050 | 当前 Val RMSE: 0.559510
2025-09-16 18:32:50,530 [INFO ]      Epoch 100 | 当前 Val RMSE: 0.559504
2025-09-16 18:33:02,362 [INFO ]      Epoch 150 | 当前 Val RMSE: 0.559445
2025-09-16 18:33:14,806 [INFO ]      Epoch 200 | 当前 Val RMSE: 0.559326
2025-09-16 18:33:26,944 [INFO ]      Epoch 250 | 当前 Val RMSE: 0.559289
2025-09-16 18:33:39,005 [INFO ]      Epoch 300 | 当前 Val RMSE: 0.559136
2025-09-16 18:33:50,911 [INFO ]      Epoch 350 | 当前 Val RMSE: 0.558881
2025-09-16 18:34:02,762 [INFO ]      Epoch 400 | 当前 Val RMSE: 0.558859
2025-09-16 18:34:14,675 [INFO ]      Epoch 450 | 当前 Val RMSE: 0.558618
2025-09-16 18:34:26,766 [INFO ]      Epoch 500 | 当前 Val RMSE: 0.558547
2025-09-16 18:34:39,211 [INFO ]      Epoch 550 | 当前 Val RMSE: 0.558418
2025-09-16 18:34:51,313 [INFO ]      Epoch 600 | 当前 Val RMSE: 0.558414
2025-09-16 18:35:03,295 [INFO ]      Epoch 650 | 当前 Val RMSE: 0.558361
2025-09-16 18:35:15,379 [INFO ]      Epoch 700 | 当前 Val RMSE: 0.558335
2025-09-16 18:35:27,403 [INFO ]      Epoch 750 | 当前 Val RMSE: 0.558319
2025-09-16 18:35:39,637 [INFO ]      Epoch 800 | 当前 Val RMSE: 0.558312
2025-09-16 18:35:51,721 [INFO ]      Epoch 850 | 当前 Val RMSE: 0.558305
2025-09-16 18:36:03,967 [INFO ]      Epoch 900 | 当前 Val RMSE: 0.558301
2025-09-16 18:36:16,142 [INFO ]      Epoch 950 | 当前 Val RMSE: 0.558301
2025-09-16 18:36:28,382 [INFO ]      Epoch 1000 | 当前 Val RMSE: 0.558300
2025-09-16 18:36:28,382 [INFO ]  候选模型训练完毕，正在评估其对整体性能的贡献...
2025-09-16 18:36:28,437 [INFO ]  加入候选模型后，测试集 RMSE 为: 0.547517
2025-09-16 18:36:28,437 [INFO ]  当前最佳模型的测试集 RMSE 为: 0.547303
2025-09-16 18:36:28,437 [INFO ]  --- 性能未提升。丢弃该候选模型，继续尝试。---
2025-09-16 18:36:28,438 [INFO ]  --- 尝试添加第 17 个子模型 (总尝试次数: 19/30) ---
2025-09-16 18:36:40,636 [INFO ]      Epoch 050 | 当前 Val RMSE: 0.560014
2025-09-16 18:36:52,579 [INFO ]      Epoch 100 | 当前 Val RMSE: 0.559960
2025-09-16 18:37:04,525 [INFO ]      Epoch 150 | 当前 Val RMSE: 0.559931
2025-09-16 18:37:16,583 [INFO ]      Epoch 200 | 当前 Val RMSE: 0.559889
2025-09-16 18:37:29,109 [INFO ]      Epoch 250 | 当前 Val RMSE: 0.559863
2025-09-16 18:37:41,286 [INFO ]      Epoch 300 | 当前 Val RMSE: 0.559826
2025-09-16 18:37:53,347 [INFO ]      Epoch 350 | 当前 Val RMSE: 0.559801
2025-09-16 18:38:05,760 [INFO ]      Epoch 400 | 当前 Val RMSE: 0.559772
2025-09-16 18:38:17,927 [INFO ]      Epoch 450 | 当前 Val RMSE: 0.559753
2025-09-16 18:38:30,084 [INFO ]      Epoch 500 | 当前 Val RMSE: 0.559733
2025-09-16 18:38:42,334 [INFO ]      Epoch 550 | 当前 Val RMSE: 0.559721
2025-09-16 18:38:54,588 [INFO ]      Epoch 600 | 当前 Val RMSE: 0.559711
2025-09-16 18:39:06,806 [INFO ]      Epoch 650 | 当前 Val RMSE: 0.559696
2025-09-16 18:39:19,027 [INFO ]      Epoch 700 | 当前 Val RMSE: 0.559687
2025-09-16 18:39:31,177 [INFO ]      Epoch 750 | 当前 Val RMSE: 0.559684
2025-09-16 18:39:43,442 [INFO ]      Epoch 800 | 当前 Val RMSE: 0.559682
2025-09-16 18:39:55,666 [INFO ]      Epoch 850 | 当前 Val RMSE: 0.559680
2025-09-16 18:40:07,792 [INFO ]      Epoch 900 | 当前 Val RMSE: 0.559679
2025-09-16 18:40:20,178 [INFO ]      Epoch 950 | 当前 Val RMSE: 0.559679
2025-09-16 18:40:32,553 [INFO ]      Epoch 1000 | 当前 Val RMSE: 0.559679
2025-09-16 18:40:32,553 [INFO ]  候选模型训练完毕，正在评估其对整体性能的贡献...
2025-09-16 18:40:32,607 [INFO ]  加入候选模型后，测试集 RMSE 为: 0.546850
2025-09-16 18:40:32,607 [INFO ]  当前最佳模型的测试集 RMSE 为: 0.547303
2025-09-16 18:40:32,616 [INFO ]  *** 性能提升！采纳新模型。当前模型大小: 17, 新的最佳 RMSE: 0.546850 ***
2025-09-16 18:40:32,616 [INFO ]  --- 尝试添加第 18 个子模型 (总尝试次数: 20/30) ---
2025-09-16 18:40:45,243 [INFO ]      Epoch 050 | 当前 Val RMSE: 0.559783
2025-09-16 18:40:57,706 [INFO ]      Epoch 100 | 当前 Val RMSE: 0.559679
2025-09-16 18:41:10,473 [INFO ]      Epoch 150 | 当前 Val RMSE: 0.559448
2025-09-16 18:41:23,408 [INFO ]      Epoch 200 | 当前 Val RMSE: 0.582796
2025-09-16 18:41:35,851 [INFO ]      Epoch 250 | 当前 Val RMSE: 0.578301
2025-09-16 18:41:48,248 [INFO ]      Epoch 300 | 当前 Val RMSE: 0.577639
2025-09-16 18:42:00,960 [INFO ]      Epoch 350 | 当前 Val RMSE: 0.577138
2025-09-16 18:42:11,432 [INFO ]  --- 候选模型早停触发！---
2025-09-16 18:42:11,433 [INFO ]  候选模型训练完毕，正在评估其对整体性能的贡献...
2025-09-16 18:42:11,490 [INFO ]  加入候选模型后，测试集 RMSE 为: 0.546517
2025-09-16 18:42:11,490 [INFO ]  当前最佳模型的测试集 RMSE 为: 0.546850
2025-09-16 18:42:11,499 [INFO ]  *** 性能提升！采纳新模型。当前模型大小: 18, 新的最佳 RMSE: 0.546517 ***
2025-09-16 18:42:11,499 [INFO ]  --- 尝试添加第 19 个子模型 (总尝试次数: 21/30) ---
2025-09-16 18:42:24,311 [INFO ]      Epoch 050 | 当前 Val RMSE: 0.558911
2025-09-16 18:42:37,448 [INFO ]      Epoch 100 | 当前 Val RMSE: 0.558956
2025-09-16 18:42:50,368 [INFO ]      Epoch 150 | 当前 Val RMSE: 0.558552
2025-09-16 18:43:03,110 [INFO ]      Epoch 200 | 当前 Val RMSE: 0.559295
2025-09-16 18:43:16,079 [INFO ]      Epoch 250 | 当前 Val RMSE: 0.559111
2025-09-16 18:43:28,807 [INFO ]      Epoch 300 | 当前 Val RMSE: 0.558946
2025-09-16 18:43:41,721 [INFO ]      Epoch 350 | 当前 Val RMSE: 0.558810
2025-09-16 18:43:41,954 [INFO ]  --- 候选模型早停触发！---
2025-09-16 18:43:41,955 [INFO ]  候选模型训练完毕，正在评估其对整体性能的贡献...
2025-09-16 18:43:42,015 [INFO ]  加入候选模型后，测试集 RMSE 为: 0.546473
2025-09-16 18:43:42,015 [INFO ]  当前最佳模型的测试集 RMSE 为: 0.546517
2025-09-16 18:43:42,025 [INFO ]  *** 性能提升！采纳新模型。当前模型大小: 19, 新的最佳 RMSE: 0.546473 ***
2025-09-16 18:43:42,025 [INFO ]  --- 尝试添加第 20 个子模型 (总尝试次数: 22/30) ---
2025-09-16 18:43:55,208 [INFO ]      Epoch 050 | 当前 Val RMSE: 0.558520
2025-09-16 18:44:08,492 [INFO ]      Epoch 100 | 当前 Val RMSE: 0.558499
2025-09-16 18:44:21,945 [INFO ]      Epoch 150 | 当前 Val RMSE: 0.558502
2025-09-16 18:44:35,342 [INFO ]      Epoch 200 | 当前 Val RMSE: 0.558500
2025-09-16 18:44:48,710 [INFO ]      Epoch 250 | 当前 Val RMSE: 0.558500
2025-09-16 18:45:02,120 [INFO ]      Epoch 300 | 当前 Val RMSE: 0.558465
2025-09-16 18:45:15,296 [INFO ]      Epoch 350 | 当前 Val RMSE: 0.558442
2025-09-16 18:45:28,815 [INFO ]      Epoch 400 | 当前 Val RMSE: 0.558410
2025-09-16 18:45:42,143 [INFO ]      Epoch 450 | 当前 Val RMSE: 0.558388
2025-09-16 18:45:55,579 [INFO ]      Epoch 500 | 当前 Val RMSE: 0.558366
2025-09-16 18:46:08,770 [INFO ]      Epoch 550 | 当前 Val RMSE: 0.558353
2025-09-16 18:46:21,732 [INFO ]      Epoch 600 | 当前 Val RMSE: 0.558348
2025-09-16 18:46:34,592 [INFO ]      Epoch 650 | 当前 Val RMSE: 0.558341
2025-09-16 18:46:47,448 [INFO ]      Epoch 700 | 当前 Val RMSE: 0.558340
2025-09-16 18:47:00,531 [INFO ]      Epoch 750 | 当前 Val RMSE: 0.558340
2025-09-16 18:47:13,363 [INFO ]      Epoch 800 | 当前 Val RMSE: 0.558337
2025-09-16 18:47:26,589 [INFO ]      Epoch 850 | 当前 Val RMSE: 0.558337
2025-09-16 18:47:39,211 [INFO ]      Epoch 900 | 当前 Val RMSE: 0.558338
2025-09-16 18:47:41,769 [INFO ]  --- 候选模型早停触发！---
2025-09-16 18:47:41,770 [INFO ]  候选模型训练完毕，正在评估其对整体性能的贡献...
2025-09-16 18:47:41,827 [INFO ]  加入候选模型后，测试集 RMSE 为: 0.545913
2025-09-16 18:47:41,827 [INFO ]  当前最佳模型的测试集 RMSE 为: 0.546473
2025-09-16 18:47:41,837 [INFO ]  *** 性能提升！采纳新模型。当前模型大小: 20, 新的最佳 RMSE: 0.545913 ***
2025-09-16 18:47:41,837 [INFO ]  --- 尝试添加第 21 个子模型 (总尝试次数: 23/30) ---
2025-09-16 18:47:54,560 [INFO ]      Epoch 050 | 当前 Val RMSE: 0.558548
2025-09-16 18:48:07,380 [INFO ]      Epoch 100 | 当前 Val RMSE: 0.558700
2025-09-16 18:48:20,292 [INFO ]      Epoch 150 | 当前 Val RMSE: 0.558880
2025-09-16 18:48:33,132 [INFO ]      Epoch 200 | 当前 Val RMSE: 0.558070
2025-09-16 18:48:45,786 [INFO ]      Epoch 250 | 当前 Val RMSE: 0.557914
2025-09-16 18:48:58,734 [INFO ]      Epoch 300 | 当前 Val RMSE: 0.557796
2025-09-16 18:49:11,377 [INFO ]      Epoch 350 | 当前 Val RMSE: 0.557714
2025-09-16 18:49:24,026 [INFO ]      Epoch 400 | 当前 Val RMSE: 0.557625
2025-09-16 18:49:36,645 [INFO ]      Epoch 450 | 当前 Val RMSE: 0.557551
2025-09-16 18:49:49,360 [INFO ]      Epoch 500 | 当前 Val RMSE: 0.557498
2025-09-16 18:50:02,297 [INFO ]      Epoch 550 | 当前 Val RMSE: 0.557470
2025-09-16 18:50:15,222 [INFO ]      Epoch 600 | 当前 Val RMSE: 0.557463
2025-09-16 18:50:28,097 [INFO ]      Epoch 650 | 当前 Val RMSE: 0.557457
2025-09-16 18:50:41,068 [INFO ]      Epoch 700 | 当前 Val RMSE: 0.557468
2025-09-16 18:50:53,957 [INFO ]      Epoch 750 | 当前 Val RMSE: 0.557488
2025-09-16 18:51:07,334 [INFO ]      Epoch 800 | 当前 Val RMSE: 0.557513
2025-09-16 18:51:17,564 [INFO ]  --- 候选模型早停触发！---
2025-09-16 18:51:17,565 [INFO ]  候选模型训练完毕，正在评估其对整体性能的贡献...
2025-09-16 18:51:17,624 [INFO ]  加入候选模型后，测试集 RMSE 为: 0.544606
2025-09-16 18:51:17,624 [INFO ]  当前最佳模型的测试集 RMSE 为: 0.545913
2025-09-16 18:51:17,634 [INFO ]  *** 性能提升！采纳新模型。当前模型大小: 21, 新的最佳 RMSE: 0.544606 ***
2025-09-16 18:51:17,634 [INFO ]  --- 尝试添加第 22 个子模型 (总尝试次数: 24/30) ---
2025-09-16 18:51:30,613 [INFO ]      Epoch 050 | 当前 Val RMSE: 0.557316
2025-09-16 18:51:43,645 [INFO ]      Epoch 100 | 当前 Val RMSE: 0.557232
2025-09-16 18:51:56,695 [INFO ]      Epoch 150 | 当前 Val RMSE: 0.557272
2025-09-16 18:52:09,714 [INFO ]      Epoch 200 | 当前 Val RMSE: 0.557264
2025-09-16 18:52:22,880 [INFO ]      Epoch 250 | 当前 Val RMSE: 0.557247
2025-09-16 18:52:35,936 [INFO ]      Epoch 300 | 当前 Val RMSE: 0.557210
2025-09-16 18:52:49,287 [INFO ]      Epoch 350 | 当前 Val RMSE: 0.557193
2025-09-16 18:53:03,043 [INFO ]      Epoch 400 | 当前 Val RMSE: 0.557172
2025-09-16 18:53:16,615 [INFO ]      Epoch 450 | 当前 Val RMSE: 0.557154
2025-09-16 18:53:30,202 [INFO ]      Epoch 500 | 当前 Val RMSE: 0.557132
2025-09-16 18:53:43,527 [INFO ]      Epoch 550 | 当前 Val RMSE: 0.557117
2025-09-16 18:53:56,670 [INFO ]      Epoch 600 | 当前 Val RMSE: 0.557097
2025-09-16 18:54:09,851 [INFO ]      Epoch 650 | 当前 Val RMSE: 0.557081
2025-09-16 18:54:22,893 [INFO ]      Epoch 700 | 当前 Val RMSE: 0.557073
2025-09-16 18:54:35,928 [INFO ]      Epoch 750 | 当前 Val RMSE: 0.557063
2025-09-16 18:54:48,962 [INFO ]      Epoch 800 | 当前 Val RMSE: 0.557053
2025-09-16 18:55:02,207 [INFO ]      Epoch 850 | 当前 Val RMSE: 0.557048
2025-09-16 18:55:15,240 [INFO ]      Epoch 900 | 当前 Val RMSE: 0.557044
2025-09-16 18:55:28,431 [INFO ]      Epoch 950 | 当前 Val RMSE: 0.557043
2025-09-16 18:55:41,449 [INFO ]      Epoch 1000 | 当前 Val RMSE: 0.557043
2025-09-16 18:55:41,449 [INFO ]  候选模型训练完毕，正在评估其对整体性能的贡献...
2025-09-16 18:55:41,512 [INFO ]  加入候选模型后，测试集 RMSE 为: 0.544405
2025-09-16 18:55:41,512 [INFO ]  当前最佳模型的测试集 RMSE 为: 0.544606
2025-09-16 18:55:41,522 [INFO ]  *** 性能提升！采纳新模型。当前模型大小: 22, 新的最佳 RMSE: 0.544405 ***
2025-09-16 18:55:41,523 [INFO ]  --- 尝试添加第 23 个子模型 (总尝试次数: 25/30) ---
2025-09-16 18:55:54,576 [INFO ]      Epoch 050 | 当前 Val RMSE: 0.556918
2025-09-16 18:56:08,064 [INFO ]      Epoch 100 | 当前 Val RMSE: 0.556931
2025-09-16 18:56:21,446 [INFO ]      Epoch 150 | 当前 Val RMSE: 0.556887
2025-09-16 18:56:34,965 [INFO ]      Epoch 200 | 当前 Val RMSE: 0.556867
2025-09-16 18:56:48,388 [INFO ]      Epoch 250 | 当前 Val RMSE: 0.556821
2025-09-16 18:57:02,228 [INFO ]      Epoch 300 | 当前 Val RMSE: 0.556811
2025-09-16 18:57:15,597 [INFO ]      Epoch 350 | 当前 Val RMSE: 0.556880
2025-09-16 18:57:29,036 [INFO ]      Epoch 400 | 当前 Val RMSE: 0.556726
2025-09-16 18:57:42,537 [INFO ]      Epoch 450 | 当前 Val RMSE: 0.556648
2025-09-16 18:57:56,360 [INFO ]      Epoch 500 | 当前 Val RMSE: 0.556379
2025-09-16 18:58:09,960 [INFO ]      Epoch 550 | 当前 Val RMSE: 0.667127
2025-09-16 18:58:23,759 [INFO ]      Epoch 600 | 当前 Val RMSE: 0.666841
2025-09-16 18:58:37,302 [INFO ]      Epoch 650 | 当前 Val RMSE: 0.666561
2025-09-16 18:58:49,605 [INFO ]  --- 候选模型早停触发！---
2025-09-16 18:58:49,606 [INFO ]  候选模型训练完毕，正在评估其对整体性能的贡献...
2025-09-16 18:58:49,671 [INFO ]  加入候选模型后，测试集 RMSE 为: 0.543889
2025-09-16 18:58:49,671 [INFO ]  当前最佳模型的测试集 RMSE 为: 0.544405
2025-09-16 18:58:49,682 [INFO ]  *** 性能提升！采纳新模型。当前模型大小: 23, 新的最佳 RMSE: 0.543889 ***
2025-09-16 18:58:49,682 [INFO ]  --- 尝试添加第 24 个子模型 (总尝试次数: 26/30) ---
2025-09-16 18:59:03,911 [INFO ]      Epoch 050 | 当前 Val RMSE: 0.556365
2025-09-16 18:59:17,972 [INFO ]      Epoch 100 | 当前 Val RMSE: 0.556347
2025-09-16 18:59:31,982 [INFO ]      Epoch 150 | 当前 Val RMSE: 0.556455
2025-09-16 18:59:45,850 [INFO ]      Epoch 200 | 当前 Val RMSE: 0.556511
2025-09-16 18:59:59,689 [INFO ]      Epoch 250 | 当前 Val RMSE: 0.556487
2025-09-16 19:00:10,296 [INFO ]  --- 候选模型早停触发！---
2025-09-16 19:00:10,297 [INFO ]  候选模型训练完毕，正在评估其对整体性能的贡献...
2025-09-16 19:00:10,364 [INFO ]  加入候选模型后，测试集 RMSE 为: 0.543801
2025-09-16 19:00:10,364 [INFO ]  当前最佳模型的测试集 RMSE 为: 0.543889
2025-09-16 19:00:10,376 [INFO ]  *** 性能提升！采纳新模型。当前模型大小: 24, 新的最佳 RMSE: 0.543801 ***
2025-09-16 19:00:10,376 [INFO ]  --- 尝试添加第 25 个子模型 (总尝试次数: 27/30) ---
2025-09-16 19:00:24,683 [INFO ]      Epoch 050 | 当前 Val RMSE: 0.556152
2025-09-16 19:00:39,445 [INFO ]      Epoch 100 | 当前 Val RMSE: 0.556037
2025-09-16 19:00:53,792 [INFO ]      Epoch 150 | 当前 Val RMSE: 0.555926
2025-09-16 19:01:07,856 [INFO ]      Epoch 200 | 当前 Val RMSE: 0.555798
2025-09-16 19:01:21,957 [INFO ]      Epoch 250 | 当前 Val RMSE: 0.555724
2025-09-16 19:01:36,234 [INFO ]      Epoch 300 | 当前 Val RMSE: 0.555611
2025-09-16 19:01:50,538 [INFO ]      Epoch 350 | 当前 Val RMSE: 0.555567
2025-09-16 19:02:04,881 [INFO ]      Epoch 400 | 当前 Val RMSE: 0.555585
2025-09-16 19:02:19,135 [INFO ]      Epoch 450 | 当前 Val RMSE: 0.555646
2025-09-16 19:02:33,380 [INFO ]      Epoch 500 | 当前 Val RMSE: 0.555734
2025-09-16 19:02:47,444 [INFO ]      Epoch 550 | 当前 Val RMSE: 0.555578
2025-09-16 19:03:01,695 [INFO ]      Epoch 600 | 当前 Val RMSE: 0.555644
2025-09-16 19:03:15,780 [INFO ]      Epoch 650 | 当前 Val RMSE: 0.555756
2025-09-16 19:03:29,800 [INFO ]      Epoch 700 | 当前 Val RMSE: 0.555971
2025-09-16 19:03:34,884 [INFO ]  --- 候选模型早停触发！---
2025-09-16 19:03:34,884 [INFO ]  候选模型训练完毕，正在评估其对整体性能的贡献...
2025-09-16 19:03:34,953 [INFO ]  加入候选模型后，测试集 RMSE 为: 0.543130
2025-09-16 19:03:34,953 [INFO ]  当前最佳模型的测试集 RMSE 为: 0.543801
2025-09-16 19:03:34,964 [INFO ]  *** 性能提升！采纳新模型。当前模型大小: 25, 新的最佳 RMSE: 0.543130 ***
2025-09-16 19:03:34,965 [INFO ]  --- 尝试添加第 26 个子模型 (总尝试次数: 28/30) ---
2025-09-16 19:03:49,114 [INFO ]      Epoch 050 | 当前 Val RMSE: 0.555311
2025-09-16 19:04:03,763 [INFO ]      Epoch 100 | 当前 Val RMSE: 0.555377
2025-09-16 19:04:18,275 [INFO ]      Epoch 150 | 当前 Val RMSE: 0.555194
2025-09-16 19:04:32,867 [INFO ]      Epoch 200 | 当前 Val RMSE: 0.554771
2025-09-16 19:04:47,518 [INFO ]      Epoch 250 | 当前 Val RMSE: 0.554716
2025-09-16 19:05:02,153 [INFO ]      Epoch 300 | 当前 Val RMSE: 0.554611
2025-09-16 19:05:16,711 [INFO ]      Epoch 350 | 当前 Val RMSE: 0.554512
2025-09-16 19:05:31,363 [INFO ]      Epoch 400 | 当前 Val RMSE: 0.554376
2025-09-16 19:05:46,045 [INFO ]      Epoch 450 | 当前 Val RMSE: 0.554219
2025-09-16 19:06:00,761 [INFO ]      Epoch 500 | 当前 Val RMSE: 0.554465
2025-09-16 19:06:15,425 [INFO ]      Epoch 550 | 当前 Val RMSE: 0.554517
2025-09-16 19:06:30,062 [INFO ]      Epoch 600 | 当前 Val RMSE: 0.554585
2025-09-16 19:06:35,495 [INFO ]  --- 候选模型早停触发！---
2025-09-16 19:06:35,495 [INFO ]  候选模型训练完毕，正在评估其对整体性能的贡献...
2025-09-16 19:06:35,670 [INFO ]  加入候选模型后，测试集 RMSE 为: 0.542602
2025-09-16 19:06:35,670 [INFO ]  当前最佳模型的测试集 RMSE 为: 0.543130
2025-09-16 19:06:35,682 [INFO ]  *** 性能提升！采纳新模型。当前模型大小: 26, 新的最佳 RMSE: 0.542602 ***
2025-09-16 19:06:35,682 [INFO ]  --- 尝试添加第 27 个子模型 (总尝试次数: 29/30) ---
2025-09-16 19:06:50,417 [INFO ]      Epoch 050 | 当前 Val RMSE: 0.554308
2025-09-16 19:07:05,538 [INFO ]      Epoch 100 | 当前 Val RMSE: 0.554224
2025-09-16 19:07:20,440 [INFO ]      Epoch 150 | 当前 Val RMSE: 0.554210
2025-09-16 19:07:35,333 [INFO ]      Epoch 200 | 当前 Val RMSE: 0.554205
2025-09-16 19:07:50,419 [INFO ]      Epoch 250 | 当前 Val RMSE: 0.554179
2025-09-16 19:08:05,513 [INFO ]      Epoch 300 | 当前 Val RMSE: 0.554177
2025-09-16 19:08:20,541 [INFO ]      Epoch 350 | 当前 Val RMSE: 0.554403
2025-09-16 19:08:35,609 [INFO ]      Epoch 400 | 当前 Val RMSE: 0.554532
2025-09-16 19:08:50,671 [INFO ]      Epoch 450 | 当前 Val RMSE: 0.554473
2025-09-16 19:09:02,196 [INFO ]  --- 候选模型早停触发！---
2025-09-16 19:09:02,196 [INFO ]  候选模型训练完毕，正在评估其对整体性能的贡献...
2025-09-16 19:09:02,269 [INFO ]  加入候选模型后，测试集 RMSE 为: 0.542569
2025-09-16 19:09:02,269 [INFO ]  当前最佳模型的测试集 RMSE 为: 0.542602
2025-09-16 19:09:02,281 [INFO ]  *** 性能提升！采纳新模型。当前模型大小: 27, 新的最佳 RMSE: 0.542569 ***
2025-09-16 19:09:02,282 [INFO ]  --- 尝试添加第 28 个子模型 (总尝试次数: 30/30) ---
2025-09-16 19:09:17,231 [INFO ]      Epoch 050 | 当前 Val RMSE: 0.554085
2025-09-16 19:09:32,750 [INFO ]      Epoch 100 | 当前 Val RMSE: 0.554024
2025-09-16 19:09:48,153 [INFO ]      Epoch 150 | 当前 Val RMSE: 0.553949
2025-09-16 19:10:03,760 [INFO ]      Epoch 200 | 当前 Val RMSE: 0.554144
2025-09-16 19:10:19,109 [INFO ]      Epoch 250 | 当前 Val RMSE: 0.554112
2025-09-16 19:10:34,527 [INFO ]      Epoch 300 | 当前 Val RMSE: 0.554106
2025-09-16 19:10:47,182 [INFO ]  --- 候选模型早停触发！---
2025-09-16 19:10:47,182 [INFO ]  候选模型训练完毕，正在评估其对整体性能的贡献...
2025-09-16 19:10:47,369 [INFO ]  加入候选模型后，测试集 RMSE 为: 0.542479
2025-09-16 19:10:47,369 [INFO ]  当前最佳模型的测试集 RMSE 为: 0.542569
2025-09-16 19:10:47,382 [INFO ]  *** 性能提升！采纳新模型。当前模型大小: 28, 新的最佳 RMSE: 0.542479 ***
2025-09-16 19:10:47,382 [INFO ]  训练结束。最佳模型大小: 28, RMSE: 0.5425
2025-09-16 19:10:47,407 [INFO ]  最佳模型已保存到 best_california_housing_regressor_3.pth
2025-09-16 19:10:47,408 [INFO ]  总训练时间: 3765.44 秒。最终最佳测试集RMSE: 0.5425
2025-09-16 19:10:47,552 [INFO ]  预测结果散点图已保存至 california_housing_predictions_3.png
2025-09-16 19:10:47,552 [INFO ]  
========================================
2025-09-16 19:10:47,552 [INFO ]    验证已保存的最佳模型...
2025-09-16 19:10:47,552 [INFO ]  ========================================
2025-09-16 19:10:47,561 [INFO ]  CoFrNetRegressor 初始化完毕，将在 cuda 上运行。
2025-09-16 19:10:47,578 [INFO ]  模型从 best_california_housing_regressor_3.pth 加载成功。大小: 28, RMSE: 0.5425
2025-09-16 19:10:47,654 [INFO ]  加载后的模型在测试集上的验证 RMSE: 0.5425
2025-09-16 19:10:47,654 [INFO ]  验证成功! 模型可以被正确保存和复用。
