2025-11-12 16:24:32,152 - INFO - 日志将同时输出到控制台和文件: function_fitting_results/Associated_Legendre_m1.log
2025-11-12 16:24:32,152 - INFO - 
============================================================
正在开始拟合任务: Associated_Legendre_m1
============================================================
2025-11-12 16:24:32,153 - INFO - 生成了 1564 个有效数据点。
2025-11-12 16:24:32,154 - INFO - CoFrNetRegressor_MoE (Rollback Logic) 初始化完毕，将在 cuda 上运行。
2025-11-12 16:24:32,154 - INFO - 
--- 正在尝试构建 1 个专家的模型 ---
2025-11-12 16:24:32,154 - INFO -   使用数据均值作为第一个专家的 RBF 中心。
2025-11-12 16:24:32,155 - INFO - 已向候选模型添加新专家。当前专家总数: 1
2025-11-12 16:24:36,901 - INFO -   早停触发 (Epoch 249)！
2025-11-12 16:24:36,901 - INFO - --- 候选模型 (专家数: 1) 训练完成。本轮最佳 Val RMSE: 1.383655 ---
2025-11-12 16:24:36,902 - INFO - *** 新的最佳模型被接受！专家数: 1, 验证集 RMSE: 1.383655 ***
2025-11-12 16:24:36,902 - INFO - 
--- 正在尝试构建 2 个专家的模型 ---
2025-11-12 16:24:36,902 - INFO -   正在基于当前最佳模型寻找拟合最差的区域...
2025-11-12 16:24:36,908 - INFO -   误差最大的点 (索引 892, Loss: 19.8830) 被选为新中心。
2025-11-12 16:24:36,909 - INFO - 已向候选模型添加新专家。当前专家总数: 2
2025-11-12 16:24:39,136 - INFO -   早停触发 (Epoch 74)！
2025-11-12 16:24:39,136 - INFO - --- 候选模型 (专家数: 2) 训练完成。本轮最佳 Val RMSE: 1.384289 ---
2025-11-12 16:24:39,136 - WARNING - 候选模型未带来提升 (当前最佳 RMSE: 1.383655)。将回滚并基于之前的最佳模型继续探索。
2025-11-12 16:24:39,136 - INFO - 
--- 正在尝试构建 3 个专家的模型 ---
2025-11-12 16:24:39,136 - INFO -   正在基于当前最佳模型寻找拟合最差的区域...
2025-11-12 16:24:39,143 - INFO -   误差最大的点 (索引 892, Loss: 19.8830) 被选为新中心。
2025-11-12 16:24:39,144 - INFO - 已向候选模型添加新专家。当前专家总数: 2
2025-11-12 16:24:40,741 - INFO -   早停触发 (Epoch 56)！
2025-11-12 16:24:40,741 - INFO - --- 候选模型 (专家数: 3) 训练完成。本轮最佳 Val RMSE: 1.384722 ---
2025-11-12 16:24:40,741 - WARNING - 候选模型未带来提升 (当前最佳 RMSE: 1.383655)。将回滚并基于之前的最佳模型继续探索。
2025-11-12 16:24:40,741 - INFO - 
--- 正在尝试构建 4 个专家的模型 ---
2025-11-12 16:24:40,741 - INFO -   正在基于当前最佳模型寻找拟合最差的区域...
2025-11-12 16:24:40,748 - INFO -   误差最大的点 (索引 892, Loss: 19.8830) 被选为新中心。
2025-11-12 16:24:40,749 - INFO - 已向候选模型添加新专家。当前专家总数: 2
2025-11-12 16:24:45,407 - INFO -   早停触发 (Epoch 160)！
2025-11-12 16:24:45,407 - INFO - --- 候选模型 (专家数: 4) 训练完成。本轮最佳 Val RMSE: 1.371014 ---
2025-11-12 16:24:45,408 - INFO - *** 新的最佳模型被接受！专家数: 4, 验证集 RMSE: 1.371014 ***
2025-11-12 16:24:45,408 - INFO - 
--- 正在尝试构建 5 个专家的模型 ---
2025-11-12 16:24:45,408 - INFO -   正在基于当前最佳模型寻找拟合最差的区域...
2025-11-12 16:24:45,417 - INFO -   误差最大的点 (索引 892, Loss: 21.4758) 被选为新中心。
2025-11-12 16:24:45,419 - INFO - 已向候选模型添加新专家。当前专家总数: 3
2025-11-12 16:24:50,740 - INFO -   早停触发 (Epoch 150)！
2025-11-12 16:24:50,740 - INFO - --- 候选模型 (专家数: 5) 训练完成。本轮最佳 Val RMSE: 1.354721 ---
2025-11-12 16:24:50,742 - INFO - *** 新的最佳模型被接受！专家数: 5, 验证集 RMSE: 1.354721 ***
2025-11-12 16:24:50,742 - INFO - 
--- 正在尝试构建 6 个专家的模型 ---
2025-11-12 16:24:50,742 - INFO -   正在基于当前最佳模型寻找拟合最差的区域...
2025-11-12 16:24:50,753 - INFO -   误差最大的点 (索引 1130, Loss: 20.1181) 被选为新中心。
2025-11-12 16:24:50,756 - INFO - 已向候选模型添加新专家。当前专家总数: 4
2025-11-12 16:25:17,244 - INFO -   早停触发 (Epoch 549)！
2025-11-12 16:25:17,245 - INFO - --- 候选模型 (专家数: 6) 训练完成。本轮最佳 Val RMSE: 1.211167 ---
2025-11-12 16:25:17,247 - INFO - *** 新的最佳模型被接受！专家数: 6, 验证集 RMSE: 1.211167 ***
2025-11-12 16:25:17,247 - INFO - 
--- 正在尝试构建 7 个专家的模型 ---
2025-11-12 16:25:17,247 - INFO -   正在基于当前最佳模型寻找拟合最差的区域...
2025-11-12 16:25:17,261 - INFO -   误差最大的点 (索引 892, Loss: 19.4940) 被选为新中心。
2025-11-12 16:25:17,264 - INFO - 已向候选模型添加新专家。当前专家总数: 5
2025-11-12 16:25:37,242 - INFO -   早停触发 (Epoch 359)！
2025-11-12 16:25:37,242 - INFO - --- 候选模型 (专家数: 7) 训练完成。本轮最佳 Val RMSE: 1.166818 ---
2025-11-12 16:25:37,246 - INFO - *** 新的最佳模型被接受！专家数: 7, 验证集 RMSE: 1.166818 ***
2025-11-12 16:25:37,246 - INFO - 
--- 正在尝试构建 8 个专家的模型 ---
2025-11-12 16:25:37,246 - INFO -   正在基于当前最佳模型寻找拟合最差的区域...
2025-11-12 16:25:37,262 - INFO -   误差最大的点 (索引 892, Loss: 19.8475) 被选为新中心。
2025-11-12 16:25:37,266 - INFO - 已向候选模型添加新专家。当前专家总数: 6
2025-11-12 16:25:51,023 - INFO -   早停触发 (Epoch 209)！
2025-11-12 16:25:51,023 - INFO - --- 候选模型 (专家数: 8) 训练完成。本轮最佳 Val RMSE: 1.102785 ---
2025-11-12 16:25:51,027 - INFO - *** 新的最佳模型被接受！专家数: 8, 验证集 RMSE: 1.102785 ***
2025-11-12 16:25:51,027 - INFO - 
--- 正在尝试构建 9 个专家的模型 ---
2025-11-12 16:25:51,027 - INFO -   正在基于当前最佳模型寻找拟合最差的区域...
2025-11-12 16:25:51,046 - INFO -   误差最大的点 (索引 892, Loss: 18.6202) 被选为新中心。
2025-11-12 16:25:51,050 - INFO - 已向候选模型添加新专家。当前专家总数: 7
2025-11-12 16:25:58,447 - INFO -   早停触发 (Epoch 101)！
2025-11-12 16:25:58,447 - INFO - --- 候选模型 (专家数: 9) 训练完成。本轮最佳 Val RMSE: 1.098033 ---
2025-11-12 16:25:58,452 - INFO - *** 新的最佳模型被接受！专家数: 9, 验证集 RMSE: 1.098033 ***
2025-11-12 16:25:58,452 - INFO - 
--- 正在尝试构建 10 个专家的模型 ---
2025-11-12 16:25:58,452 - INFO -   正在基于当前最佳模型寻找拟合最差的区域...
2025-11-12 16:25:58,473 - INFO -   误差最大的点 (索引 892, Loss: 19.5887) 被选为新中心。
2025-11-12 16:25:58,477 - INFO - 已向候选模型添加新专家。当前专家总数: 8
2025-11-12 16:26:08,850 - INFO -   早停触发 (Epoch 125)！
2025-11-12 16:26:08,850 - INFO - --- 候选模型 (专家数: 10) 训练完成。本轮最佳 Val RMSE: 1.085073 ---
2025-11-12 16:26:08,855 - INFO - *** 新的最佳模型被接受！专家数: 10, 验证集 RMSE: 1.085073 ***
2025-11-12 16:26:08,855 - INFO - 
--- 正在尝试构建 11 个专家的模型 ---
2025-11-12 16:26:08,855 - INFO -   正在基于当前最佳模型寻找拟合最差的区域...
2025-11-12 16:26:08,879 - INFO -   误差最大的点 (索引 1130, Loss: 16.0795) 被选为新中心。
2025-11-12 16:26:08,884 - INFO - 已向候选模型添加新专家。当前专家总数: 9
2025-11-12 16:26:16,994 - INFO -   早停触发 (Epoch 89)！
2025-11-12 16:26:16,994 - INFO - --- 候选模型 (专家数: 11) 训练完成。本轮最佳 Val RMSE: 1.109107 ---
2025-11-12 16:26:16,994 - WARNING - 候选模型未带来提升 (当前最佳 RMSE: 1.085073)。将回滚并基于之前的最佳模型继续探索。
2025-11-12 16:26:16,994 - INFO - 
--- 正在尝试构建 12 个专家的模型 ---
2025-11-12 16:26:16,994 - INFO -   正在基于当前最佳模型寻找拟合最差的区域...
2025-11-12 16:26:17,018 - INFO -   误差最大的点 (索引 1130, Loss: 16.0795) 被选为新中心。
2025-11-12 16:26:17,023 - INFO - 已向候选模型添加新专家。当前专家总数: 9
2025-11-12 16:26:28,530 - INFO -   早停触发 (Epoch 125)！
2025-11-12 16:26:28,530 - INFO - --- 候选模型 (专家数: 12) 训练完成。本轮最佳 Val RMSE: 1.113201 ---
2025-11-12 16:26:28,530 - WARNING - 候选模型未带来提升 (当前最佳 RMSE: 1.085073)。将回滚并基于之前的最佳模型继续探索。
2025-11-12 16:26:28,530 - INFO - 
--- 正在尝试构建 13 个专家的模型 ---
2025-11-12 16:26:28,530 - INFO -   正在基于当前最佳模型寻找拟合最差的区域...
2025-11-12 16:26:28,553 - INFO -   误差最大的点 (索引 1130, Loss: 16.0795) 被选为新中心。
2025-11-12 16:26:28,559 - INFO - 已向候选模型添加新专家。当前专家总数: 9
2025-11-12 16:26:41,471 - INFO -   早停触发 (Epoch 143)！
2025-11-12 16:26:41,471 - INFO - --- 候选模型 (专家数: 13) 训练完成。本轮最佳 Val RMSE: 1.110548 ---
2025-11-12 16:26:41,471 - WARNING - 候选模型未带来提升 (当前最佳 RMSE: 1.085073)。将回滚并基于之前的最佳模型继续探索。
2025-11-12 16:26:41,471 - INFO - 
--- 正在尝试构建 14 个专家的模型 ---
2025-11-12 16:26:41,471 - INFO -   正在基于当前最佳模型寻找拟合最差的区域...
2025-11-12 16:26:41,495 - INFO -   误差最大的点 (索引 1130, Loss: 16.0795) 被选为新中心。
2025-11-12 16:26:41,500 - INFO - 已向候选模型添加新专家。当前专家总数: 9
2025-11-12 16:26:48,089 - INFO -   早停触发 (Epoch 72)！
2025-11-12 16:26:48,089 - INFO - --- 候选模型 (专家数: 14) 训练完成。本轮最佳 Val RMSE: 1.091167 ---
2025-11-12 16:26:48,089 - WARNING - 候选模型未带来提升 (当前最佳 RMSE: 1.085073)。将回滚并基于之前的最佳模型继续探索。
2025-11-12 16:26:48,089 - INFO - 
--- 正在尝试构建 15 个专家的模型 ---
2025-11-12 16:26:48,089 - INFO -   正在基于当前最佳模型寻找拟合最差的区域...
2025-11-12 16:26:48,113 - INFO -   误差最大的点 (索引 1130, Loss: 16.0795) 被选为新中心。
2025-11-12 16:26:48,118 - INFO - 已向候选模型添加新专家。当前专家总数: 9
2025-11-12 16:27:08,030 - INFO -   早停触发 (Epoch 217)！
2025-11-12 16:27:08,030 - INFO - --- 候选模型 (专家数: 15) 训练完成。本轮最佳 Val RMSE: 1.083667 ---
2025-11-12 16:27:08,035 - INFO - *** 新的最佳模型被接受！专家数: 15, 验证集 RMSE: 1.083667 ***
2025-11-12 16:27:08,035 - INFO - 
--- 正在尝试构建 16 个专家的模型 ---
2025-11-12 16:27:08,035 - INFO -   正在基于当前最佳模型寻找拟合最差的区域...
2025-11-12 16:27:08,062 - INFO -   误差最大的点 (索引 1130, Loss: 14.1877) 被选为新中心。
2025-11-12 16:27:08,067 - INFO - 已向候选模型添加新专家。当前专家总数: 10
2025-11-12 16:27:17,373 - INFO -   早停触发 (Epoch 92)！
2025-11-12 16:27:17,373 - INFO - --- 候选模型 (专家数: 16) 训练完成。本轮最佳 Val RMSE: 1.102947 ---
2025-11-12 16:27:17,373 - WARNING - 候选模型未带来提升 (当前最佳 RMSE: 1.083667)。将回滚并基于之前的最佳模型继续探索。
2025-11-12 16:27:17,373 - INFO - 
--- 正在尝试构建 17 个专家的模型 ---
2025-11-12 16:27:17,373 - INFO -   正在基于当前最佳模型寻找拟合最差的区域...
2025-11-12 16:27:17,400 - INFO -   误差最大的点 (索引 1130, Loss: 14.1877) 被选为新中心。
2025-11-12 16:27:17,405 - INFO - 已向候选模型添加新专家。当前专家总数: 10
2025-11-12 16:27:23,028 - INFO -   早停触发 (Epoch 57)！
2025-11-12 16:27:23,028 - INFO - --- 候选模型 (专家数: 17) 训练完成。本轮最佳 Val RMSE: 1.149136 ---
2025-11-12 16:27:23,028 - WARNING - 候选模型未带来提升 (当前最佳 RMSE: 1.083667)。将回滚并基于之前的最佳模型继续探索。
2025-11-12 16:27:23,028 - INFO - 
--- 正在尝试构建 18 个专家的模型 ---
2025-11-12 16:27:23,028 - INFO -   正在基于当前最佳模型寻找拟合最差的区域...
2025-11-12 16:27:23,054 - INFO -   误差最大的点 (索引 1130, Loss: 14.1877) 被选为新中心。
2025-11-12 16:27:23,060 - INFO - 已向候选模型添加新专家。当前专家总数: 10
2025-11-12 16:27:35,408 - INFO -   早停触发 (Epoch 129)！
2025-11-12 16:27:35,408 - INFO - --- 候选模型 (专家数: 18) 训练完成。本轮最佳 Val RMSE: 1.203018 ---
2025-11-12 16:27:35,408 - WARNING - 候选模型未带来提升 (当前最佳 RMSE: 1.083667)。将回滚并基于之前的最佳模型继续探索。
2025-11-12 16:27:35,408 - INFO - 
--- 正在尝试构建 19 个专家的模型 ---
2025-11-12 16:27:35,408 - INFO -   正在基于当前最佳模型寻找拟合最差的区域...
2025-11-12 16:27:35,435 - INFO -   误差最大的点 (索引 1130, Loss: 14.1877) 被选为新中心。
2025-11-12 16:27:35,440 - INFO - 已向候选模型添加新专家。当前专家总数: 10
2025-11-12 16:27:41,812 - INFO -   早停触发 (Epoch 68)！
2025-11-12 16:27:41,812 - INFO - --- 候选模型 (专家数: 19) 训练完成。本轮最佳 Val RMSE: 1.144270 ---
2025-11-12 16:27:41,812 - WARNING - 候选模型未带来提升 (当前最佳 RMSE: 1.083667)。将回滚并基于之前的最佳模型继续探索。
2025-11-12 16:27:41,813 - INFO - 
--- 正在尝试构建 20 个专家的模型 ---
2025-11-12 16:27:41,813 - INFO -   正在基于当前最佳模型寻找拟合最差的区域...
2025-11-12 16:27:41,838 - INFO -   误差最大的点 (索引 1130, Loss: 14.1877) 被选为新中心。
2025-11-12 16:27:41,844 - INFO - 已向候选模型添加新专家。当前专家总数: 10
2025-11-12 16:28:10,686 - INFO -   早停触发 (Epoch 296)！
2025-11-12 16:28:10,686 - INFO - --- 候选模型 (专家数: 20) 训练完成。本轮最佳 Val RMSE: 0.969810 ---
2025-11-12 16:28:10,692 - INFO - *** 新的最佳模型被接受！专家数: 20, 验证集 RMSE: 0.969810 ***
2025-11-12 16:28:10,692 - INFO - 
==============================
训练结束。最终模型已确定。
专家数: 10, 最佳 Val RMSE: 0.969810
==============================
2025-11-12 16:28:10,698 - INFO - 迭代式 MoE 回归器 (含 10 个专家) 已保存到 function_fitting_results/Associated_Legendre_m1_model.pth
2025-11-12 16:28:10,699 - INFO - 训练摘要已保存到: function_fitting_results/Associated_Legendre_m1_summary.json
2025-11-12 16:28:10,699 - INFO - 训练完成，正在加载最佳模型并进行可视化...
2025-11-12 16:28:10,702 - INFO - CoFrNetRegressor_MoE (Rollback Logic) 初始化完毕，将在 cuda 上运行。
2025-11-12 16:28:10,703 - INFO - 已向候选模型添加新专家。当前专家总数: 1
2025-11-12 16:28:10,703 - INFO - 已向候选模型添加新专家。当前专家总数: 2
2025-11-12 16:28:10,703 - INFO - 已向候选模型添加新专家。当前专家总数: 3
2025-11-12 16:28:10,704 - INFO - 已向候选模型添加新专家。当前专家总数: 4
2025-11-12 16:28:10,704 - INFO - 已向候选模型添加新专家。当前专家总数: 5
2025-11-12 16:28:10,704 - INFO - 已向候选模型添加新专家。当前专家总数: 6
2025-11-12 16:28:10,705 - INFO - 已向候选模型添加新专家。当前专家总数: 7
2025-11-12 16:28:10,705 - INFO - 已向候选模型添加新专家。当前专家总数: 8
2025-11-12 16:28:10,705 - INFO - 已向候选模型添加新专家。当前专家总数: 9
2025-11-12 16:28:10,705 - INFO - 已向候选模型添加新专家。当前专家总数: 10
2025-11-12 16:28:10,709 - INFO - 回归器从 function_fitting_results/Associated_Legendre_m1_model.pth 加载成功。专家数量: 10
2025-11-12 16:28:11,240 - INFO - 结果图已保存至: function_fitting_results/Associated_Legendre_m1_fit.png
