2025-11-12 16:19:54,810 - INFO - 日志将同时输出到控制台和文件: function_fitting_results/Associated_Legendre_m0.log
2025-11-12 16:19:54,810 - INFO - 
============================================================
正在开始拟合任务: Associated_Legendre_m0
============================================================
2025-11-12 16:19:54,817 - INFO - 生成了 1562 个有效数据点。
2025-11-12 16:19:54,818 - INFO - CoFrNetRegressor_MoE (Rollback Logic) 初始化完毕，将在 cuda 上运行。
2025-11-12 16:19:54,818 - INFO - 
--- 正在尝试构建 1 个专家的模型 ---
2025-11-12 16:19:54,818 - INFO -   使用数据均值作为第一个专家的 RBF 中心。
2025-11-12 16:19:54,819 - INFO - 已向候选模型添加新专家。当前专家总数: 1
2025-11-12 16:19:59,134 - INFO -   早停触发 (Epoch 224)！
2025-11-12 16:19:59,134 - INFO - --- 候选模型 (专家数: 1) 训练完成。本轮最佳 Val RMSE: 0.256129 ---
2025-11-12 16:19:59,135 - INFO - *** 新的最佳模型被接受！专家数: 1, 验证集 RMSE: 0.256129 ***
2025-11-12 16:19:59,135 - INFO - 
--- 正在尝试构建 2 个专家的模型 ---
2025-11-12 16:19:59,135 - INFO -   正在基于当前最佳模型寻找拟合最差的区域...
2025-11-12 16:19:59,142 - INFO -   误差最大的点 (索引 1049, Loss: 0.9229) 被选为新中心。
2025-11-12 16:19:59,143 - INFO - 已向候选模型添加新专家。当前专家总数: 2
2025-11-12 16:20:03,624 - INFO -   早停触发 (Epoch 153)！
2025-11-12 16:20:03,624 - INFO - --- 候选模型 (专家数: 2) 训练完成。本轮最佳 Val RMSE: 0.232541 ---
2025-11-12 16:20:03,626 - INFO - *** 新的最佳模型被接受！专家数: 2, 验证集 RMSE: 0.232541 ***
2025-11-12 16:20:03,626 - INFO - 
--- 正在尝试构建 3 个专家的模型 ---
2025-11-12 16:20:03,626 - INFO -   正在基于当前最佳模型寻找拟合最差的区域...
2025-11-12 16:20:03,635 - INFO -   误差最大的点 (索引 575, Loss: 1.2706) 被选为新中心。
2025-11-12 16:20:03,637 - INFO - 已向候选模型添加新专家。当前专家总数: 3
2025-11-12 16:20:19,585 - INFO -   早停触发 (Epoch 414)！
2025-11-12 16:20:19,585 - INFO - --- 候选模型 (专家数: 3) 训练完成。本轮最佳 Val RMSE: 0.187229 ---
2025-11-12 16:20:19,587 - INFO - *** 新的最佳模型被接受！专家数: 3, 验证集 RMSE: 0.187229 ***
2025-11-12 16:20:19,587 - INFO - 
--- 正在尝试构建 4 个专家的模型 ---
2025-11-12 16:20:19,587 - INFO -   正在基于当前最佳模型寻找拟合最差的区域...
2025-11-12 16:20:19,598 - INFO -   误差最大的点 (索引 1049, Loss: 0.9447) 被选为新中心。
2025-11-12 16:20:19,600 - INFO - 已向候选模型添加新专家。当前专家总数: 4
2025-11-12 16:20:27,931 - INFO -   早停触发 (Epoch 179)！
2025-11-12 16:20:27,931 - INFO - --- 候选模型 (专家数: 4) 训练完成。本轮最佳 Val RMSE: 0.194585 ---
2025-11-12 16:20:27,931 - WARNING - 候选模型未带来提升 (当前最佳 RMSE: 0.187229)。将回滚并基于之前的最佳模型继续探索。
2025-11-12 16:20:27,931 - INFO - 
--- 正在尝试构建 5 个专家的模型 ---
2025-11-12 16:20:27,931 - INFO -   正在基于当前最佳模型寻找拟合最差的区域...
2025-11-12 16:20:27,942 - INFO -   误差最大的点 (索引 1049, Loss: 0.9447) 被选为新中心。
2025-11-12 16:20:27,945 - INFO - 已向候选模型添加新专家。当前专家总数: 4
2025-11-12 16:20:30,819 - INFO -   早停触发 (Epoch 60)！
2025-11-12 16:20:30,819 - INFO - --- 候选模型 (专家数: 5) 训练完成。本轮最佳 Val RMSE: 0.216036 ---
2025-11-12 16:20:30,819 - WARNING - 候选模型未带来提升 (当前最佳 RMSE: 0.187229)。将回滚并基于之前的最佳模型继续探索。
2025-11-12 16:20:30,819 - INFO - 
--- 正在尝试构建 6 个专家的模型 ---
2025-11-12 16:20:30,819 - INFO -   正在基于当前最佳模型寻找拟合最差的区域...
2025-11-12 16:20:30,831 - INFO -   误差最大的点 (索引 1049, Loss: 0.9447) 被选为新中心。
2025-11-12 16:20:30,833 - INFO - 已向候选模型添加新专家。当前专家总数: 4
2025-11-12 16:20:47,382 - INFO -   早停触发 (Epoch 341)！
2025-11-12 16:20:47,383 - INFO - --- 候选模型 (专家数: 6) 训练完成。本轮最佳 Val RMSE: 0.163285 ---
2025-11-12 16:20:47,385 - INFO - *** 新的最佳模型被接受！专家数: 6, 验证集 RMSE: 0.163285 ***
2025-11-12 16:20:47,385 - INFO - 
--- 正在尝试构建 7 个专家的模型 ---
2025-11-12 16:20:47,385 - INFO -   正在基于当前最佳模型寻找拟合最差的区域...
2025-11-12 16:20:47,399 - INFO -   误差最大的点 (索引 1049, Loss: 1.0372) 被选为新中心。
2025-11-12 16:20:47,402 - INFO - 已向候选模型添加新专家。当前专家总数: 5
2025-11-12 16:20:53,775 - INFO -   早停触发 (Epoch 112)！
2025-11-12 16:20:53,775 - INFO - --- 候选模型 (专家数: 7) 训练完成。本轮最佳 Val RMSE: 0.162679 ---
2025-11-12 16:20:53,778 - INFO - *** 新的最佳模型被接受！专家数: 7, 验证集 RMSE: 0.162679 ***
2025-11-12 16:20:53,778 - INFO - 
--- 正在尝试构建 8 个专家的模型 ---
2025-11-12 16:20:53,778 - INFO -   正在基于当前最佳模型寻找拟合最差的区域...
2025-11-12 16:20:53,794 - INFO -   误差最大的点 (索引 1049, Loss: 0.9087) 被选为新中心。
2025-11-12 16:20:53,798 - INFO - 已向候选模型添加新专家。当前专家总数: 6
2025-11-12 16:21:20,654 - INFO -   早停触发 (Epoch 409)！
2025-11-12 16:21:20,654 - INFO - --- 候选模型 (专家数: 8) 训练完成。本轮最佳 Val RMSE: 0.099637 ---
2025-11-12 16:21:20,658 - INFO - *** 新的最佳模型被接受！专家数: 8, 验证集 RMSE: 0.099637 ***
2025-11-12 16:21:20,658 - INFO - 
--- 正在尝试构建 9 个专家的模型 ---
2025-11-12 16:21:20,658 - INFO -   正在基于当前最佳模型寻找拟合最差的区域...
2025-11-12 16:21:20,677 - INFO -   误差最大的点 (索引 1049, Loss: 1.0438) 被选为新中心。
2025-11-12 16:21:20,681 - INFO - 已向候选模型添加新专家。当前专家总数: 7
2025-11-12 16:21:53,832 - INFO -   早停触发 (Epoch 445)！
2025-11-12 16:21:53,832 - INFO - --- 候选模型 (专家数: 9) 训练完成。本轮最佳 Val RMSE: 0.094506 ---
2025-11-12 16:21:53,837 - INFO - *** 新的最佳模型被接受！专家数: 9, 验证集 RMSE: 0.094506 ***
2025-11-12 16:21:53,837 - INFO - 
--- 正在尝试构建 10 个专家的模型 ---
2025-11-12 16:21:53,837 - INFO -   正在基于当前最佳模型寻找拟合最差的区域...
2025-11-12 16:21:53,858 - INFO -   误差最大的点 (索引 1049, Loss: 0.6240) 被选为新中心。
2025-11-12 16:21:53,863 - INFO - 已向候选模型添加新专家。当前专家总数: 8
2025-11-12 16:22:09,148 - INFO -   早停触发 (Epoch 185)！
2025-11-12 16:22:09,148 - INFO - --- 候选模型 (专家数: 10) 训练完成。本轮最佳 Val RMSE: 0.083831 ---
2025-11-12 16:22:09,153 - INFO - *** 新的最佳模型被接受！专家数: 10, 验证集 RMSE: 0.083831 ***
2025-11-12 16:22:09,153 - INFO - 
--- 正在尝试构建 11 个专家的模型 ---
2025-11-12 16:22:09,153 - INFO -   正在基于当前最佳模型寻找拟合最差的区域...
2025-11-12 16:22:09,177 - INFO -   误差最大的点 (索引 1049, Loss: 0.7609) 被选为新中心。
2025-11-12 16:22:09,182 - INFO - 已向候选模型添加新专家。当前专家总数: 9
2025-11-12 16:22:18,954 - INFO -   早停触发 (Epoch 107)！
2025-11-12 16:22:18,954 - INFO - --- 候选模型 (专家数: 11) 训练完成。本轮最佳 Val RMSE: 0.079421 ---
2025-11-12 16:22:18,960 - INFO - *** 新的最佳模型被接受！专家数: 11, 验证集 RMSE: 0.079421 ***
2025-11-12 16:22:18,960 - INFO - 
--- 正在尝试构建 12 个专家的模型 ---
2025-11-12 16:22:18,960 - INFO -   正在基于当前最佳模型寻找拟合最差的区域...
2025-11-12 16:22:18,986 - INFO -   误差最大的点 (索引 859, Loss: 0.6882) 被选为新中心。
2025-11-12 16:22:19,089 - INFO - 已向候选模型添加新专家。当前专家总数: 10
2025-11-12 16:22:31,018 - INFO -   早停触发 (Epoch 120)！
2025-11-12 16:22:31,018 - INFO - --- 候选模型 (专家数: 12) 训练完成。本轮最佳 Val RMSE: 0.080369 ---
2025-11-12 16:22:31,018 - WARNING - 候选模型未带来提升 (当前最佳 RMSE: 0.079421)。将回滚并基于之前的最佳模型继续探索。
2025-11-12 16:22:31,018 - INFO - 
--- 正在尝试构建 13 个专家的模型 ---
2025-11-12 16:22:31,018 - INFO -   正在基于当前最佳模型寻找拟合最差的区域...
2025-11-12 16:22:31,044 - INFO -   误差最大的点 (索引 859, Loss: 0.6882) 被选为新中心。
2025-11-12 16:22:31,050 - INFO - 已向候选模型添加新专家。当前专家总数: 10
2025-11-12 16:22:42,212 - INFO -   早停触发 (Epoch 118)！
2025-11-12 16:22:42,212 - INFO - --- 候选模型 (专家数: 13) 训练完成。本轮最佳 Val RMSE: 0.079471 ---
2025-11-12 16:22:42,212 - WARNING - 候选模型未带来提升 (当前最佳 RMSE: 0.079421)。将回滚并基于之前的最佳模型继续探索。
2025-11-12 16:22:42,212 - INFO - 
--- 正在尝试构建 14 个专家的模型 ---
2025-11-12 16:22:42,212 - INFO -   正在基于当前最佳模型寻找拟合最差的区域...
2025-11-12 16:22:42,238 - INFO -   误差最大的点 (索引 859, Loss: 0.6882) 被选为新中心。
2025-11-12 16:22:42,244 - INFO - 已向候选模型添加新专家。当前专家总数: 10
2025-11-12 16:22:51,330 - INFO -   早停触发 (Epoch 97)！
2025-11-12 16:22:51,330 - INFO - --- 候选模型 (专家数: 14) 训练完成。本轮最佳 Val RMSE: 0.081660 ---
2025-11-12 16:22:51,330 - WARNING - 候选模型未带来提升 (当前最佳 RMSE: 0.079421)。将回滚并基于之前的最佳模型继续探索。
2025-11-12 16:22:51,330 - INFO - 
--- 正在尝试构建 15 个专家的模型 ---
2025-11-12 16:22:51,330 - INFO -   正在基于当前最佳模型寻找拟合最差的区域...
2025-11-12 16:22:51,356 - INFO -   误差最大的点 (索引 859, Loss: 0.6882) 被选为新中心。
2025-11-12 16:22:51,362 - INFO - 已向候选模型添加新专家。当前专家总数: 10
2025-11-12 16:23:06,614 - INFO -   早停触发 (Epoch 159)！
2025-11-12 16:23:06,614 - INFO - --- 候选模型 (专家数: 15) 训练完成。本轮最佳 Val RMSE: 0.080784 ---
2025-11-12 16:23:06,614 - WARNING - 候选模型未带来提升 (当前最佳 RMSE: 0.079421)。将回滚并基于之前的最佳模型继续探索。
2025-11-12 16:23:06,614 - INFO - 
--- 正在尝试构建 16 个专家的模型 ---
2025-11-12 16:23:06,615 - INFO -   正在基于当前最佳模型寻找拟合最差的区域...
2025-11-12 16:23:06,641 - INFO -   误差最大的点 (索引 859, Loss: 0.6882) 被选为新中心。
2025-11-12 16:23:06,646 - INFO - 已向候选模型添加新专家。当前专家总数: 10
2025-11-12 16:23:19,430 - INFO -   早停触发 (Epoch 133)！
2025-11-12 16:23:19,430 - INFO - --- 候选模型 (专家数: 16) 训练完成。本轮最佳 Val RMSE: 0.082292 ---
2025-11-12 16:23:19,430 - WARNING - 候选模型未带来提升 (当前最佳 RMSE: 0.079421)。将回滚并基于之前的最佳模型继续探索。
2025-11-12 16:23:19,430 - INFO - 
--- 正在尝试构建 17 个专家的模型 ---
2025-11-12 16:23:19,430 - INFO -   正在基于当前最佳模型寻找拟合最差的区域...
2025-11-12 16:23:19,456 - INFO -   误差最大的点 (索引 859, Loss: 0.6882) 被选为新中心。
2025-11-12 16:23:19,461 - INFO - 已向候选模型添加新专家。当前专家总数: 10
2025-11-12 16:23:35,600 - INFO -   早停触发 (Epoch 171)！
2025-11-12 16:23:35,600 - INFO - --- 候选模型 (专家数: 17) 训练完成。本轮最佳 Val RMSE: 0.079958 ---
2025-11-12 16:23:35,600 - WARNING - 候选模型未带来提升 (当前最佳 RMSE: 0.079421)。将回滚并基于之前的最佳模型继续探索。
2025-11-12 16:23:35,600 - INFO - 
--- 正在尝试构建 18 个专家的模型 ---
2025-11-12 16:23:35,600 - INFO -   正在基于当前最佳模型寻找拟合最差的区域...
2025-11-12 16:23:35,626 - INFO -   误差最大的点 (索引 859, Loss: 0.6882) 被选为新中心。
2025-11-12 16:23:35,632 - INFO - 已向候选模型添加新专家。当前专家总数: 10
2025-11-12 16:23:51,719 - INFO -   早停触发 (Epoch 168)！
2025-11-12 16:23:51,719 - INFO - --- 候选模型 (专家数: 18) 训练完成。本轮最佳 Val RMSE: 0.076214 ---
2025-11-12 16:23:51,725 - INFO - *** 新的最佳模型被接受！专家数: 18, 验证集 RMSE: 0.076214 ***
2025-11-12 16:23:51,725 - INFO - 
--- 正在尝试构建 19 个专家的模型 ---
2025-11-12 16:23:51,725 - INFO -   正在基于当前最佳模型寻找拟合最差的区域...
2025-11-12 16:23:51,754 - INFO -   误差最大的点 (索引 859, Loss: 0.7524) 被选为新中心。
2025-11-12 16:23:51,760 - INFO - 已向候选模型添加新专家。当前专家总数: 11
2025-11-12 16:24:07,476 - INFO -   早停触发 (Epoch 144)！
2025-11-12 16:24:07,476 - INFO - --- 候选模型 (专家数: 19) 训练完成。本轮最佳 Val RMSE: 0.076367 ---
2025-11-12 16:24:07,476 - WARNING - 候选模型未带来提升 (当前最佳 RMSE: 0.076214)。将回滚并基于之前的最佳模型继续探索。
2025-11-12 16:24:07,476 - INFO - 
--- 正在尝试构建 20 个专家的模型 ---
2025-11-12 16:24:07,476 - INFO -   正在基于当前最佳模型寻找拟合最差的区域...
2025-11-12 16:24:07,505 - INFO -   误差最大的点 (索引 859, Loss: 0.7524) 被选为新中心。
2025-11-12 16:24:07,511 - INFO - 已向候选模型添加新专家。当前专家总数: 11
2025-11-12 16:24:31,592 - INFO -   早停触发 (Epoch 221)！
2025-11-12 16:24:31,592 - INFO - --- 候选模型 (专家数: 20) 训练完成。本轮最佳 Val RMSE: 0.076311 ---
2025-11-12 16:24:31,592 - WARNING - 候选模型未带来提升 (当前最佳 RMSE: 0.076214)。将回滚并基于之前的最佳模型继续探索。
2025-11-12 16:24:31,592 - INFO - 
==============================
训练结束。最终模型已确定。
专家数: 10, 最佳 Val RMSE: 0.076214
==============================
2025-11-12 16:24:31,598 - INFO - 迭代式 MoE 回归器 (含 10 个专家) 已保存到 function_fitting_results/Associated_Legendre_m0_model.pth
2025-11-12 16:24:31,599 - INFO - 训练摘要已保存到: function_fitting_results/Associated_Legendre_m0_summary.json
2025-11-12 16:24:31,599 - INFO - 训练完成，正在加载最佳模型并进行可视化...
2025-11-12 16:24:31,602 - INFO - CoFrNetRegressor_MoE (Rollback Logic) 初始化完毕，将在 cuda 上运行。
2025-11-12 16:24:31,602 - INFO - 已向候选模型添加新专家。当前专家总数: 1
2025-11-12 16:24:31,603 - INFO - 已向候选模型添加新专家。当前专家总数: 2
2025-11-12 16:24:31,603 - INFO - 已向候选模型添加新专家。当前专家总数: 3
2025-11-12 16:24:31,603 - INFO - 已向候选模型添加新专家。当前专家总数: 4
2025-11-12 16:24:31,604 - INFO - 已向候选模型添加新专家。当前专家总数: 5
2025-11-12 16:24:31,604 - INFO - 已向候选模型添加新专家。当前专家总数: 6
2025-11-12 16:24:31,604 - INFO - 已向候选模型添加新专家。当前专家总数: 7
2025-11-12 16:24:31,605 - INFO - 已向候选模型添加新专家。当前专家总数: 8
2025-11-12 16:24:31,605 - INFO - 已向候选模型添加新专家。当前专家总数: 9
2025-11-12 16:24:31,605 - INFO - 已向候选模型添加新专家。当前专家总数: 10
2025-11-12 16:24:31,608 - INFO - 回归器从 function_fitting_results/Associated_Legendre_m0_model.pth 加载成功。专家数量: 10
2025-11-12 16:24:32,152 - INFO - 结果图已保存至: function_fitting_results/Associated_Legendre_m0_fit.png
