2025-11-12 15:37:56,214 - INFO - 日志将同时输出到控制台和文件: function_fitting_results/Bessel_Yv.log
2025-11-12 15:37:56,214 - INFO - 
============================================================
正在开始拟合任务: Bessel_Yv
============================================================
2025-11-12 15:37:56,217 - INFO - 生成了 2500 个有效数据点。
2025-11-12 15:37:56,217 - INFO - CoFrNetRegressor_MoE (Rollback Logic) 初始化完毕，将在 cuda 上运行。
2025-11-12 15:37:56,218 - INFO - 
--- 正在尝试构建 1 个专家的模型 ---
2025-11-12 15:37:56,218 - INFO -   使用数据均值作为第一个专家的 RBF 中心。
2025-11-12 15:37:56,218 - INFO - 已向候选模型添加新专家。当前专家总数: 1
2025-11-12 15:37:57,713 - INFO -   早停触发 (Epoch 51)！
2025-11-12 15:37:57,713 - INFO - --- 候选模型 (专家数: 1) 训练完成。本轮最佳 Val RMSE: 55945790904059664.000000 ---
2025-11-12 15:37:57,714 - INFO - *** 新的最佳模型被接受！专家数: 1, 验证集 RMSE: 55945790904059664.000000 ***
2025-11-12 15:37:57,714 - INFO - 
--- 正在尝试构建 2 个专家的模型 ---
2025-11-12 15:37:57,714 - INFO -   正在基于当前最佳模型寻找拟合最差的区域...
2025-11-12 15:37:57,725 - INFO -   误差最大的点 (索引 1185, Loss: 19652997559777608103878915061186560.0000) 被选为新中心。
2025-11-12 15:37:57,726 - INFO - 已向候选模型添加新专家。当前专家总数: 2
2025-11-12 15:38:00,079 - INFO -   早停触发 (Epoch 51)！
2025-11-12 15:38:00,079 - INFO - --- 候选模型 (专家数: 2) 训练完成。本轮最佳 Val RMSE: 55945790904059664.000000 ---
2025-11-12 15:38:00,079 - WARNING - 候选模型未带来提升 (当前最佳 RMSE: 55945790904059664.000000)。将回滚并基于之前的最佳模型继续探索。
2025-11-12 15:38:00,079 - INFO - 
--- 正在尝试构建 3 个专家的模型 ---
2025-11-12 15:38:00,079 - INFO -   正在基于当前最佳模型寻找拟合最差的区域...
2025-11-12 15:38:00,089 - INFO -   误差最大的点 (索引 1185, Loss: 19652997559777608103878915061186560.0000) 被选为新中心。
2025-11-12 15:38:00,091 - INFO - 已向候选模型添加新专家。当前专家总数: 2
2025-11-12 15:38:02,330 - INFO -   早停触发 (Epoch 51)！
2025-11-12 15:38:02,330 - INFO - --- 候选模型 (专家数: 3) 训练完成。本轮最佳 Val RMSE: 55945790904059664.000000 ---
2025-11-12 15:38:02,330 - WARNING - 候选模型未带来提升 (当前最佳 RMSE: 55945790904059664.000000)。将回滚并基于之前的最佳模型继续探索。
2025-11-12 15:38:02,330 - INFO - 
--- 正在尝试构建 4 个专家的模型 ---
2025-11-12 15:38:02,330 - INFO -   正在基于当前最佳模型寻找拟合最差的区域...
2025-11-12 15:38:02,341 - INFO -   误差最大的点 (索引 1185, Loss: 19652997559777608103878915061186560.0000) 被选为新中心。
2025-11-12 15:38:02,342 - INFO - 已向候选模型添加新专家。当前专家总数: 2
2025-11-12 15:38:04,591 - INFO -   早停触发 (Epoch 51)！
2025-11-12 15:38:04,591 - INFO - --- 候选模型 (专家数: 4) 训练完成。本轮最佳 Val RMSE: 55945790904059664.000000 ---
2025-11-12 15:38:04,591 - WARNING - 候选模型未带来提升 (当前最佳 RMSE: 55945790904059664.000000)。将回滚并基于之前的最佳模型继续探索。
2025-11-12 15:38:04,591 - INFO - 
--- 正在尝试构建 5 个专家的模型 ---
2025-11-12 15:38:04,591 - INFO -   正在基于当前最佳模型寻找拟合最差的区域...
2025-11-12 15:38:04,602 - INFO -   误差最大的点 (索引 1185, Loss: 19652997559777608103878915061186560.0000) 被选为新中心。
2025-11-12 15:38:04,603 - INFO - 已向候选模型添加新专家。当前专家总数: 2
2025-11-12 15:38:06,951 - INFO -   早停触发 (Epoch 51)！
2025-11-12 15:38:06,951 - INFO - --- 候选模型 (专家数: 5) 训练完成。本轮最佳 Val RMSE: 55945790904059664.000000 ---
2025-11-12 15:38:06,952 - WARNING - 候选模型未带来提升 (当前最佳 RMSE: 55945790904059664.000000)。将回滚并基于之前的最佳模型继续探索。
2025-11-12 15:38:06,952 - INFO - 
--- 正在尝试构建 6 个专家的模型 ---
2025-11-12 15:38:06,952 - INFO -   正在基于当前最佳模型寻找拟合最差的区域...
2025-11-12 15:38:06,962 - INFO -   误差最大的点 (索引 1185, Loss: 19652997559777608103878915061186560.0000) 被选为新中心。
2025-11-12 15:38:06,963 - INFO - 已向候选模型添加新专家。当前专家总数: 2
2025-11-12 15:38:09,216 - INFO -   早停触发 (Epoch 51)！
2025-11-12 15:38:09,216 - INFO - --- 候选模型 (专家数: 6) 训练完成。本轮最佳 Val RMSE: 55945790904059664.000000 ---
2025-11-12 15:38:09,216 - WARNING - 候选模型未带来提升 (当前最佳 RMSE: 55945790904059664.000000)。将回滚并基于之前的最佳模型继续探索。
2025-11-12 15:38:09,216 - INFO - 
--- 正在尝试构建 7 个专家的模型 ---
2025-11-12 15:38:09,216 - INFO -   正在基于当前最佳模型寻找拟合最差的区域...
2025-11-12 15:38:09,227 - INFO -   误差最大的点 (索引 1185, Loss: 19652997559777608103878915061186560.0000) 被选为新中心。
2025-11-12 15:38:09,228 - INFO - 已向候选模型添加新专家。当前专家总数: 2
2025-11-12 15:38:11,578 - INFO -   早停触发 (Epoch 51)！
2025-11-12 15:38:11,579 - INFO - --- 候选模型 (专家数: 7) 训练完成。本轮最佳 Val RMSE: 55945790904059664.000000 ---
2025-11-12 15:38:11,579 - WARNING - 候选模型未带来提升 (当前最佳 RMSE: 55945790904059664.000000)。将回滚并基于之前的最佳模型继续探索。
2025-11-12 15:38:11,579 - INFO - 
--- 正在尝试构建 8 个专家的模型 ---
2025-11-12 15:38:11,579 - INFO -   正在基于当前最佳模型寻找拟合最差的区域...
2025-11-12 15:38:11,589 - INFO -   误差最大的点 (索引 1185, Loss: 19652997559777608103878915061186560.0000) 被选为新中心。
2025-11-12 15:38:11,590 - INFO - 已向候选模型添加新专家。当前专家总数: 2
2025-11-12 15:38:13,843 - INFO -   早停触发 (Epoch 51)！
2025-11-12 15:38:13,843 - INFO - --- 候选模型 (专家数: 8) 训练完成。本轮最佳 Val RMSE: 55945790904059664.000000 ---
2025-11-12 15:38:13,843 - WARNING - 候选模型未带来提升 (当前最佳 RMSE: 55945790904059664.000000)。将回滚并基于之前的最佳模型继续探索。
2025-11-12 15:38:13,843 - INFO - 
--- 正在尝试构建 9 个专家的模型 ---
2025-11-12 15:38:13,843 - INFO -   正在基于当前最佳模型寻找拟合最差的区域...
2025-11-12 15:38:13,853 - INFO -   误差最大的点 (索引 1185, Loss: 19652997559777608103878915061186560.0000) 被选为新中心。
2025-11-12 15:38:13,854 - INFO - 已向候选模型添加新专家。当前专家总数: 2
2025-11-12 15:38:16,128 - INFO -   早停触发 (Epoch 51)！
2025-11-12 15:38:16,128 - INFO - --- 候选模型 (专家数: 9) 训练完成。本轮最佳 Val RMSE: 55945790904059664.000000 ---
2025-11-12 15:38:16,128 - WARNING - 候选模型未带来提升 (当前最佳 RMSE: 55945790904059664.000000)。将回滚并基于之前的最佳模型继续探索。
2025-11-12 15:38:16,128 - INFO - 
--- 正在尝试构建 10 个专家的模型 ---
2025-11-12 15:38:16,128 - INFO -   正在基于当前最佳模型寻找拟合最差的区域...
2025-11-12 15:38:16,139 - INFO -   误差最大的点 (索引 1185, Loss: 19652997559777608103878915061186560.0000) 被选为新中心。
2025-11-12 15:38:16,140 - INFO - 已向候选模型添加新专家。当前专家总数: 2
2025-11-12 15:38:18,214 - INFO -   早停触发 (Epoch 51)！
2025-11-12 15:38:18,214 - INFO - --- 候选模型 (专家数: 10) 训练完成。本轮最佳 Val RMSE: 55945790904059664.000000 ---
2025-11-12 15:38:18,214 - WARNING - 候选模型未带来提升 (当前最佳 RMSE: 55945790904059664.000000)。将回滚并基于之前的最佳模型继续探索。
2025-11-12 15:38:18,214 - INFO - 
--- 正在尝试构建 11 个专家的模型 ---
2025-11-12 15:38:18,214 - INFO -   正在基于当前最佳模型寻找拟合最差的区域...
2025-11-12 15:38:18,225 - INFO -   误差最大的点 (索引 1185, Loss: 19652997559777608103878915061186560.0000) 被选为新中心。
2025-11-12 15:38:18,226 - INFO - 已向候选模型添加新专家。当前专家总数: 2
2025-11-12 15:38:20,393 - INFO -   早停触发 (Epoch 51)！
2025-11-12 15:38:20,393 - INFO - --- 候选模型 (专家数: 11) 训练完成。本轮最佳 Val RMSE: 55945790904059664.000000 ---
2025-11-12 15:38:20,394 - WARNING - 候选模型未带来提升 (当前最佳 RMSE: 55945790904059664.000000)。将回滚并基于之前的最佳模型继续探索。
2025-11-12 15:38:20,394 - INFO - 
--- 正在尝试构建 12 个专家的模型 ---
2025-11-12 15:38:20,394 - INFO -   正在基于当前最佳模型寻找拟合最差的区域...
2025-11-12 15:38:20,404 - INFO -   误差最大的点 (索引 1185, Loss: 19652997559777608103878915061186560.0000) 被选为新中心。
2025-11-12 15:38:20,405 - INFO - 已向候选模型添加新专家。当前专家总数: 2
2025-11-12 15:38:22,748 - INFO -   早停触发 (Epoch 51)！
2025-11-12 15:38:22,749 - INFO - --- 候选模型 (专家数: 12) 训练完成。本轮最佳 Val RMSE: 55945790904059664.000000 ---
2025-11-12 15:38:22,749 - WARNING - 候选模型未带来提升 (当前最佳 RMSE: 55945790904059664.000000)。将回滚并基于之前的最佳模型继续探索。
2025-11-12 15:38:22,749 - INFO - 
--- 正在尝试构建 13 个专家的模型 ---
2025-11-12 15:38:22,749 - INFO -   正在基于当前最佳模型寻找拟合最差的区域...
2025-11-12 15:38:22,760 - INFO -   误差最大的点 (索引 1185, Loss: 19652997559777608103878915061186560.0000) 被选为新中心。
2025-11-12 15:38:22,761 - INFO - 已向候选模型添加新专家。当前专家总数: 2
2025-11-12 15:38:24,998 - INFO -   早停触发 (Epoch 51)！
2025-11-12 15:38:24,998 - INFO - --- 候选模型 (专家数: 13) 训练完成。本轮最佳 Val RMSE: 55945790904059664.000000 ---
2025-11-12 15:38:24,998 - WARNING - 候选模型未带来提升 (当前最佳 RMSE: 55945790904059664.000000)。将回滚并基于之前的最佳模型继续探索。
2025-11-12 15:38:24,998 - INFO - 
--- 正在尝试构建 14 个专家的模型 ---
2025-11-12 15:38:24,998 - INFO -   正在基于当前最佳模型寻找拟合最差的区域...
2025-11-12 15:38:25,009 - INFO -   误差最大的点 (索引 1185, Loss: 19652997559777608103878915061186560.0000) 被选为新中心。
2025-11-12 15:38:25,010 - INFO - 已向候选模型添加新专家。当前专家总数: 2
2025-11-12 15:38:27,100 - INFO -   早停触发 (Epoch 51)！
2025-11-12 15:38:27,100 - INFO - --- 候选模型 (专家数: 14) 训练完成。本轮最佳 Val RMSE: 55945790904059664.000000 ---
2025-11-12 15:38:27,100 - WARNING - 候选模型未带来提升 (当前最佳 RMSE: 55945790904059664.000000)。将回滚并基于之前的最佳模型继续探索。
2025-11-12 15:38:27,101 - INFO - 
--- 正在尝试构建 15 个专家的模型 ---
2025-11-12 15:38:27,101 - INFO -   正在基于当前最佳模型寻找拟合最差的区域...
2025-11-12 15:38:27,111 - INFO -   误差最大的点 (索引 1185, Loss: 19652997559777608103878915061186560.0000) 被选为新中心。
2025-11-12 15:38:27,112 - INFO - 已向候选模型添加新专家。当前专家总数: 2
2025-11-12 15:38:29,106 - INFO -   早停触发 (Epoch 51)！
2025-11-12 15:38:29,106 - INFO - --- 候选模型 (专家数: 15) 训练完成。本轮最佳 Val RMSE: 55945790904059664.000000 ---
2025-11-12 15:38:29,106 - WARNING - 候选模型未带来提升 (当前最佳 RMSE: 55945790904059664.000000)。将回滚并基于之前的最佳模型继续探索。
2025-11-12 15:38:29,106 - INFO - 
--- 正在尝试构建 16 个专家的模型 ---
2025-11-12 15:38:29,106 - INFO -   正在基于当前最佳模型寻找拟合最差的区域...
2025-11-12 15:38:29,116 - INFO -   误差最大的点 (索引 1185, Loss: 19652997559777608103878915061186560.0000) 被选为新中心。
2025-11-12 15:38:29,118 - INFO - 已向候选模型添加新专家。当前专家总数: 2
2025-11-12 15:38:31,115 - INFO -   早停触发 (Epoch 51)！
2025-11-12 15:38:31,115 - INFO - --- 候选模型 (专家数: 16) 训练完成。本轮最佳 Val RMSE: 55945790904059664.000000 ---
2025-11-12 15:38:31,115 - WARNING - 候选模型未带来提升 (当前最佳 RMSE: 55945790904059664.000000)。将回滚并基于之前的最佳模型继续探索。
2025-11-12 15:38:31,115 - INFO - 
--- 正在尝试构建 17 个专家的模型 ---
2025-11-12 15:38:31,115 - INFO -   正在基于当前最佳模型寻找拟合最差的区域...
2025-11-12 15:38:31,125 - INFO -   误差最大的点 (索引 1185, Loss: 19652997559777608103878915061186560.0000) 被选为新中心。
2025-11-12 15:38:31,127 - INFO - 已向候选模型添加新专家。当前专家总数: 2
2025-11-12 15:38:33,213 - INFO -   早停触发 (Epoch 51)！
2025-11-12 15:38:33,214 - INFO - --- 候选模型 (专家数: 17) 训练完成。本轮最佳 Val RMSE: 55945790904059664.000000 ---
2025-11-12 15:38:33,214 - WARNING - 候选模型未带来提升 (当前最佳 RMSE: 55945790904059664.000000)。将回滚并基于之前的最佳模型继续探索。
2025-11-12 15:38:33,214 - INFO - 
--- 正在尝试构建 18 个专家的模型 ---
2025-11-12 15:38:33,214 - INFO -   正在基于当前最佳模型寻找拟合最差的区域...
2025-11-12 15:38:33,224 - INFO -   误差最大的点 (索引 1185, Loss: 19652997559777608103878915061186560.0000) 被选为新中心。
2025-11-12 15:38:33,225 - INFO - 已向候选模型添加新专家。当前专家总数: 2
2025-11-12 15:38:35,217 - INFO -   早停触发 (Epoch 51)！
2025-11-12 15:38:35,217 - INFO - --- 候选模型 (专家数: 18) 训练完成。本轮最佳 Val RMSE: 55945790904059664.000000 ---
2025-11-12 15:38:35,218 - WARNING - 候选模型未带来提升 (当前最佳 RMSE: 55945790904059664.000000)。将回滚并基于之前的最佳模型继续探索。
2025-11-12 15:38:35,218 - INFO - 
--- 正在尝试构建 19 个专家的模型 ---
2025-11-12 15:38:35,218 - INFO -   正在基于当前最佳模型寻找拟合最差的区域...
2025-11-12 15:38:35,228 - INFO -   误差最大的点 (索引 1185, Loss: 19652997559777608103878915061186560.0000) 被选为新中心。
2025-11-12 15:38:35,229 - INFO - 已向候选模型添加新专家。当前专家总数: 2
2025-11-12 15:38:37,313 - INFO -   早停触发 (Epoch 51)！
2025-11-12 15:38:37,313 - INFO - --- 候选模型 (专家数: 19) 训练完成。本轮最佳 Val RMSE: 55945790904059664.000000 ---
2025-11-12 15:38:37,313 - WARNING - 候选模型未带来提升 (当前最佳 RMSE: 55945790904059664.000000)。将回滚并基于之前的最佳模型继续探索。
2025-11-12 15:38:37,314 - INFO - 
--- 正在尝试构建 20 个专家的模型 ---
2025-11-12 15:38:37,314 - INFO -   正在基于当前最佳模型寻找拟合最差的区域...
2025-11-12 15:38:37,324 - INFO -   误差最大的点 (索引 1185, Loss: 19652997559777608103878915061186560.0000) 被选为新中心。
2025-11-12 15:38:37,325 - INFO - 已向候选模型添加新专家。当前专家总数: 2
2025-11-12 15:38:39,316 - INFO -   早停触发 (Epoch 51)！
2025-11-12 15:38:39,316 - INFO - --- 候选模型 (专家数: 20) 训练完成。本轮最佳 Val RMSE: 55945790904059664.000000 ---
2025-11-12 15:38:39,316 - WARNING - 候选模型未带来提升 (当前最佳 RMSE: 55945790904059664.000000)。将回滚并基于之前的最佳模型继续探索。
2025-11-12 15:38:39,316 - INFO - 
==============================
训练结束。最终模型已确定。
专家数: 1, 最佳 Val RMSE: 55945790904059664.000000
==============================
2025-11-12 15:38:39,317 - INFO - 迭代式 MoE 回归器 (含 1 个专家) 已保存到 function_fitting_results/Bessel_Yv_model.pth
2025-11-12 15:38:39,317 - INFO - 训练摘要已保存到: function_fitting_results/Bessel_Yv_summary.json
2025-11-12 15:38:39,317 - INFO - 训练完成，正在加载最佳模型并进行可视化...
2025-11-12 15:38:39,318 - INFO - CoFrNetRegressor_MoE (Rollback Logic) 初始化完毕，将在 cuda 上运行。
2025-11-12 15:38:39,318 - INFO - 已向候选模型添加新专家。当前专家总数: 1
2025-11-12 15:38:39,319 - INFO - 回归器从 function_fitting_results/Bessel_Yv_model.pth 加载成功。专家数量: 1
2025-11-12 15:38:40,075 - INFO - 结果图已保存至: function_fitting_results/Bessel_Yv_fit.png
