2025-11-12 15:31:41,646 - INFO - 日志将同时输出到控制台和文件: function_fitting_results/Bessel_Jv.log
2025-11-12 15:31:41,646 - INFO - 
============================================================
正在开始拟合任务: Bessel_Jv
============================================================
2025-11-12 15:31:41,655 - INFO - 生成了 2500 个有效数据点。
2025-11-12 15:31:41,656 - INFO - CoFrNetRegressor_MoE (Rollback Logic) 初始化完毕，将在 cuda 上运行。
2025-11-12 15:31:41,656 - INFO - 
--- 正在尝试构建 1 个专家的模型 ---
2025-11-12 15:31:41,656 - INFO -   使用数据均值作为第一个专家的 RBF 中心。
2025-11-12 15:31:41,657 - INFO - 已向候选模型添加新专家。当前专家总数: 1
2025-11-12 15:31:50,523 - INFO -   早停触发 (Epoch 300)！
2025-11-12 15:31:50,523 - INFO - --- 候选模型 (专家数: 1) 训练完成。本轮最佳 Val RMSE: 0.072390 ---
2025-11-12 15:31:50,524 - INFO - *** 新的最佳模型被接受！专家数: 1, 验证集 RMSE: 0.072390 ***
2025-11-12 15:31:50,524 - INFO - 
--- 正在尝试构建 2 个专家的模型 ---
2025-11-12 15:31:50,524 - INFO -   正在基于当前最佳模型寻找拟合最差的区域...
2025-11-12 15:31:50,535 - INFO -   误差最大的点 (索引 955, Loss: 0.0910) 被选为新中心。
2025-11-12 15:31:50,536 - INFO - 已向候选模型添加新专家。当前专家总数: 2
2025-11-12 15:31:56,738 - INFO -   早停触发 (Epoch 139)！
2025-11-12 15:31:56,738 - INFO - --- 候选模型 (专家数: 2) 训练完成。本轮最佳 Val RMSE: 0.034931 ---
2025-11-12 15:31:56,739 - INFO - *** 新的最佳模型被接受！专家数: 2, 验证集 RMSE: 0.034931 ***
2025-11-12 15:31:56,739 - INFO - 
--- 正在尝试构建 3 个专家的模型 ---
2025-11-12 15:31:56,739 - INFO -   正在基于当前最佳模型寻找拟合最差的区域...
2025-11-12 15:31:56,754 - INFO -   误差最大的点 (索引 1640, Loss: 0.1080) 被选为新中心。
2025-11-12 15:31:56,756 - INFO - 已向候选模型添加新专家。当前专家总数: 3
2025-11-12 15:32:08,952 - INFO -   早停触发 (Epoch 207)！
2025-11-12 15:32:08,952 - INFO - --- 候选模型 (专家数: 3) 训练完成。本轮最佳 Val RMSE: 0.043502 ---
2025-11-12 15:32:08,952 - WARNING - 候选模型未带来提升 (当前最佳 RMSE: 0.034931)。将回滚并基于之前的最佳模型继续探索。
2025-11-12 15:32:08,952 - INFO - 
--- 正在尝试构建 4 个专家的模型 ---
2025-11-12 15:32:08,952 - INFO -   正在基于当前最佳模型寻找拟合最差的区域...
2025-11-12 15:32:08,966 - INFO -   误差最大的点 (索引 1640, Loss: 0.1080) 被选为新中心。
2025-11-12 15:32:08,968 - INFO - 已向候选模型添加新专家。当前专家总数: 3
2025-11-12 15:32:17,549 - INFO -   早停触发 (Epoch 151)！
2025-11-12 15:32:17,550 - INFO - --- 候选模型 (专家数: 4) 训练完成。本轮最佳 Val RMSE: 0.028024 ---
2025-11-12 15:32:17,552 - INFO - *** 新的最佳模型被接受！专家数: 4, 验证集 RMSE: 0.028024 ***
2025-11-12 15:32:17,552 - INFO - 
--- 正在尝试构建 5 个专家的模型 ---
2025-11-12 15:32:17,552 - INFO -   正在基于当前最佳模型寻找拟合最差的区域...
2025-11-12 15:32:17,570 - INFO -   误差最大的点 (索引 301, Loss: 0.0299) 被选为新中心。
2025-11-12 15:32:17,572 - INFO - 已向候选模型添加新专家。当前专家总数: 4
2025-11-12 15:32:24,280 - INFO -   早停触发 (Epoch 94)！
2025-11-12 15:32:24,280 - INFO - --- 候选模型 (专家数: 5) 训练完成。本轮最佳 Val RMSE: 0.048973 ---
2025-11-12 15:32:24,280 - WARNING - 候选模型未带来提升 (当前最佳 RMSE: 0.028024)。将回滚并基于之前的最佳模型继续探索。
2025-11-12 15:32:24,280 - INFO - 
--- 正在尝试构建 6 个专家的模型 ---
2025-11-12 15:32:24,280 - INFO -   正在基于当前最佳模型寻找拟合最差的区域...
2025-11-12 15:32:24,298 - INFO -   误差最大的点 (索引 301, Loss: 0.0299) 被选为新中心。
2025-11-12 15:32:24,301 - INFO - 已向候选模型添加新专家。当前专家总数: 4
2025-11-12 15:32:30,734 - INFO -   早停触发 (Epoch 86)！
2025-11-12 15:32:30,735 - INFO - --- 候选模型 (专家数: 6) 训练完成。本轮最佳 Val RMSE: 0.042662 ---
2025-11-12 15:32:30,735 - WARNING - 候选模型未带来提升 (当前最佳 RMSE: 0.028024)。将回滚并基于之前的最佳模型继续探索。
2025-11-12 15:32:30,735 - INFO - 
--- 正在尝试构建 7 个专家的模型 ---
2025-11-12 15:32:30,738 - INFO -   正在基于当前最佳模型寻找拟合最差的区域...
2025-11-12 15:32:30,757 - INFO -   误差最大的点 (索引 301, Loss: 0.0299) 被选为新中心。
2025-11-12 15:32:30,759 - INFO - 已向候选模型添加新专家。当前专家总数: 4
2025-11-12 15:32:44,609 - INFO -   早停触发 (Epoch 189)！
2025-11-12 15:32:44,609 - INFO - --- 候选模型 (专家数: 7) 训练完成。本轮最佳 Val RMSE: 0.062056 ---
2025-11-12 15:32:44,609 - WARNING - 候选模型未带来提升 (当前最佳 RMSE: 0.028024)。将回滚并基于之前的最佳模型继续探索。
2025-11-12 15:32:44,609 - INFO - 
--- 正在尝试构建 8 个专家的模型 ---
2025-11-12 15:32:44,609 - INFO -   正在基于当前最佳模型寻找拟合最差的区域...
2025-11-12 15:32:44,628 - INFO -   误差最大的点 (索引 301, Loss: 0.0299) 被选为新中心。
2025-11-12 15:32:44,630 - INFO - 已向候选模型添加新专家。当前专家总数: 4
2025-11-12 15:32:51,173 - INFO -   早停触发 (Epoch 99)！
2025-11-12 15:32:51,173 - INFO - --- 候选模型 (专家数: 8) 训练完成。本轮最佳 Val RMSE: 0.064617 ---
2025-11-12 15:32:51,173 - WARNING - 候选模型未带来提升 (当前最佳 RMSE: 0.028024)。将回滚并基于之前的最佳模型继续探索。
2025-11-12 15:32:51,173 - INFO - 
--- 正在尝试构建 9 个专家的模型 ---
2025-11-12 15:32:51,173 - INFO -   正在基于当前最佳模型寻找拟合最差的区域...
2025-11-12 15:32:51,192 - INFO -   误差最大的点 (索引 301, Loss: 0.0299) 被选为新中心。
2025-11-12 15:32:51,194 - INFO - 已向候选模型添加新专家。当前专家总数: 4
2025-11-12 15:33:15,256 - INFO -   早停触发 (Epoch 345)！
2025-11-12 15:33:15,256 - INFO - --- 候选模型 (专家数: 9) 训练完成。本轮最佳 Val RMSE: 0.042347 ---
2025-11-12 15:33:15,256 - WARNING - 候选模型未带来提升 (当前最佳 RMSE: 0.028024)。将回滚并基于之前的最佳模型继续探索。
2025-11-12 15:33:15,256 - INFO - 
--- 正在尝试构建 10 个专家的模型 ---
2025-11-12 15:33:15,256 - INFO -   正在基于当前最佳模型寻找拟合最差的区域...
2025-11-12 15:33:15,274 - INFO -   误差最大的点 (索引 301, Loss: 0.0299) 被选为新中心。
2025-11-12 15:33:15,277 - INFO - 已向候选模型添加新专家。当前专家总数: 4
2025-11-12 15:33:22,242 - INFO -   早停触发 (Epoch 94)！
2025-11-12 15:33:22,242 - INFO - --- 候选模型 (专家数: 10) 训练完成。本轮最佳 Val RMSE: 0.039697 ---
2025-11-12 15:33:22,242 - WARNING - 候选模型未带来提升 (当前最佳 RMSE: 0.028024)。将回滚并基于之前的最佳模型继续探索。
2025-11-12 15:33:22,242 - INFO - 
--- 正在尝试构建 11 个专家的模型 ---
2025-11-12 15:33:22,242 - INFO -   正在基于当前最佳模型寻找拟合最差的区域...
2025-11-12 15:33:22,260 - INFO -   误差最大的点 (索引 301, Loss: 0.0299) 被选为新中心。
2025-11-12 15:33:22,263 - INFO - 已向候选模型添加新专家。当前专家总数: 4
2025-11-12 15:33:42,871 - INFO -   早停触发 (Epoch 278)！
2025-11-12 15:33:42,871 - INFO - --- 候选模型 (专家数: 11) 训练完成。本轮最佳 Val RMSE: 0.068853 ---
2025-11-12 15:33:42,871 - WARNING - 候选模型未带来提升 (当前最佳 RMSE: 0.028024)。将回滚并基于之前的最佳模型继续探索。
2025-11-12 15:33:42,871 - INFO - 
--- 正在尝试构建 12 个专家的模型 ---
2025-11-12 15:33:42,871 - INFO -   正在基于当前最佳模型寻找拟合最差的区域...
2025-11-12 15:33:42,890 - INFO -   误差最大的点 (索引 301, Loss: 0.0299) 被选为新中心。
2025-11-12 15:33:42,892 - INFO - 已向候选模型添加新专家。当前专家总数: 4
2025-11-12 15:34:04,239 - INFO -   早停触发 (Epoch 309)！
2025-11-12 15:34:04,239 - INFO - --- 候选模型 (专家数: 12) 训练完成。本轮最佳 Val RMSE: 0.041030 ---
2025-11-12 15:34:04,239 - WARNING - 候选模型未带来提升 (当前最佳 RMSE: 0.028024)。将回滚并基于之前的最佳模型继续探索。
2025-11-12 15:34:04,239 - INFO - 
--- 正在尝试构建 13 个专家的模型 ---
2025-11-12 15:34:04,239 - INFO -   正在基于当前最佳模型寻找拟合最差的区域...
2025-11-12 15:34:04,258 - INFO -   误差最大的点 (索引 301, Loss: 0.0299) 被选为新中心。
2025-11-12 15:34:04,260 - INFO - 已向候选模型添加新专家。当前专家总数: 4
2025-11-12 15:34:12,679 - INFO -   早停触发 (Epoch 126)！
2025-11-12 15:34:12,680 - INFO - --- 候选模型 (专家数: 13) 训练完成。本轮最佳 Val RMSE: 0.038375 ---
2025-11-12 15:34:12,680 - WARNING - 候选模型未带来提升 (当前最佳 RMSE: 0.028024)。将回滚并基于之前的最佳模型继续探索。
2025-11-12 15:34:12,680 - INFO - 
--- 正在尝试构建 14 个专家的模型 ---
2025-11-12 15:34:12,680 - INFO -   正在基于当前最佳模型寻找拟合最差的区域...
2025-11-12 15:34:12,698 - INFO -   误差最大的点 (索引 301, Loss: 0.0299) 被选为新中心。
2025-11-12 15:34:12,700 - INFO - 已向候选模型添加新专家。当前专家总数: 4
2025-11-12 15:34:23,636 - INFO -   早停触发 (Epoch 165)！
2025-11-12 15:34:23,636 - INFO - --- 候选模型 (专家数: 14) 训练完成。本轮最佳 Val RMSE: 0.037727 ---
2025-11-12 15:34:23,636 - WARNING - 候选模型未带来提升 (当前最佳 RMSE: 0.028024)。将回滚并基于之前的最佳模型继续探索。
2025-11-12 15:34:23,636 - INFO - 
--- 正在尝试构建 15 个专家的模型 ---
2025-11-12 15:34:23,636 - INFO -   正在基于当前最佳模型寻找拟合最差的区域...
2025-11-12 15:34:23,655 - INFO -   误差最大的点 (索引 301, Loss: 0.0299) 被选为新中心。
2025-11-12 15:34:23,657 - INFO - 已向候选模型添加新专家。当前专家总数: 4
2025-11-12 15:34:36,506 - INFO -   早停触发 (Epoch 193)！
2025-11-12 15:34:36,506 - INFO - --- 候选模型 (专家数: 15) 训练完成。本轮最佳 Val RMSE: 0.036098 ---
2025-11-12 15:34:36,506 - WARNING - 候选模型未带来提升 (当前最佳 RMSE: 0.028024)。将回滚并基于之前的最佳模型继续探索。
2025-11-12 15:34:36,506 - INFO - 
--- 正在尝试构建 16 个专家的模型 ---
2025-11-12 15:34:36,506 - INFO -   正在基于当前最佳模型寻找拟合最差的区域...
2025-11-12 15:34:36,525 - INFO -   误差最大的点 (索引 301, Loss: 0.0299) 被选为新中心。
2025-11-12 15:34:36,527 - INFO - 已向候选模型添加新专家。当前专家总数: 4
2025-11-12 15:34:57,671 - INFO -   早停触发 (Epoch 287)！
2025-11-12 15:34:57,671 - INFO - --- 候选模型 (专家数: 16) 训练完成。本轮最佳 Val RMSE: 0.036419 ---
2025-11-12 15:34:57,671 - WARNING - 候选模型未带来提升 (当前最佳 RMSE: 0.028024)。将回滚并基于之前的最佳模型继续探索。
2025-11-12 15:34:57,671 - INFO - 
--- 正在尝试构建 17 个专家的模型 ---
2025-11-12 15:34:57,671 - INFO -   正在基于当前最佳模型寻找拟合最差的区域...
2025-11-12 15:34:57,689 - INFO -   误差最大的点 (索引 301, Loss: 0.0299) 被选为新中心。
2025-11-12 15:34:57,691 - INFO - 已向候选模型添加新专家。当前专家总数: 4
2025-11-12 15:35:28,309 - INFO -   早停触发 (Epoch 430)！
2025-11-12 15:35:28,309 - INFO - --- 候选模型 (专家数: 17) 训练完成。本轮最佳 Val RMSE: 0.017078 ---
2025-11-12 15:35:28,312 - INFO - *** 新的最佳模型被接受！专家数: 17, 验证集 RMSE: 0.017078 ***
2025-11-12 15:35:28,312 - INFO - 
--- 正在尝试构建 18 个专家的模型 ---
2025-11-12 15:35:28,312 - INFO -   正在基于当前最佳模型寻找拟合最差的区域...
2025-11-12 15:35:28,334 - INFO -   误差最大的点 (索引 1586, Loss: 0.0469) 被选为新中心。
2025-11-12 15:35:28,337 - INFO - 已向候选模型添加新专家。当前专家总数: 5
2025-11-12 15:35:46,871 - INFO -   早停触发 (Epoch 212)！
2025-11-12 15:35:46,871 - INFO - --- 候选模型 (专家数: 18) 训练完成。本轮最佳 Val RMSE: 0.019710 ---
2025-11-12 15:35:46,871 - WARNING - 候选模型未带来提升 (当前最佳 RMSE: 0.017078)。将回滚并基于之前的最佳模型继续探索。
2025-11-12 15:35:46,872 - INFO - 
--- 正在尝试构建 19 个专家的模型 ---
2025-11-12 15:35:46,872 - INFO -   正在基于当前最佳模型寻找拟合最差的区域...
2025-11-12 15:35:46,894 - INFO -   误差最大的点 (索引 1586, Loss: 0.0469) 被选为新中心。
2025-11-12 15:35:46,896 - INFO - 已向候选模型添加新专家。当前专家总数: 5
2025-11-12 15:37:12,399 - INFO - --- 候选模型 (专家数: 19) 训练完成。本轮最佳 Val RMSE: 0.012932 ---
2025-11-12 15:37:12,402 - INFO - *** 新的最佳模型被接受！专家数: 19, 验证集 RMSE: 0.012932 ***
2025-11-12 15:37:12,402 - INFO - 
--- 正在尝试构建 20 个专家的模型 ---
2025-11-12 15:37:12,402 - INFO -   正在基于当前最佳模型寻找拟合最差的区域...
2025-11-12 15:37:12,428 - INFO -   误差最大的点 (索引 1586, Loss: 0.0202) 被选为新中心。
2025-11-12 15:37:12,432 - INFO - 已向候选模型添加新专家。当前专家总数: 6
2025-11-12 15:37:55,431 - INFO -   早停触发 (Epoch 447)！
2025-11-12 15:37:55,431 - INFO - --- 候选模型 (专家数: 20) 训练完成。本轮最佳 Val RMSE: 0.021964 ---
2025-11-12 15:37:55,431 - WARNING - 候选模型未带来提升 (当前最佳 RMSE: 0.012932)。将回滚并基于之前的最佳模型继续探索。
2025-11-12 15:37:55,431 - INFO - 
==============================
训练结束。最终模型已确定。
专家数: 5, 最佳 Val RMSE: 0.012932
==============================
2025-11-12 15:37:55,434 - INFO - 迭代式 MoE 回归器 (含 5 个专家) 已保存到 function_fitting_results/Bessel_Jv_model.pth
2025-11-12 15:37:55,435 - INFO - 训练摘要已保存到: function_fitting_results/Bessel_Jv_summary.json
2025-11-12 15:37:55,435 - INFO - 训练完成，正在加载最佳模型并进行可视化...
2025-11-12 15:37:55,437 - INFO - CoFrNetRegressor_MoE (Rollback Logic) 初始化完毕，将在 cuda 上运行。
2025-11-12 15:37:55,437 - INFO - 已向候选模型添加新专家。当前专家总数: 1
2025-11-12 15:37:55,438 - INFO - 已向候选模型添加新专家。当前专家总数: 2
2025-11-12 15:37:55,438 - INFO - 已向候选模型添加新专家。当前专家总数: 3
2025-11-12 15:37:55,439 - INFO - 已向候选模型添加新专家。当前专家总数: 4
2025-11-12 15:37:55,439 - INFO - 已向候选模型添加新专家。当前专家总数: 5
2025-11-12 15:37:55,440 - INFO - 回归器从 function_fitting_results/Bessel_Jv_model.pth 加载成功。专家数量: 5
2025-11-12 15:37:56,214 - INFO - 结果图已保存至: function_fitting_results/Bessel_Jv_fit.png
