2025-11-12 15:23:59,480 - INFO - 日志将同时输出到控制台和文件: function_fitting_results/Incomplete_Elliptic_Integral_E.log
2025-11-12 15:23:59,480 - INFO - 
============================================================
正在开始拟合任务: Incomplete_Elliptic_Integral_E
============================================================
2025-11-12 15:23:59,480 - INFO - 生成了 1600 个有效数据点。
2025-11-12 15:23:59,481 - INFO - CoFrNetRegressor_MoE (Rollback Logic) 初始化完毕，将在 cuda 上运行。
2025-11-12 15:23:59,481 - INFO - 
--- 正在尝试构建 1 个专家的模型 ---
2025-11-12 15:23:59,481 - INFO -   使用数据均值作为第一个专家的 RBF 中心。
2025-11-12 15:23:59,482 - INFO - 已向候选模型添加新专家。当前专家总数: 1
2025-11-12 15:24:17,500 - INFO -   早停触发 (Epoch 968)！
2025-11-12 15:24:17,500 - INFO - --- 候选模型 (专家数: 1) 训练完成。本轮最佳 Val RMSE: 0.032128 ---
2025-11-12 15:24:17,501 - INFO - *** 新的最佳模型被接受！专家数: 1, 验证集 RMSE: 0.032128 ***
2025-11-12 15:24:17,501 - INFO - 
--- 正在尝试构建 2 个专家的模型 ---
2025-11-12 15:24:17,501 - INFO -   正在基于当前最佳模型寻找拟合最差的区域...
2025-11-12 15:24:17,508 - INFO -   误差最大的点 (索引 646, Loss: 0.0515) 被选为新中心。
2025-11-12 15:24:17,509 - INFO - 已向候选模型添加新专家。当前专家总数: 2
2025-11-12 15:24:45,612 - INFO - --- 候选模型 (专家数: 2) 训练完成。本轮最佳 Val RMSE: 0.277034 ---
2025-11-12 15:24:45,612 - WARNING - 候选模型未带来提升 (当前最佳 RMSE: 0.032128)。将回滚并基于之前的最佳模型继续探索。
2025-11-12 15:24:45,612 - INFO - 
--- 正在尝试构建 3 个专家的模型 ---
2025-11-12 15:24:45,612 - INFO -   正在基于当前最佳模型寻找拟合最差的区域...
2025-11-12 15:24:45,619 - INFO -   误差最大的点 (索引 646, Loss: 0.0515) 被选为新中心。
2025-11-12 15:24:45,620 - INFO - 已向候选模型添加新专家。当前专家总数: 2
2025-11-12 15:24:47,451 - INFO -   早停触发 (Epoch 68)！
2025-11-12 15:24:47,451 - INFO - --- 候选模型 (专家数: 3) 训练完成。本轮最佳 Val RMSE: 0.499360 ---
2025-11-12 15:24:47,451 - WARNING - 候选模型未带来提升 (当前最佳 RMSE: 0.032128)。将回滚并基于之前的最佳模型继续探索。
2025-11-12 15:24:47,451 - INFO - 
--- 正在尝试构建 4 个专家的模型 ---
2025-11-12 15:24:47,451 - INFO -   正在基于当前最佳模型寻找拟合最差的区域...
2025-11-12 15:24:47,458 - INFO -   误差最大的点 (索引 646, Loss: 0.0515) 被选为新中心。
2025-11-12 15:24:47,459 - INFO - 已向候选模型添加新专家。当前专家总数: 2
2025-11-12 15:25:00,780 - INFO -   早停触发 (Epoch 482)！
2025-11-12 15:25:00,780 - INFO - --- 候选模型 (专家数: 4) 训练完成。本轮最佳 Val RMSE: 0.064767 ---
2025-11-12 15:25:00,780 - WARNING - 候选模型未带来提升 (当前最佳 RMSE: 0.032128)。将回滚并基于之前的最佳模型继续探索。
2025-11-12 15:25:00,780 - INFO - 
--- 正在尝试构建 5 个专家的模型 ---
2025-11-12 15:25:00,780 - INFO -   正在基于当前最佳模型寻找拟合最差的区域...
2025-11-12 15:25:00,787 - INFO -   误差最大的点 (索引 646, Loss: 0.0515) 被选为新中心。
2025-11-12 15:25:00,788 - INFO - 已向候选模型添加新专家。当前专家总数: 2
2025-11-12 15:25:08,125 - INFO -   早停触发 (Epoch 256)！
2025-11-12 15:25:08,125 - INFO - --- 候选模型 (专家数: 5) 训练完成。本轮最佳 Val RMSE: 0.028152 ---
2025-11-12 15:25:08,127 - INFO - *** 新的最佳模型被接受！专家数: 5, 验证集 RMSE: 0.028152 ***
2025-11-12 15:25:08,127 - INFO - 
--- 正在尝试构建 6 个专家的模型 ---
2025-11-12 15:25:08,127 - INFO -   正在基于当前最佳模型寻找拟合最差的区域...
2025-11-12 15:25:08,136 - INFO -   误差最大的点 (索引 363, Loss: 0.0291) 被选为新中心。
2025-11-12 15:25:08,138 - INFO - 已向候选模型添加新专家。当前专家总数: 3
2025-11-12 15:25:46,539 - INFO - --- 候选模型 (专家数: 6) 训练完成。本轮最佳 Val RMSE: 0.018683 ---
2025-11-12 15:25:46,541 - INFO - *** 新的最佳模型被接受！专家数: 6, 验证集 RMSE: 0.018683 ***
2025-11-12 15:25:46,541 - INFO - 
--- 正在尝试构建 7 个专家的模型 ---
2025-11-12 15:25:46,541 - INFO -   正在基于当前最佳模型寻找拟合最差的区域...
2025-11-12 15:25:46,553 - INFO -   误差最大的点 (索引 646, Loss: 0.0236) 被选为新中心。
2025-11-12 15:25:46,555 - INFO - 已向候选模型添加新专家。当前专家总数: 4
2025-11-12 15:26:02,200 - INFO -   早停触发 (Epoch 328)！
2025-11-12 15:26:02,200 - INFO - --- 候选模型 (专家数: 7) 训练完成。本轮最佳 Val RMSE: 0.012243 ---
2025-11-12 15:26:02,203 - INFO - *** 新的最佳模型被接受！专家数: 7, 验证集 RMSE: 0.012243 ***
2025-11-12 15:26:02,203 - INFO - 
--- 正在尝试构建 8 个专家的模型 ---
2025-11-12 15:26:02,203 - INFO -   正在基于当前最佳模型寻找拟合最差的区域...
2025-11-12 15:26:02,217 - INFO -   误差最大的点 (索引 646, Loss: 0.0135) 被选为新中心。
2025-11-12 15:26:02,220 - INFO - 已向候选模型添加新专家。当前专家总数: 5
2025-11-12 15:26:15,943 - INFO -   早停触发 (Epoch 260)！
2025-11-12 15:26:15,943 - INFO - --- 候选模型 (专家数: 8) 训练完成。本轮最佳 Val RMSE: 0.011422 ---
2025-11-12 15:26:15,946 - INFO - *** 新的最佳模型被接受！专家数: 8, 验证集 RMSE: 0.011422 ***
2025-11-12 15:26:15,946 - INFO - 
--- 正在尝试构建 9 个专家的模型 ---
2025-11-12 15:26:15,946 - INFO -   正在基于当前最佳模型寻找拟合最差的区域...
2025-11-12 15:26:15,963 - INFO -   误差最大的点 (索引 646, Loss: 0.0105) 被选为新中心。
2025-11-12 15:26:15,966 - INFO - 已向候选模型添加新专家。当前专家总数: 6
2025-11-12 15:26:54,488 - INFO -   早停触发 (Epoch 581)！
2025-11-12 15:26:54,489 - INFO - --- 候选模型 (专家数: 9) 训练完成。本轮最佳 Val RMSE: 0.010171 ---
2025-11-12 15:26:54,492 - INFO - *** 新的最佳模型被接受！专家数: 9, 验证集 RMSE: 0.010171 ***
2025-11-12 15:26:54,492 - INFO - 
--- 正在尝试构建 10 个专家的模型 ---
2025-11-12 15:26:54,492 - INFO -   正在基于当前最佳模型寻找拟合最差的区域...
2025-11-12 15:26:54,512 - INFO -   误差最大的点 (索引 646, Loss: 0.0049) 被选为新中心。
2025-11-12 15:26:54,516 - INFO - 已向候选模型添加新专家。当前专家总数: 7
2025-11-12 15:28:09,292 - INFO - --- 候选模型 (专家数: 10) 训练完成。本轮最佳 Val RMSE: 0.015363 ---
2025-11-12 15:28:09,292 - WARNING - 候选模型未带来提升 (当前最佳 RMSE: 0.010171)。将回滚并基于之前的最佳模型继续探索。
2025-11-12 15:28:09,292 - INFO - 
--- 正在尝试构建 11 个专家的模型 ---
2025-11-12 15:28:09,292 - INFO -   正在基于当前最佳模型寻找拟合最差的区域...
2025-11-12 15:28:09,311 - INFO -   误差最大的点 (索引 646, Loss: 0.0049) 被选为新中心。
2025-11-12 15:28:09,315 - INFO - 已向候选模型添加新专家。当前专家总数: 7
2025-11-12 15:28:28,760 - INFO -   早停触发 (Epoch 260)！
2025-11-12 15:28:28,760 - INFO - --- 候选模型 (专家数: 11) 训练完成。本轮最佳 Val RMSE: 0.008255 ---
2025-11-12 15:28:28,764 - INFO - *** 新的最佳模型被接受！专家数: 11, 验证集 RMSE: 0.008255 ***
2025-11-12 15:28:28,765 - INFO - 
--- 正在尝试构建 12 个专家的模型 ---
2025-11-12 15:28:28,765 - INFO -   正在基于当前最佳模型寻找拟合最差的区域...
2025-11-12 15:28:28,786 - INFO -   误差最大的点 (索引 877, Loss: 0.0106) 被选为新中心。
2025-11-12 15:28:28,790 - INFO - 已向候选模型添加新专家。当前专家总数: 8
2025-11-12 15:28:43,554 - INFO -   早停触发 (Epoch 184)！
2025-11-12 15:28:43,554 - INFO - --- 候选模型 (专家数: 12) 训练完成。本轮最佳 Val RMSE: 0.007489 ---
2025-11-12 15:28:43,559 - INFO - *** 新的最佳模型被接受！专家数: 12, 验证集 RMSE: 0.007489 ***
2025-11-12 15:28:43,559 - INFO - 
--- 正在尝试构建 13 个专家的模型 ---
2025-11-12 15:28:43,559 - INFO -   正在基于当前最佳模型寻找拟合最差的区域...
2025-11-12 15:28:43,583 - INFO -   误差最大的点 (索引 877, Loss: 0.0095) 被选为新中心。
2025-11-12 15:28:43,588 - INFO - 已向候选模型添加新专家。当前专家总数: 9
2025-11-12 15:29:20,226 - INFO -   早停触发 (Epoch 425)！
2025-11-12 15:29:20,226 - INFO - --- 候选模型 (专家数: 13) 训练完成。本轮最佳 Val RMSE: 0.014000 ---
2025-11-12 15:29:20,226 - WARNING - 候选模型未带来提升 (当前最佳 RMSE: 0.007489)。将回滚并基于之前的最佳模型继续探索。
2025-11-12 15:29:20,226 - INFO - 
--- 正在尝试构建 14 个专家的模型 ---
2025-11-12 15:29:20,226 - INFO -   正在基于当前最佳模型寻找拟合最差的区域...
2025-11-12 15:29:20,250 - INFO -   误差最大的点 (索引 877, Loss: 0.0095) 被选为新中心。
2025-11-12 15:29:20,255 - INFO - 已向候选模型添加新专家。当前专家总数: 9
2025-11-12 15:29:35,833 - INFO -   早停触发 (Epoch 180)！
2025-11-12 15:29:35,833 - INFO - --- 候选模型 (专家数: 14) 训练完成。本轮最佳 Val RMSE: 0.007917 ---
2025-11-12 15:29:35,833 - WARNING - 候选模型未带来提升 (当前最佳 RMSE: 0.007489)。将回滚并基于之前的最佳模型继续探索。
2025-11-12 15:29:35,833 - INFO - 
--- 正在尝试构建 15 个专家的模型 ---
2025-11-12 15:29:35,833 - INFO -   正在基于当前最佳模型寻找拟合最差的区域...
2025-11-12 15:29:35,857 - INFO -   误差最大的点 (索引 877, Loss: 0.0095) 被选为新中心。
2025-11-12 15:29:35,862 - INFO - 已向候选模型添加新专家。当前专家总数: 9
2025-11-12 15:30:06,301 - INFO -   早停触发 (Epoch 342)！
2025-11-12 15:30:06,301 - INFO - --- 候选模型 (专家数: 15) 训练完成。本轮最佳 Val RMSE: 0.012221 ---
2025-11-12 15:30:06,301 - WARNING - 候选模型未带来提升 (当前最佳 RMSE: 0.007489)。将回滚并基于之前的最佳模型继续探索。
2025-11-12 15:30:06,301 - INFO - 
--- 正在尝试构建 16 个专家的模型 ---
2025-11-12 15:30:06,301 - INFO -   正在基于当前最佳模型寻找拟合最差的区域...
2025-11-12 15:30:06,325 - INFO -   误差最大的点 (索引 877, Loss: 0.0095) 被选为新中心。
2025-11-12 15:30:06,330 - INFO - 已向候选模型添加新专家。当前专家总数: 9
2025-11-12 15:30:21,806 - INFO -   早停触发 (Epoch 168)！
2025-11-12 15:30:21,806 - INFO - --- 候选模型 (专家数: 16) 训练完成。本轮最佳 Val RMSE: 0.009463 ---
2025-11-12 15:30:21,806 - WARNING - 候选模型未带来提升 (当前最佳 RMSE: 0.007489)。将回滚并基于之前的最佳模型继续探索。
2025-11-12 15:30:21,806 - INFO - 
--- 正在尝试构建 17 个专家的模型 ---
2025-11-12 15:30:21,806 - INFO -   正在基于当前最佳模型寻找拟合最差的区域...
2025-11-12 15:30:21,830 - INFO -   误差最大的点 (索引 877, Loss: 0.0095) 被选为新中心。
2025-11-12 15:30:21,835 - INFO - 已向候选模型添加新专家。当前专家总数: 9
2025-11-12 15:30:41,091 - INFO -   早停触发 (Epoch 213)！
2025-11-12 15:30:41,091 - INFO - --- 候选模型 (专家数: 17) 训练完成。本轮最佳 Val RMSE: 0.008142 ---
2025-11-12 15:30:41,091 - WARNING - 候选模型未带来提升 (当前最佳 RMSE: 0.007489)。将回滚并基于之前的最佳模型继续探索。
2025-11-12 15:30:41,091 - INFO - 
--- 正在尝试构建 18 个专家的模型 ---
2025-11-12 15:30:41,091 - INFO -   正在基于当前最佳模型寻找拟合最差的区域...
2025-11-12 15:30:41,115 - INFO -   误差最大的点 (索引 877, Loss: 0.0095) 被选为新中心。
2025-11-12 15:30:41,121 - INFO - 已向候选模型添加新专家。当前专家总数: 9
2025-11-12 15:31:18,782 - INFO -   早停触发 (Epoch 412)！
2025-11-12 15:31:18,782 - INFO - --- 候选模型 (专家数: 18) 训练完成。本轮最佳 Val RMSE: 0.009471 ---
2025-11-12 15:31:18,782 - WARNING - 候选模型未带来提升 (当前最佳 RMSE: 0.007489)。将回滚并基于之前的最佳模型继续探索。
2025-11-12 15:31:18,782 - INFO - 
--- 正在尝试构建 19 个专家的模型 ---
2025-11-12 15:31:18,782 - INFO -   正在基于当前最佳模型寻找拟合最差的区域...
2025-11-12 15:31:18,806 - INFO -   误差最大的点 (索引 877, Loss: 0.0095) 被选为新中心。
2025-11-12 15:31:18,811 - INFO - 已向候选模型添加新专家。当前专家总数: 9
2025-11-12 15:31:33,075 - INFO -   早停触发 (Epoch 156)！
2025-11-12 15:31:33,076 - INFO - --- 候选模型 (专家数: 19) 训练完成。本轮最佳 Val RMSE: 0.007658 ---
2025-11-12 15:31:33,076 - WARNING - 候选模型未带来提升 (当前最佳 RMSE: 0.007489)。将回滚并基于之前的最佳模型继续探索。
2025-11-12 15:31:33,076 - INFO - 
--- 正在尝试构建 20 个专家的模型 ---
2025-11-12 15:31:33,076 - INFO -   正在基于当前最佳模型寻找拟合最差的区域...
2025-11-12 15:31:33,099 - INFO -   误差最大的点 (索引 877, Loss: 0.0095) 被选为新中心。
2025-11-12 15:31:33,105 - INFO - 已向候选模型添加新专家。当前专家总数: 9
2025-11-12 15:31:41,149 - INFO -   早停触发 (Epoch 87)！
2025-11-12 15:31:41,150 - INFO - --- 候选模型 (专家数: 20) 训练完成。本轮最佳 Val RMSE: 0.008771 ---
2025-11-12 15:31:41,150 - WARNING - 候选模型未带来提升 (当前最佳 RMSE: 0.007489)。将回滚并基于之前的最佳模型继续探索。
2025-11-12 15:31:41,150 - INFO - 
==============================
训练结束。最终模型已确定。
专家数: 8, 最佳 Val RMSE: 0.007489
==============================
2025-11-12 15:31:41,155 - INFO - 迭代式 MoE 回归器 (含 8 个专家) 已保存到 function_fitting_results/Incomplete_Elliptic_Integral_E_model.pth
2025-11-12 15:31:41,155 - INFO - 训练摘要已保存到: function_fitting_results/Incomplete_Elliptic_Integral_E_summary.json
2025-11-12 15:31:41,155 - INFO - 训练完成，正在加载最佳模型并进行可视化...
2025-11-12 15:31:41,158 - INFO - CoFrNetRegressor_MoE (Rollback Logic) 初始化完毕，将在 cuda 上运行。
2025-11-12 15:31:41,159 - INFO - 已向候选模型添加新专家。当前专家总数: 1
2025-11-12 15:31:41,159 - INFO - 已向候选模型添加新专家。当前专家总数: 2
2025-11-12 15:31:41,159 - INFO - 已向候选模型添加新专家。当前专家总数: 3
2025-11-12 15:31:41,160 - INFO - 已向候选模型添加新专家。当前专家总数: 4
2025-11-12 15:31:41,160 - INFO - 已向候选模型添加新专家。当前专家总数: 5
2025-11-12 15:31:41,160 - INFO - 已向候选模型添加新专家。当前专家总数: 6
2025-11-12 15:31:41,161 - INFO - 已向候选模型添加新专家。当前专家总数: 7
2025-11-12 15:31:41,161 - INFO - 已向候选模型添加新专家。当前专家总数: 8
2025-11-12 15:31:41,163 - INFO - 回归器从 function_fitting_results/Incomplete_Elliptic_Integral_E_model.pth 加载成功。专家数量: 8
2025-11-12 15:31:41,646 - INFO - 结果图已保存至: function_fitting_results/Incomplete_Elliptic_Integral_E_fit.png
