2025-11-12 15:17:37,536 - INFO - 日志将同时输出到控制台和文件: function_fitting_results/Incomplete_Elliptic_Integral_K.log
2025-11-12 15:17:37,536 - INFO - 
============================================================
正在开始拟合任务: Incomplete_Elliptic_Integral_K
============================================================
2025-11-12 15:17:37,537 - INFO - 生成了 1570 个有效数据点。
2025-11-12 15:17:37,537 - INFO - CoFrNetRegressor_MoE (Rollback Logic) 初始化完毕，将在 cuda 上运行。
2025-11-12 15:17:37,538 - INFO - 
--- 正在尝试构建 1 个专家的模型 ---
2025-11-12 15:17:37,538 - INFO -   使用数据均值作为第一个专家的 RBF 中心。
2025-11-12 15:17:37,538 - INFO - 已向候选模型添加新专家。当前专家总数: 1
2025-11-12 15:17:56,225 - INFO - --- 候选模型 (专家数: 1) 训练完成。本轮最佳 Val RMSE: 0.478862 ---
2025-11-12 15:17:56,226 - INFO - *** 新的最佳模型被接受！专家数: 1, 验证集 RMSE: 0.478862 ***
2025-11-12 15:17:56,226 - INFO - 
--- 正在尝试构建 2 个专家的模型 ---
2025-11-12 15:17:56,226 - INFO -   正在基于当前最佳模型寻找拟合最差的区域...
2025-11-12 15:17:56,233 - INFO -   误差最大的点 (索引 810, Loss: 10.7091) 被选为新中心。
2025-11-12 15:17:56,234 - INFO - 已向候选模型添加新专家。当前专家总数: 2
2025-11-12 15:17:59,695 - INFO -   早停触发 (Epoch 130)！
2025-11-12 15:17:59,695 - INFO - --- 候选模型 (专家数: 2) 训练完成。本轮最佳 Val RMSE: 0.477069 ---
2025-11-12 15:17:59,696 - INFO - *** 新的最佳模型被接受！专家数: 2, 验证集 RMSE: 0.477069 ***
2025-11-12 15:17:59,696 - INFO - 
--- 正在尝试构建 3 个专家的模型 ---
2025-11-12 15:17:59,696 - INFO -   正在基于当前最佳模型寻找拟合最差的区域...
2025-11-12 15:17:59,705 - INFO -   误差最大的点 (索引 810, Loss: 10.1494) 被选为新中心。
2025-11-12 15:17:59,707 - INFO - 已向候选模型添加新专家。当前专家总数: 3
2025-11-12 15:18:35,869 - INFO -   早停触发 (Epoch 983)！
2025-11-12 15:18:35,869 - INFO - --- 候选模型 (专家数: 3) 训练完成。本轮最佳 Val RMSE: 0.105744 ---
2025-11-12 15:18:35,871 - INFO - *** 新的最佳模型被接受！专家数: 3, 验证集 RMSE: 0.105744 ***
2025-11-12 15:18:35,871 - INFO - 
--- 正在尝试构建 4 个专家的模型 ---
2025-11-12 15:18:35,871 - INFO -   正在基于当前最佳模型寻找拟合最差的区域...
2025-11-12 15:18:35,883 - INFO -   误差最大的点 (索引 107, Loss: 0.5175) 被选为新中心。
2025-11-12 15:18:35,885 - INFO - 已向候选模型添加新专家。当前专家总数: 4
2025-11-12 15:18:52,132 - INFO -   早停触发 (Epoch 346)！
2025-11-12 15:18:52,133 - INFO - --- 候选模型 (专家数: 4) 训练完成。本轮最佳 Val RMSE: 0.090219 ---
2025-11-12 15:18:52,135 - INFO - *** 新的最佳模型被接受！专家数: 4, 验证集 RMSE: 0.090219 ***
2025-11-12 15:18:52,135 - INFO - 
--- 正在尝试构建 5 个专家的模型 ---
2025-11-12 15:18:52,135 - INFO -   正在基于当前最佳模型寻找拟合最差的区域...
2025-11-12 15:18:52,149 - INFO -   误差最大的点 (索引 810, Loss: 1.2415) 被选为新中心。
2025-11-12 15:18:52,152 - INFO - 已向候选模型添加新专家。当前专家总数: 5
2025-11-12 15:19:43,308 - INFO -   早停触发 (Epoch 904)！
2025-11-12 15:19:43,308 - INFO - --- 候选模型 (专家数: 5) 训练完成。本轮最佳 Val RMSE: 0.035041 ---
2025-11-12 15:19:43,311 - INFO - *** 新的最佳模型被接受！专家数: 5, 验证集 RMSE: 0.035041 ***
2025-11-12 15:19:43,311 - INFO - 
--- 正在尝试构建 6 个专家的模型 ---
2025-11-12 15:19:43,311 - INFO -   正在基于当前最佳模型寻找拟合最差的区域...
2025-11-12 15:19:43,328 - INFO -   误差最大的点 (索引 107, Loss: 0.1599) 被选为新中心。
2025-11-12 15:19:43,331 - INFO - 已向候选模型添加新专家。当前专家总数: 6
2025-11-12 15:19:56,515 - INFO -   早停触发 (Epoch 199)！
2025-11-12 15:19:56,515 - INFO - --- 候选模型 (专家数: 6) 训练完成。本轮最佳 Val RMSE: 0.037387 ---
2025-11-12 15:19:56,515 - WARNING - 候选模型未带来提升 (当前最佳 RMSE: 0.035041)。将回滚并基于之前的最佳模型继续探索。
2025-11-12 15:19:56,515 - INFO - 
--- 正在尝试构建 7 个专家的模型 ---
2025-11-12 15:19:56,515 - INFO -   正在基于当前最佳模型寻找拟合最差的区域...
2025-11-12 15:19:56,531 - INFO -   误差最大的点 (索引 107, Loss: 0.1599) 被选为新中心。
2025-11-12 15:19:56,535 - INFO - 已向候选模型添加新专家。当前专家总数: 6
2025-11-12 15:20:04,599 - INFO -   早停触发 (Epoch 126)！
2025-11-12 15:20:04,599 - INFO - --- 候选模型 (专家数: 7) 训练完成。本轮最佳 Val RMSE: 0.045349 ---
2025-11-12 15:20:04,599 - WARNING - 候选模型未带来提升 (当前最佳 RMSE: 0.035041)。将回滚并基于之前的最佳模型继续探索。
2025-11-12 15:20:04,599 - INFO - 
--- 正在尝试构建 8 个专家的模型 ---
2025-11-12 15:20:04,599 - INFO -   正在基于当前最佳模型寻找拟合最差的区域...
2025-11-12 15:20:04,617 - INFO -   误差最大的点 (索引 107, Loss: 0.1599) 被选为新中心。
2025-11-12 15:20:04,620 - INFO - 已向候选模型添加新专家。当前专家总数: 6
2025-11-12 15:20:19,487 - INFO -   早停触发 (Epoch 232)！
2025-11-12 15:20:19,487 - INFO - --- 候选模型 (专家数: 8) 训练完成。本轮最佳 Val RMSE: 0.097412 ---
2025-11-12 15:20:19,488 - WARNING - 候选模型未带来提升 (当前最佳 RMSE: 0.035041)。将回滚并基于之前的最佳模型继续探索。
2025-11-12 15:20:19,488 - INFO - 
--- 正在尝试构建 9 个专家的模型 ---
2025-11-12 15:20:19,488 - INFO -   正在基于当前最佳模型寻找拟合最差的区域...
2025-11-12 15:20:19,504 - INFO -   误差最大的点 (索引 107, Loss: 0.1599) 被选为新中心。
2025-11-12 15:20:19,507 - INFO - 已向候选模型添加新专家。当前专家总数: 6
2025-11-12 15:20:32,508 - INFO -   早停触发 (Epoch 205)！
2025-11-12 15:20:32,509 - INFO - --- 候选模型 (专家数: 9) 训练完成。本轮最佳 Val RMSE: 0.037664 ---
2025-11-12 15:20:32,509 - WARNING - 候选模型未带来提升 (当前最佳 RMSE: 0.035041)。将回滚并基于之前的最佳模型继续探索。
2025-11-12 15:20:32,509 - INFO - 
--- 正在尝试构建 10 个专家的模型 ---
2025-11-12 15:20:32,509 - INFO -   正在基于当前最佳模型寻找拟合最差的区域...
2025-11-12 15:20:32,525 - INFO -   误差最大的点 (索引 107, Loss: 0.1599) 被选为新中心。
2025-11-12 15:20:32,529 - INFO - 已向候选模型添加新专家。当前专家总数: 6
2025-11-12 15:21:08,949 - INFO -   早停触发 (Epoch 554)！
2025-11-12 15:21:08,949 - INFO - --- 候选模型 (专家数: 10) 训练完成。本轮最佳 Val RMSE: 0.064425 ---
2025-11-12 15:21:08,949 - WARNING - 候选模型未带来提升 (当前最佳 RMSE: 0.035041)。将回滚并基于之前的最佳模型继续探索。
2025-11-12 15:21:08,949 - INFO - 
--- 正在尝试构建 11 个专家的模型 ---
2025-11-12 15:21:08,949 - INFO -   正在基于当前最佳模型寻找拟合最差的区域...
2025-11-12 15:21:08,966 - INFO -   误差最大的点 (索引 107, Loss: 0.1599) 被选为新中心。
2025-11-12 15:21:08,969 - INFO - 已向候选模型添加新专家。当前专家总数: 6
2025-11-12 15:21:24,225 - INFO -   早停触发 (Epoch 233)！
2025-11-12 15:21:24,225 - INFO - --- 候选模型 (专家数: 11) 训练完成。本轮最佳 Val RMSE: 0.037881 ---
2025-11-12 15:21:24,225 - WARNING - 候选模型未带来提升 (当前最佳 RMSE: 0.035041)。将回滚并基于之前的最佳模型继续探索。
2025-11-12 15:21:24,225 - INFO - 
--- 正在尝试构建 12 个专家的模型 ---
2025-11-12 15:21:24,225 - INFO -   正在基于当前最佳模型寻找拟合最差的区域...
2025-11-12 15:21:24,241 - INFO -   误差最大的点 (索引 107, Loss: 0.1599) 被选为新中心。
2025-11-12 15:21:24,245 - INFO - 已向候选模型添加新专家。当前专家总数: 6
2025-11-12 15:22:15,504 - INFO -   早停触发 (Epoch 826)！
2025-11-12 15:22:15,504 - INFO - --- 候选模型 (专家数: 12) 训练完成。本轮最佳 Val RMSE: 0.036293 ---
2025-11-12 15:22:15,504 - WARNING - 候选模型未带来提升 (当前最佳 RMSE: 0.035041)。将回滚并基于之前的最佳模型继续探索。
2025-11-12 15:22:15,504 - INFO - 
--- 正在尝试构建 13 个专家的模型 ---
2025-11-12 15:22:15,504 - INFO -   正在基于当前最佳模型寻找拟合最差的区域...
2025-11-12 15:22:15,521 - INFO -   误差最大的点 (索引 107, Loss: 0.1599) 被选为新中心。
2025-11-12 15:22:15,524 - INFO - 已向候选模型添加新专家。当前专家总数: 6
2025-11-12 15:22:31,915 - INFO -   早停触发 (Epoch 251)！
2025-11-12 15:22:31,915 - INFO - --- 候选模型 (专家数: 13) 训练完成。本轮最佳 Val RMSE: 0.037727 ---
2025-11-12 15:22:31,915 - WARNING - 候选模型未带来提升 (当前最佳 RMSE: 0.035041)。将回滚并基于之前的最佳模型继续探索。
2025-11-12 15:22:31,915 - INFO - 
--- 正在尝试构建 14 个专家的模型 ---
2025-11-12 15:22:31,915 - INFO -   正在基于当前最佳模型寻找拟合最差的区域...
2025-11-12 15:22:31,931 - INFO -   误差最大的点 (索引 107, Loss: 0.1599) 被选为新中心。
2025-11-12 15:22:31,935 - INFO - 已向候选模型添加新专家。当前专家总数: 6
2025-11-12 15:22:41,865 - INFO -   早停触发 (Epoch 151)！
2025-11-12 15:22:41,865 - INFO - --- 候选模型 (专家数: 14) 训练完成。本轮最佳 Val RMSE: 0.037949 ---
2025-11-12 15:22:41,865 - WARNING - 候选模型未带来提升 (当前最佳 RMSE: 0.035041)。将回滚并基于之前的最佳模型继续探索。
2025-11-12 15:22:41,865 - INFO - 
--- 正在尝试构建 15 个专家的模型 ---
2025-11-12 15:22:41,865 - INFO -   正在基于当前最佳模型寻找拟合最差的区域...
2025-11-12 15:22:41,882 - INFO -   误差最大的点 (索引 107, Loss: 0.1599) 被选为新中心。
2025-11-12 15:22:41,885 - INFO - 已向候选模型添加新专家。当前专家总数: 6
2025-11-12 15:22:52,902 - INFO -   早停触发 (Epoch 167)！
2025-11-12 15:22:52,902 - INFO - --- 候选模型 (专家数: 15) 训练完成。本轮最佳 Val RMSE: 0.039382 ---
2025-11-12 15:22:52,902 - WARNING - 候选模型未带来提升 (当前最佳 RMSE: 0.035041)。将回滚并基于之前的最佳模型继续探索。
2025-11-12 15:22:52,902 - INFO - 
--- 正在尝试构建 16 个专家的模型 ---
2025-11-12 15:22:52,902 - INFO -   正在基于当前最佳模型寻找拟合最差的区域...
2025-11-12 15:22:52,919 - INFO -   误差最大的点 (索引 107, Loss: 0.1599) 被选为新中心。
2025-11-12 15:22:52,922 - INFO - 已向候选模型添加新专家。当前专家总数: 6
2025-11-12 15:23:06,161 - INFO -   早停触发 (Epoch 214)！
2025-11-12 15:23:06,161 - INFO - --- 候选模型 (专家数: 16) 训练完成。本轮最佳 Val RMSE: 0.038319 ---
2025-11-12 15:23:06,161 - WARNING - 候选模型未带来提升 (当前最佳 RMSE: 0.035041)。将回滚并基于之前的最佳模型继续探索。
2025-11-12 15:23:06,161 - INFO - 
--- 正在尝试构建 17 个专家的模型 ---
2025-11-12 15:23:06,161 - INFO -   正在基于当前最佳模型寻找拟合最差的区域...
2025-11-12 15:23:06,178 - INFO -   误差最大的点 (索引 107, Loss: 0.1599) 被选为新中心。
2025-11-12 15:23:06,181 - INFO - 已向候选模型添加新专家。当前专家总数: 6
2025-11-12 15:23:15,738 - INFO -   早停触发 (Epoch 157)！
2025-11-12 15:23:15,738 - INFO - --- 候选模型 (专家数: 17) 训练完成。本轮最佳 Val RMSE: 0.038109 ---
2025-11-12 15:23:15,738 - WARNING - 候选模型未带来提升 (当前最佳 RMSE: 0.035041)。将回滚并基于之前的最佳模型继续探索。
2025-11-12 15:23:15,738 - INFO - 
--- 正在尝试构建 18 个专家的模型 ---
2025-11-12 15:23:15,738 - INFO -   正在基于当前最佳模型寻找拟合最差的区域...
2025-11-12 15:23:15,755 - INFO -   误差最大的点 (索引 107, Loss: 0.1599) 被选为新中心。
2025-11-12 15:23:15,758 - INFO - 已向候选模型添加新专家。当前专家总数: 6
2025-11-12 15:23:28,380 - INFO -   早停触发 (Epoch 193)！
2025-11-12 15:23:28,381 - INFO - --- 候选模型 (专家数: 18) 训练完成。本轮最佳 Val RMSE: 0.037909 ---
2025-11-12 15:23:28,381 - WARNING - 候选模型未带来提升 (当前最佳 RMSE: 0.035041)。将回滚并基于之前的最佳模型继续探索。
2025-11-12 15:23:28,381 - INFO - 
--- 正在尝试构建 19 个专家的模型 ---
2025-11-12 15:23:28,381 - INFO -   正在基于当前最佳模型寻找拟合最差的区域...
2025-11-12 15:23:28,397 - INFO -   误差最大的点 (索引 107, Loss: 0.1599) 被选为新中心。
2025-11-12 15:23:28,401 - INFO - 已向候选模型添加新专家。当前专家总数: 6
2025-11-12 15:23:43,083 - INFO -   早停触发 (Epoch 223)！
2025-11-12 15:23:43,084 - INFO - --- 候选模型 (专家数: 19) 训练完成。本轮最佳 Val RMSE: 0.044002 ---
2025-11-12 15:23:43,084 - WARNING - 候选模型未带来提升 (当前最佳 RMSE: 0.035041)。将回滚并基于之前的最佳模型继续探索。
2025-11-12 15:23:43,084 - INFO - 
--- 正在尝试构建 20 个专家的模型 ---
2025-11-12 15:23:43,084 - INFO -   正在基于当前最佳模型寻找拟合最差的区域...
2025-11-12 15:23:43,100 - INFO -   误差最大的点 (索引 107, Loss: 0.1599) 被选为新中心。
2025-11-12 15:23:43,104 - INFO - 已向候选模型添加新专家。当前专家总数: 6
2025-11-12 15:23:58,974 - INFO -   早停触发 (Epoch 243)！
2025-11-12 15:23:58,974 - INFO - --- 候选模型 (专家数: 20) 训练完成。本轮最佳 Val RMSE: 0.036495 ---
2025-11-12 15:23:58,974 - WARNING - 候选模型未带来提升 (当前最佳 RMSE: 0.035041)。将回滚并基于之前的最佳模型继续探索。
2025-11-12 15:23:58,974 - INFO - 
==============================
训练结束。最终模型已确定。
专家数: 5, 最佳 Val RMSE: 0.035041
==============================
2025-11-12 15:23:58,977 - INFO - 迭代式 MoE 回归器 (含 5 个专家) 已保存到 function_fitting_results/Incomplete_Elliptic_Integral_K_model.pth
2025-11-12 15:23:58,978 - INFO - 训练摘要已保存到: function_fitting_results/Incomplete_Elliptic_Integral_K_summary.json
2025-11-12 15:23:58,978 - INFO - 训练完成，正在加载最佳模型并进行可视化...
2025-11-12 15:23:58,980 - INFO - CoFrNetRegressor_MoE (Rollback Logic) 初始化完毕，将在 cuda 上运行。
2025-11-12 15:23:58,980 - INFO - 已向候选模型添加新专家。当前专家总数: 1
2025-11-12 15:23:58,981 - INFO - 已向候选模型添加新专家。当前专家总数: 2
2025-11-12 15:23:58,981 - INFO - 已向候选模型添加新专家。当前专家总数: 3
2025-11-12 15:23:58,981 - INFO - 已向候选模型添加新专家。当前专家总数: 4
2025-11-12 15:23:58,982 - INFO - 已向候选模型添加新专家。当前专家总数: 5
2025-11-12 15:23:58,983 - INFO - 回归器从 function_fitting_results/Incomplete_Elliptic_Integral_K_model.pth 加载成功。专家数量: 5
2025-11-12 15:23:59,480 - INFO - 结果图已保存至: function_fitting_results/Incomplete_Elliptic_Integral_K_fit.png
