2025-11-12 15:12:22,804 - INFO - 日志将同时输出到控制台和文件: function_fitting_results/Jacobian_Elliptic_sn.log
2025-11-12 15:12:22,804 - INFO - 
============================================================
正在开始拟合任务: Jacobian_Elliptic_sn
============================================================
2025-11-12 15:12:22,805 - INFO - 生成了 2500 个有效数据点。
2025-11-12 15:12:23,008 - INFO - CoFrNetRegressor_MoE (Rollback Logic) 初始化完毕，将在 cuda 上运行。
2025-11-12 15:12:23,009 - INFO - 
--- 正在尝试构建 1 个专家的模型 ---
2025-11-12 15:12:23,009 - INFO -   使用数据均值作为第一个专家的 RBF 中心。
2025-11-12 15:12:23,010 - INFO - 已向候选模型添加新专家。当前专家总数: 1
2025-11-12 15:12:27,879 - INFO -   早停触发 (Epoch 154)！
2025-11-12 15:12:27,879 - INFO - --- 候选模型 (专家数: 1) 训练完成。本轮最佳 Val RMSE: 0.121284 ---
2025-11-12 15:12:27,880 - INFO - *** 新的最佳模型被接受！专家数: 1, 验证集 RMSE: 0.121284 ***
2025-11-12 15:12:27,880 - INFO - 
--- 正在尝试构建 2 个专家的模型 ---
2025-11-12 15:12:27,880 - INFO -   正在基于当前最佳模型寻找拟合最差的区域...
2025-11-12 15:12:27,891 - INFO -   误差最大的点 (索引 224, Loss: 1.0924) 被选为新中心。
2025-11-12 15:12:27,892 - INFO - 已向候选模型添加新专家。当前专家总数: 2
2025-11-12 15:12:33,550 - INFO -   早停触发 (Epoch 126)！
2025-11-12 15:12:33,550 - INFO - --- 候选模型 (专家数: 2) 训练完成。本轮最佳 Val RMSE: 0.122300 ---
2025-11-12 15:12:33,550 - WARNING - 候选模型未带来提升 (当前最佳 RMSE: 0.121284)。将回滚并基于之前的最佳模型继续探索。
2025-11-12 15:12:33,550 - INFO - 
--- 正在尝试构建 3 个专家的模型 ---
2025-11-12 15:12:33,550 - INFO -   正在基于当前最佳模型寻找拟合最差的区域...
2025-11-12 15:12:33,561 - INFO -   误差最大的点 (索引 224, Loss: 1.0924) 被选为新中心。
2025-11-12 15:12:33,562 - INFO - 已向候选模型添加新专家。当前专家总数: 2
2025-11-12 15:12:47,302 - INFO -   早停触发 (Epoch 313)！
2025-11-12 15:12:47,302 - INFO - --- 候选模型 (专家数: 3) 训练完成。本轮最佳 Val RMSE: 0.097046 ---
2025-11-12 15:12:47,304 - INFO - *** 新的最佳模型被接受！专家数: 3, 验证集 RMSE: 0.097046 ***
2025-11-12 15:12:47,304 - INFO - 
--- 正在尝试构建 4 个专家的模型 ---
2025-11-12 15:12:47,304 - INFO -   正在基于当前最佳模型寻找拟合最差的区域...
2025-11-12 15:12:47,318 - INFO -   误差最大的点 (索引 1586, Loss: 0.8658) 被选为新中心。
2025-11-12 15:12:47,320 - INFO - 已向候选模型添加新专家。当前专家总数: 3
2025-11-12 15:12:55,747 - INFO -   早停触发 (Epoch 148)！
2025-11-12 15:12:55,747 - INFO - --- 候选模型 (专家数: 4) 训练完成。本轮最佳 Val RMSE: 0.071777 ---
2025-11-12 15:12:55,749 - INFO - *** 新的最佳模型被接受！专家数: 4, 验证集 RMSE: 0.071777 ***
2025-11-12 15:12:55,749 - INFO - 
--- 正在尝试构建 5 个专家的模型 ---
2025-11-12 15:12:55,749 - INFO -   正在基于当前最佳模型寻找拟合最差的区域...
2025-11-12 15:12:55,767 - INFO -   误差最大的点 (索引 1586, Loss: 0.4085) 被选为新中心。
2025-11-12 15:12:55,770 - INFO - 已向候选模型添加新专家。当前专家总数: 4
2025-11-12 15:12:59,785 - INFO -   早停触发 (Epoch 57)！
2025-11-12 15:12:59,785 - INFO - --- 候选模型 (专家数: 5) 训练完成。本轮最佳 Val RMSE: 0.263134 ---
2025-11-12 15:12:59,785 - WARNING - 候选模型未带来提升 (当前最佳 RMSE: 0.071777)。将回滚并基于之前的最佳模型继续探索。
2025-11-12 15:12:59,785 - INFO - 
--- 正在尝试构建 6 个专家的模型 ---
2025-11-12 15:12:59,785 - INFO -   正在基于当前最佳模型寻找拟合最差的区域...
2025-11-12 15:12:59,804 - INFO -   误差最大的点 (索引 1586, Loss: 0.4085) 被选为新中心。
2025-11-12 15:12:59,806 - INFO - 已向候选模型添加新专家。当前专家总数: 4
2025-11-12 15:13:42,617 - INFO -   早停触发 (Epoch 596)！
2025-11-12 15:13:42,617 - INFO - --- 候选模型 (专家数: 6) 训练完成。本轮最佳 Val RMSE: 0.018821 ---
2025-11-12 15:13:42,620 - INFO - *** 新的最佳模型被接受！专家数: 6, 验证集 RMSE: 0.018821 ***
2025-11-12 15:13:42,620 - INFO - 
--- 正在尝试构建 7 个专家的模型 ---
2025-11-12 15:13:42,620 - INFO -   正在基于当前最佳模型寻找拟合最差的区域...
2025-11-12 15:13:42,642 - INFO -   误差最大的点 (索引 1891, Loss: 0.1082) 被选为新中心。
2025-11-12 15:13:42,645 - INFO - 已向候选模型添加新专家。当前专家总数: 5
2025-11-12 15:13:51,975 - INFO -   早停触发 (Epoch 109)！
2025-11-12 15:13:51,975 - INFO - --- 候选模型 (专家数: 7) 训练完成。本轮最佳 Val RMSE: 0.021139 ---
2025-11-12 15:13:51,975 - WARNING - 候选模型未带来提升 (当前最佳 RMSE: 0.018821)。将回滚并基于之前的最佳模型继续探索。
2025-11-12 15:13:51,975 - INFO - 
--- 正在尝试构建 8 个专家的模型 ---
2025-11-12 15:13:51,975 - INFO -   正在基于当前最佳模型寻找拟合最差的区域...
2025-11-12 15:13:51,997 - INFO -   误差最大的点 (索引 1891, Loss: 0.1082) 被选为新中心。
2025-11-12 15:13:52,000 - INFO - 已向候选模型添加新专家。当前专家总数: 5
2025-11-12 15:14:09,443 - INFO -   早停触发 (Epoch 218)！
2025-11-12 15:14:09,444 - INFO - --- 候选模型 (专家数: 8) 训练完成。本轮最佳 Val RMSE: 0.017618 ---
2025-11-12 15:14:09,447 - INFO - *** 新的最佳模型被接受！专家数: 8, 验证集 RMSE: 0.017618 ***
2025-11-12 15:14:09,447 - INFO - 
--- 正在尝试构建 9 个专家的模型 ---
2025-11-12 15:14:09,447 - INFO -   正在基于当前最佳模型寻找拟合最差的区域...
2025-11-12 15:14:09,473 - INFO -   误差最大的点 (索引 190, Loss: 0.0491) 被选为新中心。
2025-11-12 15:14:09,476 - INFO - 已向候选模型添加新专家。当前专家总数: 6
2025-11-12 15:14:26,451 - INFO -   早停触发 (Epoch 183)！
2025-11-12 15:14:26,451 - INFO - --- 候选模型 (专家数: 9) 训练完成。本轮最佳 Val RMSE: 0.020322 ---
2025-11-12 15:14:26,451 - WARNING - 候选模型未带来提升 (当前最佳 RMSE: 0.017618)。将回滚并基于之前的最佳模型继续探索。
2025-11-12 15:14:26,451 - INFO - 
--- 正在尝试构建 10 个专家的模型 ---
2025-11-12 15:14:26,451 - INFO -   正在基于当前最佳模型寻找拟合最差的区域...
2025-11-12 15:14:26,477 - INFO -   误差最大的点 (索引 190, Loss: 0.0491) 被选为新中心。
2025-11-12 15:14:26,481 - INFO - 已向候选模型添加新专家。当前专家总数: 6
2025-11-12 15:14:49,268 - INFO -   早停触发 (Epoch 231)！
2025-11-12 15:14:49,268 - INFO - --- 候选模型 (专家数: 10) 训练完成。本轮最佳 Val RMSE: 0.017864 ---
2025-11-12 15:14:49,268 - WARNING - 候选模型未带来提升 (当前最佳 RMSE: 0.017618)。将回滚并基于之前的最佳模型继续探索。
2025-11-12 15:14:49,268 - INFO - 
--- 正在尝试构建 11 个专家的模型 ---
2025-11-12 15:14:49,268 - INFO -   正在基于当前最佳模型寻找拟合最差的区域...
2025-11-12 15:14:49,294 - INFO -   误差最大的点 (索引 190, Loss: 0.0491) 被选为新中心。
2025-11-12 15:14:49,298 - INFO - 已向候选模型添加新专家。当前专家总数: 6
2025-11-12 15:15:01,379 - INFO -   早停触发 (Epoch 127)！
2025-11-12 15:15:01,379 - INFO - --- 候选模型 (专家数: 11) 训练完成。本轮最佳 Val RMSE: 0.020735 ---
2025-11-12 15:15:01,379 - WARNING - 候选模型未带来提升 (当前最佳 RMSE: 0.017618)。将回滚并基于之前的最佳模型继续探索。
2025-11-12 15:15:01,379 - INFO - 
--- 正在尝试构建 12 个专家的模型 ---
2025-11-12 15:15:01,379 - INFO -   正在基于当前最佳模型寻找拟合最差的区域...
2025-11-12 15:15:01,406 - INFO -   误差最大的点 (索引 190, Loss: 0.0491) 被选为新中心。
2025-11-12 15:15:01,409 - INFO - 已向候选模型添加新专家。当前专家总数: 6
2025-11-12 15:15:16,976 - INFO -   早停触发 (Epoch 166)！
2025-11-12 15:15:16,976 - INFO - --- 候选模型 (专家数: 12) 训练完成。本轮最佳 Val RMSE: 0.024588 ---
2025-11-12 15:15:16,976 - WARNING - 候选模型未带来提升 (当前最佳 RMSE: 0.017618)。将回滚并基于之前的最佳模型继续探索。
2025-11-12 15:15:16,976 - INFO - 
--- 正在尝试构建 13 个专家的模型 ---
2025-11-12 15:15:16,976 - INFO -   正在基于当前最佳模型寻找拟合最差的区域...
2025-11-12 15:15:17,002 - INFO -   误差最大的点 (索引 190, Loss: 0.0491) 被选为新中心。
2025-11-12 15:15:17,006 - INFO - 已向候选模型添加新专家。当前专家总数: 6
2025-11-12 15:15:35,601 - INFO -   早停触发 (Epoch 188)！
2025-11-12 15:15:35,601 - INFO - --- 候选模型 (专家数: 13) 训练完成。本轮最佳 Val RMSE: 0.020092 ---
2025-11-12 15:15:35,601 - WARNING - 候选模型未带来提升 (当前最佳 RMSE: 0.017618)。将回滚并基于之前的最佳模型继续探索。
2025-11-12 15:15:35,601 - INFO - 
--- 正在尝试构建 14 个专家的模型 ---
2025-11-12 15:15:35,601 - INFO -   正在基于当前最佳模型寻找拟合最差的区域...
2025-11-12 15:15:35,627 - INFO -   误差最大的点 (索引 190, Loss: 0.0491) 被选为新中心。
2025-11-12 15:15:35,630 - INFO - 已向候选模型添加新专家。当前专家总数: 6
2025-11-12 15:15:53,099 - INFO -   早停触发 (Epoch 190)！
2025-11-12 15:15:53,099 - INFO - --- 候选模型 (专家数: 14) 训练完成。本轮最佳 Val RMSE: 0.018258 ---
2025-11-12 15:15:53,099 - WARNING - 候选模型未带来提升 (当前最佳 RMSE: 0.017618)。将回滚并基于之前的最佳模型继续探索。
2025-11-12 15:15:53,099 - INFO - 
--- 正在尝试构建 15 个专家的模型 ---
2025-11-12 15:15:53,099 - INFO -   正在基于当前最佳模型寻找拟合最差的区域...
2025-11-12 15:15:53,125 - INFO -   误差最大的点 (索引 190, Loss: 0.0491) 被选为新中心。
2025-11-12 15:15:53,129 - INFO - 已向候选模型添加新专家。当前专家总数: 6
2025-11-12 15:16:05,229 - INFO -   早停触发 (Epoch 131)！
2025-11-12 15:16:05,230 - INFO - --- 候选模型 (专家数: 15) 训练完成。本轮最佳 Val RMSE: 0.020944 ---
2025-11-12 15:16:05,230 - WARNING - 候选模型未带来提升 (当前最佳 RMSE: 0.017618)。将回滚并基于之前的最佳模型继续探索。
2025-11-12 15:16:05,230 - INFO - 
--- 正在尝试构建 16 个专家的模型 ---
2025-11-12 15:16:05,230 - INFO -   正在基于当前最佳模型寻找拟合最差的区域...
2025-11-12 15:16:05,255 - INFO -   误差最大的点 (索引 190, Loss: 0.0491) 被选为新中心。
2025-11-12 15:16:05,259 - INFO - 已向候选模型添加新专家。当前专家总数: 6
2025-11-12 15:16:14,816 - INFO -   早停触发 (Epoch 104)！
2025-11-12 15:16:14,816 - INFO - --- 候选模型 (专家数: 16) 训练完成。本轮最佳 Val RMSE: 0.020236 ---
2025-11-12 15:16:14,816 - WARNING - 候选模型未带来提升 (当前最佳 RMSE: 0.017618)。将回滚并基于之前的最佳模型继续探索。
2025-11-12 15:16:14,816 - INFO - 
--- 正在尝试构建 17 个专家的模型 ---
2025-11-12 15:16:14,816 - INFO -   正在基于当前最佳模型寻找拟合最差的区域...
2025-11-12 15:16:14,842 - INFO -   误差最大的点 (索引 190, Loss: 0.0491) 被选为新中心。
2025-11-12 15:16:14,846 - INFO - 已向候选模型添加新专家。当前专家总数: 6
2025-11-12 15:16:44,196 - INFO -   早停触发 (Epoch 293)！
2025-11-12 15:16:44,196 - INFO - --- 候选模型 (专家数: 17) 训练完成。本轮最佳 Val RMSE: 0.020018 ---
2025-11-12 15:16:44,196 - WARNING - 候选模型未带来提升 (当前最佳 RMSE: 0.017618)。将回滚并基于之前的最佳模型继续探索。
2025-11-12 15:16:44,196 - INFO - 
--- 正在尝试构建 18 个专家的模型 ---
2025-11-12 15:16:44,196 - INFO -   正在基于当前最佳模型寻找拟合最差的区域...
2025-11-12 15:16:44,222 - INFO -   误差最大的点 (索引 190, Loss: 0.0491) 被选为新中心。
2025-11-12 15:16:44,226 - INFO - 已向候选模型添加新专家。当前专家总数: 6
2025-11-12 15:17:07,453 - INFO -   早停触发 (Epoch 233)！
2025-11-12 15:17:07,453 - INFO - --- 候选模型 (专家数: 18) 训练完成。本轮最佳 Val RMSE: 0.020132 ---
2025-11-12 15:17:07,453 - WARNING - 候选模型未带来提升 (当前最佳 RMSE: 0.017618)。将回滚并基于之前的最佳模型继续探索。
2025-11-12 15:17:07,453 - INFO - 
--- 正在尝试构建 19 个专家的模型 ---
2025-11-12 15:17:07,453 - INFO -   正在基于当前最佳模型寻找拟合最差的区域...
2025-11-12 15:17:07,479 - INFO -   误差最大的点 (索引 190, Loss: 0.0491) 被选为新中心。
2025-11-12 15:17:07,483 - INFO - 已向候选模型添加新专家。当前专家总数: 6
2025-11-12 15:17:21,795 - INFO -   早停触发 (Epoch 143)！
2025-11-12 15:17:21,796 - INFO - --- 候选模型 (专家数: 19) 训练完成。本轮最佳 Val RMSE: 0.019315 ---
2025-11-12 15:17:21,796 - WARNING - 候选模型未带来提升 (当前最佳 RMSE: 0.017618)。将回滚并基于之前的最佳模型继续探索。
2025-11-12 15:17:21,796 - INFO - 
--- 正在尝试构建 20 个专家的模型 ---
2025-11-12 15:17:21,796 - INFO -   正在基于当前最佳模型寻找拟合最差的区域...
2025-11-12 15:17:21,822 - INFO -   误差最大的点 (索引 190, Loss: 0.0491) 被选为新中心。
2025-11-12 15:17:21,825 - INFO - 已向候选模型添加新专家。当前专家总数: 6
2025-11-12 15:17:36,733 - INFO -   早停触发 (Epoch 146)！
2025-11-12 15:17:36,733 - INFO - --- 候选模型 (专家数: 20) 训练完成。本轮最佳 Val RMSE: 0.021264 ---
2025-11-12 15:17:36,733 - WARNING - 候选模型未带来提升 (当前最佳 RMSE: 0.017618)。将回滚并基于之前的最佳模型继续探索。
2025-11-12 15:17:36,733 - INFO - 
==============================
训练结束。最终模型已确定。
专家数: 5, 最佳 Val RMSE: 0.017618
==============================
2025-11-12 15:17:36,738 - INFO - 迭代式 MoE 回归器 (含 5 个专家) 已保存到 function_fitting_results/Jacobian_Elliptic_sn_model.pth
2025-11-12 15:17:36,738 - INFO - 训练摘要已保存到: function_fitting_results/Jacobian_Elliptic_sn_summary.json
2025-11-12 15:17:36,738 - INFO - 训练完成，正在加载最佳模型并进行可视化...
2025-11-12 15:17:36,740 - INFO - CoFrNetRegressor_MoE (Rollback Logic) 初始化完毕，将在 cuda 上运行。
2025-11-12 15:17:36,741 - INFO - 已向候选模型添加新专家。当前专家总数: 1
2025-11-12 15:17:36,741 - INFO - 已向候选模型添加新专家。当前专家总数: 2
2025-11-12 15:17:36,741 - INFO - 已向候选模型添加新专家。当前专家总数: 3
2025-11-12 15:17:36,742 - INFO - 已向候选模型添加新专家。当前专家总数: 4
2025-11-12 15:17:36,742 - INFO - 已向候选模型添加新专家。当前专家总数: 5
2025-11-12 15:17:36,744 - INFO - 回归器从 function_fitting_results/Jacobian_Elliptic_sn_model.pth 加载成功。专家数量: 5
2025-11-12 15:17:37,536 - INFO - 结果图已保存至: function_fitting_results/Jacobian_Elliptic_sn_fit.png
