2025-11-12 15:38:40,075 - INFO - 日志将同时输出到控制台和文件: function_fitting_results/Modified_Bessel_Kv.log
2025-11-12 15:38:40,075 - INFO - 
============================================================
正在开始拟合任务: Modified_Bessel_Kv
============================================================
2025-11-12 15:38:40,076 - INFO - 生成了 1600 个有效数据点。
2025-11-12 15:38:40,076 - INFO - CoFrNetRegressor_MoE (Rollback Logic) 初始化完毕，将在 cuda 上运行。
2025-11-12 15:38:40,077 - INFO - 
--- 正在尝试构建 1 个专家的模型 ---
2025-11-12 15:38:40,077 - INFO -   使用数据均值作为第一个专家的 RBF 中心。
2025-11-12 15:38:40,077 - INFO - 已向候选模型添加新专家。当前专家总数: 1
2025-11-12 15:38:58,851 - INFO - --- 候选模型 (专家数: 1) 训练完成。本轮最佳 Val RMSE: 50860.011888 ---
2025-11-12 15:38:58,852 - INFO - *** 新的最佳模型被接受！专家数: 1, 验证集 RMSE: 50860.011888 ***
2025-11-12 15:38:58,852 - INFO - 
--- 正在尝试构建 2 个专家的模型 ---
2025-11-12 15:38:58,852 - INFO -   正在基于当前最佳模型寻找拟合最差的区域...
2025-11-12 15:38:58,859 - INFO -   误差最大的点 (索引 350, Loss: 1472651407130624.0000) 被选为新中心。
2025-11-12 15:38:58,860 - INFO - 已向候选模型添加新专家。当前专家总数: 2
2025-11-12 15:39:26,785 - INFO - --- 候选模型 (专家数: 2) 训练完成。本轮最佳 Val RMSE: 50859.587634 ---
2025-11-12 15:39:26,787 - INFO - *** 新的最佳模型被接受！专家数: 2, 验证集 RMSE: 50859.587634 ***
2025-11-12 15:39:26,787 - INFO - 
--- 正在尝试构建 3 个专家的模型 ---
2025-11-12 15:39:26,787 - INFO -   正在基于当前最佳模型寻找拟合最差的区域...
2025-11-12 15:39:26,796 - INFO -   误差最大的点 (索引 350, Loss: 1472651004477440.0000) 被选为新中心。
2025-11-12 15:39:26,798 - INFO - 已向候选模型添加新专家。当前专家总数: 3
2025-11-12 15:40:01,655 - INFO - --- 候选模型 (专家数: 3) 训练完成。本轮最佳 Val RMSE: 50763.523352 ---
2025-11-12 15:40:01,657 - INFO - *** 新的最佳模型被接受！专家数: 3, 验证集 RMSE: 50763.523352 ***
2025-11-12 15:40:01,657 - INFO - 
--- 正在尝试构建 4 个专家的模型 ---
2025-11-12 15:40:01,657 - INFO -   正在基于当前最佳模型寻找拟合最差的区域...
2025-11-12 15:40:01,668 - INFO -   误差最大的点 (索引 350, Loss: 1472583895613440.0000) 被选为新中心。
2025-11-12 15:40:01,671 - INFO - 已向候选模型添加新专家。当前专家总数: 4
2025-11-12 15:40:46,766 - INFO - --- 候选模型 (专家数: 4) 训练完成。本轮最佳 Val RMSE: 50668.052938 ---
2025-11-12 15:40:46,769 - INFO - *** 新的最佳模型被接受！专家数: 4, 验证集 RMSE: 50668.052938 ***
2025-11-12 15:40:46,769 - INFO - 
--- 正在尝试构建 5 个专家的模型 ---
2025-11-12 15:40:46,769 - INFO -   正在基于当前最佳模型寻找拟合最差的区域...
2025-11-12 15:40:46,783 - INFO -   误差最大的点 (索引 350, Loss: 1472516920967168.0000) 被选为新中心。
2025-11-12 15:40:46,786 - INFO - 已向候选模型添加新专家。当前专家总数: 5
2025-11-12 15:41:43,913 - INFO - --- 候选模型 (专家数: 5) 训练完成。本轮最佳 Val RMSE: 50573.605574 ---
2025-11-12 15:41:43,916 - INFO - *** 新的最佳模型被接受！专家数: 5, 验证集 RMSE: 50573.605574 ***
2025-11-12 15:41:43,916 - INFO - 
--- 正在尝试构建 6 个专家的模型 ---
2025-11-12 15:41:43,916 - INFO -   正在基于当前最佳模型寻找拟合最差的区域...
2025-11-12 15:41:43,932 - INFO -   误差最大的点 (索引 350, Loss: 1472449946320896.0000) 被选为新中心。
2025-11-12 15:41:43,936 - INFO - 已向候选模型添加新专家。当前专家总数: 6
2025-11-12 15:42:50,139 - INFO - --- 候选模型 (专家数: 6) 训练完成。本轮最佳 Val RMSE: 50479.283667 ---
2025-11-12 15:42:50,142 - INFO - *** 新的最佳模型被接受！专家数: 6, 验证集 RMSE: 50479.283667 ***
2025-11-12 15:42:50,142 - INFO - 
--- 正在尝试构建 7 个专家的模型 ---
2025-11-12 15:42:50,142 - INFO -   正在基于当前最佳模型寻找拟合最差的区域...
2025-11-12 15:42:50,162 - INFO -   误差最大的点 (索引 350, Loss: 1472383105892352.0000) 被选为新中心。
2025-11-12 15:42:50,166 - INFO - 已向候选模型添加新专家。当前专家总数: 7
2025-11-12 15:44:04,888 - INFO - --- 候选模型 (专家数: 7) 训练完成。本轮最佳 Val RMSE: 50385.920179 ---
2025-11-12 15:44:04,893 - INFO - *** 新的最佳模型被接受！专家数: 7, 验证集 RMSE: 50385.920179 ***
2025-11-12 15:44:04,893 - INFO - 
--- 正在尝试构建 8 个专家的模型 ---
2025-11-12 15:44:04,893 - INFO -   正在基于当前最佳模型寻找拟合最差的区域...
2025-11-12 15:44:04,914 - INFO -   误差最大的点 (索引 350, Loss: 1472316399681536.0000) 被选为新中心。
2025-11-12 15:44:04,919 - INFO - 已向候选模型添加新专家。当前专家总数: 8
2025-11-12 15:45:27,799 - INFO - --- 候选模型 (专家数: 8) 训练完成。本轮最佳 Val RMSE: 50293.361192 ---
2025-11-12 15:45:27,804 - INFO - *** 新的最佳模型被接受！专家数: 8, 验证集 RMSE: 50293.361192 ***
2025-11-12 15:45:27,804 - INFO - 
--- 正在尝试构建 9 个专家的模型 ---
2025-11-12 15:45:27,804 - INFO -   正在基于当前最佳模型寻找拟合最差的区域...
2025-11-12 15:45:27,828 - INFO -   误差最大的点 (索引 350, Loss: 1472250096123904.0000) 被选为新中心。
2025-11-12 15:45:27,833 - INFO - 已向候选模型添加新专家。当前专家总数: 9
2025-11-12 15:46:57,549 - INFO - --- 候选模型 (专家数: 9) 训练完成。本轮最佳 Val RMSE: 50199.207597 ---
2025-11-12 15:46:57,554 - INFO - *** 新的最佳模型被接受！专家数: 9, 验证集 RMSE: 50199.207597 ***
2025-11-12 15:46:57,555 - INFO - 
--- 正在尝试构建 10 个专家的模型 ---
2025-11-12 15:46:57,555 - INFO -   正在基于当前最佳模型寻找拟合最差的区域...
2025-11-12 15:46:57,675 - INFO -   误差最大的点 (索引 350, Loss: 1472182987259904.0000) 被选为新中心。
2025-11-12 15:46:57,681 - INFO - 已向候选模型添加新专家。当前专家总数: 10
2025-11-12 15:48:34,362 - INFO - --- 候选模型 (专家数: 10) 训练完成。本轮最佳 Val RMSE: 50105.852333 ---
2025-11-12 15:48:34,368 - INFO - *** 新的最佳模型被接受！专家数: 10, 验证集 RMSE: 50105.852333 ***
2025-11-12 15:48:34,368 - INFO - 
--- 正在尝试构建 11 个专家的模型 ---
2025-11-12 15:48:34,368 - INFO -   正在基于当前最佳模型寻找拟合最差的区域...
2025-11-12 15:48:34,396 - INFO -   误差最大的点 (索引 350, Loss: 1472115744178176.0000) 被选为新中心。
2025-11-12 15:48:34,403 - INFO - 已向候选模型添加新专家。当前专家总数: 11
2025-11-12 15:50:22,853 - INFO - --- 候选模型 (专家数: 11) 训练完成。本轮最佳 Val RMSE: 50013.937183 ---
2025-11-12 15:50:22,860 - INFO - *** 新的最佳模型被接受！专家数: 11, 验证集 RMSE: 50013.937183 ***
2025-11-12 15:50:22,860 - INFO - 
--- 正在尝试构建 12 个专家的模型 ---
2025-11-12 15:50:22,860 - INFO -   正在基于当前最佳模型寻找拟合最差的区域...
2025-11-12 15:50:22,891 - INFO -   误差最大的点 (索引 350, Loss: 1472049709056000.0000) 被选为新中心。
2025-11-12 15:50:22,898 - INFO - 已向候选模型添加新专家。当前专家总数: 12
2025-11-12 15:52:18,706 - INFO - --- 候选模型 (专家数: 12) 训练完成。本轮最佳 Val RMSE: 49919.959186 ---
2025-11-12 15:52:18,713 - INFO - *** 新的最佳模型被接受！专家数: 12, 验证集 RMSE: 49919.959186 ***
2025-11-12 15:52:18,713 - INFO - 
--- 正在尝试构建 13 个专家的模型 ---
2025-11-12 15:52:18,713 - INFO -   正在基于当前最佳模型寻找拟合最差的区域...
2025-11-12 15:52:18,747 - INFO -   误差最大的点 (索引 350, Loss: 1471981929103360.0000) 被选为新中心。
2025-11-12 15:52:18,754 - INFO - 已向候选模型添加新专家。当前专家总数: 13
2025-11-12 15:54:19,355 - INFO - --- 候选模型 (专家数: 13) 训练完成。本轮最佳 Val RMSE: 49827.598518 ---
2025-11-12 15:54:19,363 - INFO - *** 新的最佳模型被接受！专家数: 13, 验证集 RMSE: 49827.598518 ***
2025-11-12 15:54:19,363 - INFO - 
--- 正在尝试构建 14 个专家的模型 ---
2025-11-12 15:54:19,363 - INFO -   正在基于当前最佳模型寻找拟合最差的区域...
2025-11-12 15:54:19,399 - INFO -   误差最大的点 (索引 350, Loss: 1471914954457088.0000) 被选为新中心。
2025-11-12 15:54:19,407 - INFO - 已向候选模型添加新专家。当前专家总数: 14
2025-11-12 15:56:32,420 - INFO - --- 候选模型 (专家数: 14) 训练完成。本轮最佳 Val RMSE: 49734.563213 ---
2025-11-12 15:56:32,428 - INFO - *** 新的最佳模型被接受！专家数: 14, 验证集 RMSE: 49734.563213 ***
2025-11-12 15:56:32,428 - INFO - 
--- 正在尝试构建 15 个专家的模型 ---
2025-11-12 15:56:32,428 - INFO -   正在基于当前最佳模型寻找拟合最差的区域...
2025-11-12 15:56:32,467 - INFO -   误差最大的点 (索引 350, Loss: 1471847711375360.0000) 被选为新中心。
2025-11-12 15:56:32,475 - INFO - 已向候选模型添加新专家。当前专家总数: 15
2025-11-12 15:58:52,347 - INFO - --- 候选模型 (专家数: 15) 训练完成。本轮最佳 Val RMSE: 49643.179651 ---
2025-11-12 15:58:52,356 - INFO - *** 新的最佳模型被接受！专家数: 15, 验证集 RMSE: 49643.179651 ***
2025-11-12 15:58:52,356 - INFO - 
--- 正在尝试构建 16 个专家的模型 ---
2025-11-12 15:58:52,356 - INFO -   正在基于当前最佳模型寻找拟合最差的区域...
2025-11-12 15:58:52,397 - INFO -   误差最大的点 (索引 350, Loss: 1471781139382272.0000) 被选为新中心。
2025-11-12 15:58:52,406 - INFO - 已向候选模型添加新专家。当前专家总数: 16
2025-11-12 16:01:23,523 - INFO - --- 候选模型 (专家数: 16) 训练完成。本轮最佳 Val RMSE: 49552.164265 ---
2025-11-12 16:01:23,533 - INFO - *** 新的最佳模型被接受！专家数: 16, 验证集 RMSE: 49552.164265 ***
2025-11-12 16:01:23,533 - INFO - 
--- 正在尝试构建 17 个专家的模型 ---
2025-11-12 16:01:23,533 - INFO -   正在基于当前最佳模型寻找拟合最差的区域...
2025-11-12 16:01:23,576 - INFO -   误差最大的点 (索引 350, Loss: 1471714835824640.0000) 被选为新中心。
2025-11-12 16:01:23,585 - INFO - 已向候选模型添加新专家。当前专家总数: 17
2025-11-12 16:04:01,010 - INFO - --- 候选模型 (专家数: 17) 训练完成。本轮最佳 Val RMSE: 49461.484674 ---
2025-11-12 16:04:01,020 - INFO - *** 新的最佳模型被接受！专家数: 17, 验证集 RMSE: 49461.484674 ***
2025-11-12 16:04:01,020 - INFO - 
--- 正在尝试构建 18 个专家的模型 ---
2025-11-12 16:04:01,020 - INFO -   正在基于当前最佳模型寻找拟合最差的区域...
2025-11-12 16:04:01,065 - INFO -   误差最大的点 (索引 350, Loss: 1471648532267008.0000) 被选为新中心。
2025-11-12 16:04:01,076 - INFO - 已向候选模型添加新专家。当前专家总数: 18
2025-11-12 16:06:45,948 - INFO - --- 候选模型 (专家数: 18) 训练完成。本轮最佳 Val RMSE: 49369.039638 ---
2025-11-12 16:06:45,958 - INFO - *** 新的最佳模型被接受！专家数: 18, 验证集 RMSE: 49369.039638 ***
2025-11-12 16:06:45,959 - INFO - 
--- 正在尝试构建 19 个专家的模型 ---
2025-11-12 16:06:45,959 - INFO -   正在基于当前最佳模型寻找拟合最差的区域...
2025-11-12 16:06:46,006 - INFO -   误差最大的点 (索引 350, Loss: 1471580752314368.0000) 被选为新中心。
2025-11-12 16:06:46,017 - INFO - 已向候选模型添加新专家。当前专家总数: 19
2025-11-12 16:09:40,240 - INFO - --- 候选模型 (专家数: 19) 训练完成。本轮最佳 Val RMSE: 49277.570640 ---
2025-11-12 16:09:40,252 - INFO - *** 新的最佳模型被接受！专家数: 19, 验证集 RMSE: 49277.570640 ***
2025-11-12 16:09:40,252 - INFO - 
--- 正在尝试构建 20 个专家的模型 ---
2025-11-12 16:09:40,252 - INFO -   正在基于当前最佳模型寻找拟合最差的区域...
2025-11-12 16:09:40,302 - INFO -   误差最大的点 (索引 350, Loss: 1471513509232640.0000) 被选为新中心。
2025-11-12 16:09:40,313 - INFO - 已向候选模型添加新专家。当前专家总数: 20
2025-11-12 16:12:42,310 - INFO - --- 候选模型 (专家数: 20) 训练完成。本轮最佳 Val RMSE: 49187.610900 ---
2025-11-12 16:12:42,322 - INFO - *** 新的最佳模型被接受！专家数: 20, 验证集 RMSE: 49187.610900 ***
2025-11-12 16:12:42,322 - INFO - 
==============================
训练结束。最终模型已确定。
专家数: 20, 最佳 Val RMSE: 49187.610900
==============================
2025-11-12 16:12:42,339 - INFO - 迭代式 MoE 回归器 (含 20 个专家) 已保存到 function_fitting_results/Modified_Bessel_Kv_model.pth
2025-11-12 16:12:42,340 - INFO - 训练摘要已保存到: function_fitting_results/Modified_Bessel_Kv_summary.json
2025-11-12 16:12:42,340 - INFO - 训练完成，正在加载最佳模型并进行可视化...
2025-11-12 16:12:42,346 - INFO - CoFrNetRegressor_MoE (Rollback Logic) 初始化完毕，将在 cuda 上运行。
2025-11-12 16:12:42,347 - INFO - 已向候选模型添加新专家。当前专家总数: 1
2025-11-12 16:12:42,347 - INFO - 已向候选模型添加新专家。当前专家总数: 2
2025-11-12 16:12:42,347 - INFO - 已向候选模型添加新专家。当前专家总数: 3
2025-11-12 16:12:42,348 - INFO - 已向候选模型添加新专家。当前专家总数: 4
2025-11-12 16:12:42,348 - INFO - 已向候选模型添加新专家。当前专家总数: 5
2025-11-12 16:12:42,348 - INFO - 已向候选模型添加新专家。当前专家总数: 6
2025-11-12 16:12:42,349 - INFO - 已向候选模型添加新专家。当前专家总数: 7
2025-11-12 16:12:42,349 - INFO - 已向候选模型添加新专家。当前专家总数: 8
2025-11-12 16:12:42,349 - INFO - 已向候选模型添加新专家。当前专家总数: 9
2025-11-12 16:12:42,350 - INFO - 已向候选模型添加新专家。当前专家总数: 10
2025-11-12 16:12:42,350 - INFO - 已向候选模型添加新专家。当前专家总数: 11
2025-11-12 16:12:42,350 - INFO - 已向候选模型添加新专家。当前专家总数: 12
2025-11-12 16:12:42,351 - INFO - 已向候选模型添加新专家。当前专家总数: 13
2025-11-12 16:12:42,351 - INFO - 已向候选模型添加新专家。当前专家总数: 14
2025-11-12 16:12:42,351 - INFO - 已向候选模型添加新专家。当前专家总数: 15
2025-11-12 16:12:42,351 - INFO - 已向候选模型添加新专家。当前专家总数: 16
2025-11-12 16:12:42,352 - INFO - 已向候选模型添加新专家。当前专家总数: 17
2025-11-12 16:12:42,352 - INFO - 已向候选模型添加新专家。当前专家总数: 18
2025-11-12 16:12:42,352 - INFO - 已向候选模型添加新专家。当前专家总数: 19
2025-11-12 16:12:42,353 - INFO - 已向候选模型添加新专家。当前专家总数: 20
2025-11-12 16:12:42,359 - INFO - 回归器从 function_fitting_results/Modified_Bessel_Kv_model.pth 加载成功。专家数量: 20
2025-11-12 16:12:42,893 - INFO - 结果图已保存至: function_fitting_results/Modified_Bessel_Kv_fit.png
