2025-11-12 16:12:42,894 - INFO - 日志将同时输出到控制台和文件: function_fitting_results/Modified_Bessel_Iv.log
2025-11-12 16:12:42,894 - INFO - 
============================================================
正在开始拟合任务: Modified_Bessel_Iv
============================================================
2025-11-12 16:12:42,894 - INFO - 生成了 1600 个有效数据点。
2025-11-12 16:12:42,895 - INFO - CoFrNetRegressor_MoE (Rollback Logic) 初始化完毕，将在 cuda 上运行。
2025-11-12 16:12:42,896 - INFO - 
--- 正在尝试构建 1 个专家的模型 ---
2025-11-12 16:12:42,896 - INFO -   使用数据均值作为第一个专家的 RBF 中心。
2025-11-12 16:12:42,896 - INFO - 已向候选模型添加新专家。当前专家总数: 1
2025-11-12 16:12:50,126 - INFO -   早停触发 (Epoch 401)！
2025-11-12 16:12:50,127 - INFO - --- 候选模型 (专家数: 1) 训练完成。本轮最佳 Val RMSE: 0.590643 ---
2025-11-12 16:12:50,127 - INFO - *** 新的最佳模型被接受！专家数: 1, 验证集 RMSE: 0.590643 ***
2025-11-12 16:12:50,127 - INFO - 
--- 正在尝试构建 2 个专家的模型 ---
2025-11-12 16:12:50,127 - INFO -   正在基于当前最佳模型寻找拟合最差的区域...
2025-11-12 16:12:50,134 - INFO -   误差最大的点 (索引 242, Loss: 16.9477) 被选为新中心。
2025-11-12 16:12:50,135 - INFO - 已向候选模型添加新专家。当前专家总数: 2
2025-11-12 16:13:09,727 - INFO -   早停触发 (Epoch 752)！
2025-11-12 16:13:09,727 - INFO - --- 候选模型 (专家数: 2) 训练完成。本轮最佳 Val RMSE: 0.074135 ---
2025-11-12 16:13:09,728 - INFO - *** 新的最佳模型被接受！专家数: 2, 验证集 RMSE: 0.074135 ***
2025-11-12 16:13:09,728 - INFO - 
--- 正在尝试构建 3 个专家的模型 ---
2025-11-12 16:13:09,728 - INFO -   正在基于当前最佳模型寻找拟合最差的区域...
2025-11-12 16:13:09,737 - INFO -   误差最大的点 (索引 1072, Loss: 0.3838) 被选为新中心。
2025-11-12 16:13:09,739 - INFO - 已向候选模型添加新专家。当前专家总数: 3
2025-11-12 16:13:44,338 - INFO -   早停触发 (Epoch 971)！
2025-11-12 16:13:44,338 - INFO - --- 候选模型 (专家数: 3) 训练完成。本轮最佳 Val RMSE: 0.146176 ---
2025-11-12 16:13:44,338 - WARNING - 候选模型未带来提升 (当前最佳 RMSE: 0.074135)。将回滚并基于之前的最佳模型继续探索。
2025-11-12 16:13:44,338 - INFO - 
--- 正在尝试构建 4 个专家的模型 ---
2025-11-12 16:13:44,338 - INFO -   正在基于当前最佳模型寻找拟合最差的区域...
2025-11-12 16:13:44,347 - INFO -   误差最大的点 (索引 1072, Loss: 0.3838) 被选为新中心。
2025-11-12 16:13:44,349 - INFO - 已向候选模型添加新专家。当前专家总数: 3
2025-11-12 16:13:49,527 - INFO -   早停触发 (Epoch 149)！
2025-11-12 16:13:49,527 - INFO - --- 候选模型 (专家数: 4) 训练完成。本轮最佳 Val RMSE: 0.280956 ---
2025-11-12 16:13:49,527 - WARNING - 候选模型未带来提升 (当前最佳 RMSE: 0.074135)。将回滚并基于之前的最佳模型继续探索。
2025-11-12 16:13:49,527 - INFO - 
--- 正在尝试构建 5 个专家的模型 ---
2025-11-12 16:13:49,527 - INFO -   正在基于当前最佳模型寻找拟合最差的区域...
2025-11-12 16:13:49,536 - INFO -   误差最大的点 (索引 1072, Loss: 0.3838) 被选为新中心。
2025-11-12 16:13:49,538 - INFO - 已向候选模型添加新专家。当前专家总数: 3
2025-11-12 16:14:22,543 - INFO -   早停触发 (Epoch 955)！
2025-11-12 16:14:22,543 - INFO - --- 候选模型 (专家数: 5) 训练完成。本轮最佳 Val RMSE: 0.136780 ---
2025-11-12 16:14:22,543 - WARNING - 候选模型未带来提升 (当前最佳 RMSE: 0.074135)。将回滚并基于之前的最佳模型继续探索。
2025-11-12 16:14:22,543 - INFO - 
--- 正在尝试构建 6 个专家的模型 ---
2025-11-12 16:14:22,543 - INFO -   正在基于当前最佳模型寻找拟合最差的区域...
2025-11-12 16:14:22,553 - INFO -   误差最大的点 (索引 1072, Loss: 0.3838) 被选为新中心。
2025-11-12 16:14:22,554 - INFO - 已向候选模型添加新专家。当前专家总数: 3
2025-11-12 16:14:46,927 - INFO -   早停触发 (Epoch 705)！
2025-11-12 16:14:46,927 - INFO - --- 候选模型 (专家数: 6) 训练完成。本轮最佳 Val RMSE: 0.046590 ---
2025-11-12 16:14:46,929 - INFO - *** 新的最佳模型被接受！专家数: 6, 验证集 RMSE: 0.046590 ***
2025-11-12 16:14:46,929 - INFO - 
--- 正在尝试构建 7 个专家的模型 ---
2025-11-12 16:14:46,929 - INFO -   正在基于当前最佳模型寻找拟合最差的区域...
2025-11-12 16:14:46,941 - INFO -   误差最大的点 (索引 1072, Loss: 0.2896) 被选为新中心。
2025-11-12 16:14:46,943 - INFO - 已向候选模型添加新专家。当前专家总数: 4
2025-11-12 16:15:31,666 - INFO -   早停触发 (Epoch 991)！
2025-11-12 16:15:31,666 - INFO - --- 候选模型 (专家数: 7) 训练完成。本轮最佳 Val RMSE: 0.092270 ---
2025-11-12 16:15:31,666 - WARNING - 候选模型未带来提升 (当前最佳 RMSE: 0.046590)。将回滚并基于之前的最佳模型继续探索。
2025-11-12 16:15:31,666 - INFO - 
--- 正在尝试构建 8 个专家的模型 ---
2025-11-12 16:15:31,666 - INFO -   正在基于当前最佳模型寻找拟合最差的区域...
2025-11-12 16:15:31,678 - INFO -   误差最大的点 (索引 1072, Loss: 0.2896) 被选为新中心。
2025-11-12 16:15:31,680 - INFO - 已向候选模型添加新专家。当前专家总数: 4
2025-11-12 16:15:52,862 - INFO -   早停触发 (Epoch 440)！
2025-11-12 16:15:52,862 - INFO - --- 候选模型 (专家数: 8) 训练完成。本轮最佳 Val RMSE: 0.049560 ---
2025-11-12 16:15:52,862 - WARNING - 候选模型未带来提升 (当前最佳 RMSE: 0.046590)。将回滚并基于之前的最佳模型继续探索。
2025-11-12 16:15:52,862 - INFO - 
--- 正在尝试构建 9 个专家的模型 ---
2025-11-12 16:15:52,862 - INFO -   正在基于当前最佳模型寻找拟合最差的区域...
2025-11-12 16:15:52,874 - INFO -   误差最大的点 (索引 1072, Loss: 0.2896) 被选为新中心。
2025-11-12 16:15:52,877 - INFO - 已向候选模型添加新专家。当前专家总数: 4
2025-11-12 16:16:38,448 - INFO -   早停触发 (Epoch 948)！
2025-11-12 16:16:38,448 - INFO - --- 候选模型 (专家数: 9) 训练完成。本轮最佳 Val RMSE: 0.138724 ---
2025-11-12 16:16:38,448 - WARNING - 候选模型未带来提升 (当前最佳 RMSE: 0.046590)。将回滚并基于之前的最佳模型继续探索。
2025-11-12 16:16:38,448 - INFO - 
--- 正在尝试构建 10 个专家的模型 ---
2025-11-12 16:16:38,448 - INFO -   正在基于当前最佳模型寻找拟合最差的区域...
2025-11-12 16:16:38,459 - INFO -   误差最大的点 (索引 1072, Loss: 0.2896) 被选为新中心。
2025-11-12 16:16:38,462 - INFO - 已向候选模型添加新专家。当前专家总数: 4
2025-11-12 16:17:00,219 - INFO -   早停触发 (Epoch 465)！
2025-11-12 16:17:00,219 - INFO - --- 候选模型 (专家数: 10) 训练完成。本轮最佳 Val RMSE: 0.040726 ---
2025-11-12 16:17:00,222 - INFO - *** 新的最佳模型被接受！专家数: 10, 验证集 RMSE: 0.040726 ***
2025-11-12 16:17:00,222 - INFO - 
--- 正在尝试构建 11 个专家的模型 ---
2025-11-12 16:17:00,222 - INFO -   正在基于当前最佳模型寻找拟合最差的区域...
2025-11-12 16:17:00,236 - INFO -   误差最大的点 (索引 1072, Loss: 0.2179) 被选为新中心。
2025-11-12 16:17:00,239 - INFO - 已向候选模型添加新专家。当前专家总数: 5
2025-11-12 16:17:34,205 - INFO -   早停触发 (Epoch 604)！
2025-11-12 16:17:34,205 - INFO - --- 候选模型 (专家数: 11) 训练完成。本轮最佳 Val RMSE: 0.024877 ---
2025-11-12 16:17:34,209 - INFO - *** 新的最佳模型被接受！专家数: 11, 验证集 RMSE: 0.024877 ***
2025-11-12 16:17:34,209 - INFO - 
--- 正在尝试构建 12 个专家的模型 ---
2025-11-12 16:17:34,209 - INFO -   正在基于当前最佳模型寻找拟合最差的区域...
2025-11-12 16:17:34,225 - INFO -   误差最大的点 (索引 1072, Loss: 0.1763) 被选为新中心。
2025-11-12 16:17:34,229 - INFO - 已向候选模型添加新专家。当前专家总数: 6
2025-11-12 16:17:59,698 - INFO -   早停触发 (Epoch 386)！
2025-11-12 16:17:59,698 - INFO - --- 候选模型 (专家数: 12) 训练完成。本轮最佳 Val RMSE: 0.034188 ---
2025-11-12 16:17:59,698 - WARNING - 候选模型未带来提升 (当前最佳 RMSE: 0.024877)。将回滚并基于之前的最佳模型继续探索。
2025-11-12 16:17:59,699 - INFO - 
--- 正在尝试构建 13 个专家的模型 ---
2025-11-12 16:17:59,699 - INFO -   正在基于当前最佳模型寻找拟合最差的区域...
2025-11-12 16:17:59,715 - INFO -   误差最大的点 (索引 1072, Loss: 0.1763) 被选为新中心。
2025-11-12 16:17:59,719 - INFO - 已向候选模型添加新专家。当前专家总数: 6
2025-11-12 16:18:19,169 - INFO -   早停触发 (Epoch 295)！
2025-11-12 16:18:19,169 - INFO - --- 候选模型 (专家数: 13) 训练完成。本轮最佳 Val RMSE: 0.024294 ---
2025-11-12 16:18:19,173 - INFO - *** 新的最佳模型被接受！专家数: 13, 验证集 RMSE: 0.024294 ***
2025-11-12 16:18:19,173 - INFO - 
--- 正在尝试构建 14 个专家的模型 ---
2025-11-12 16:18:19,173 - INFO -   正在基于当前最佳模型寻找拟合最差的区域...
2025-11-12 16:18:19,192 - INFO -   误差最大的点 (索引 1072, Loss: 0.2159) 被选为新中心。
2025-11-12 16:18:19,196 - INFO - 已向候选模型添加新专家。当前专家总数: 7
2025-11-12 16:18:34,143 - INFO -   早停触发 (Epoch 203)！
2025-11-12 16:18:34,144 - INFO - --- 候选模型 (专家数: 14) 训练完成。本轮最佳 Val RMSE: 0.023730 ---
2025-11-12 16:18:34,148 - INFO - *** 新的最佳模型被接受！专家数: 14, 验证集 RMSE: 0.023730 ***
2025-11-12 16:18:34,148 - INFO - 
--- 正在尝试构建 15 个专家的模型 ---
2025-11-12 16:18:34,148 - INFO -   正在基于当前最佳模型寻找拟合最差的区域...
2025-11-12 16:18:34,169 - INFO -   误差最大的点 (索引 1072, Loss: 0.1984) 被选为新中心。
2025-11-12 16:18:34,174 - INFO - 已向候选模型添加新专家。当前专家总数: 8
2025-11-12 16:18:42,870 - INFO -   早停触发 (Epoch 108)！
2025-11-12 16:18:42,870 - INFO - --- 候选模型 (专家数: 15) 训练完成。本轮最佳 Val RMSE: 0.035141 ---
2025-11-12 16:18:42,871 - WARNING - 候选模型未带来提升 (当前最佳 RMSE: 0.023730)。将回滚并基于之前的最佳模型继续探索。
2025-11-12 16:18:42,871 - INFO - 
--- 正在尝试构建 16 个专家的模型 ---
2025-11-12 16:18:42,871 - INFO -   正在基于当前最佳模型寻找拟合最差的区域...
2025-11-12 16:18:42,892 - INFO -   误差最大的点 (索引 1072, Loss: 0.1984) 被选为新中心。
2025-11-12 16:18:42,897 - INFO - 已向候选模型添加新专家。当前专家总数: 8
2025-11-12 16:18:51,510 - INFO -   早停触发 (Epoch 104)！
2025-11-12 16:18:51,510 - INFO - --- 候选模型 (专家数: 16) 训练完成。本轮最佳 Val RMSE: 0.027179 ---
2025-11-12 16:18:51,510 - WARNING - 候选模型未带来提升 (当前最佳 RMSE: 0.023730)。将回滚并基于之前的最佳模型继续探索。
2025-11-12 16:18:51,510 - INFO - 
--- 正在尝试构建 17 个专家的模型 ---
2025-11-12 16:18:51,510 - INFO -   正在基于当前最佳模型寻找拟合最差的区域...
2025-11-12 16:18:51,532 - INFO -   误差最大的点 (索引 1072, Loss: 0.1984) 被选为新中心。
2025-11-12 16:18:51,536 - INFO - 已向候选模型添加新专家。当前专家总数: 8
2025-11-12 16:19:09,709 - INFO -   早停触发 (Epoch 225)！
2025-11-12 16:19:09,709 - INFO - --- 候选模型 (专家数: 17) 训练完成。本轮最佳 Val RMSE: 0.032811 ---
2025-11-12 16:19:09,709 - WARNING - 候选模型未带来提升 (当前最佳 RMSE: 0.023730)。将回滚并基于之前的最佳模型继续探索。
2025-11-12 16:19:09,709 - INFO - 
--- 正在尝试构建 18 个专家的模型 ---
2025-11-12 16:19:09,709 - INFO -   正在基于当前最佳模型寻找拟合最差的区域...
2025-11-12 16:19:09,730 - INFO -   误差最大的点 (索引 1072, Loss: 0.1984) 被选为新中心。
2025-11-12 16:19:09,735 - INFO - 已向候选模型添加新专家。当前专家总数: 8
2025-11-12 16:19:20,341 - INFO -   早停触发 (Epoch 128)！
2025-11-12 16:19:20,341 - INFO - --- 候选模型 (专家数: 18) 训练完成。本轮最佳 Val RMSE: 0.042134 ---
2025-11-12 16:19:20,341 - WARNING - 候选模型未带来提升 (当前最佳 RMSE: 0.023730)。将回滚并基于之前的最佳模型继续探索。
2025-11-12 16:19:20,341 - INFO - 
--- 正在尝试构建 19 个专家的模型 ---
2025-11-12 16:19:20,341 - INFO -   正在基于当前最佳模型寻找拟合最差的区域...
2025-11-12 16:19:20,362 - INFO -   误差最大的点 (索引 1072, Loss: 0.1984) 被选为新中心。
2025-11-12 16:19:20,367 - INFO - 已向候选模型添加新专家。当前专家总数: 8
2025-11-12 16:19:32,136 - INFO -   早停触发 (Epoch 141)！
2025-11-12 16:19:32,136 - INFO - --- 候选模型 (专家数: 19) 训练完成。本轮最佳 Val RMSE: 0.026736 ---
2025-11-12 16:19:32,136 - WARNING - 候选模型未带来提升 (当前最佳 RMSE: 0.023730)。将回滚并基于之前的最佳模型继续探索。
2025-11-12 16:19:32,137 - INFO - 
--- 正在尝试构建 20 个专家的模型 ---
2025-11-12 16:19:32,137 - INFO -   正在基于当前最佳模型寻找拟合最差的区域...
2025-11-12 16:19:32,158 - INFO -   误差最大的点 (索引 1072, Loss: 0.1984) 被选为新中心。
2025-11-12 16:19:32,162 - INFO - 已向候选模型添加新专家。当前专家总数: 8
2025-11-12 16:19:54,209 - INFO -   早停触发 (Epoch 272)！
2025-11-12 16:19:54,209 - INFO - --- 候选模型 (专家数: 20) 训练完成。本轮最佳 Val RMSE: 0.018977 ---
2025-11-12 16:19:54,214 - INFO - *** 新的最佳模型被接受！专家数: 20, 验证集 RMSE: 0.018977 ***
2025-11-12 16:19:54,214 - INFO - 
==============================
训练结束。最终模型已确定。
专家数: 8, 最佳 Val RMSE: 0.018977
==============================
2025-11-12 16:19:54,219 - INFO - 迭代式 MoE 回归器 (含 8 个专家) 已保存到 function_fitting_results/Modified_Bessel_Iv_model.pth
2025-11-12 16:19:54,219 - INFO - 训练摘要已保存到: function_fitting_results/Modified_Bessel_Iv_summary.json
2025-11-12 16:19:54,219 - INFO - 训练完成，正在加载最佳模型并进行可视化...
2025-11-12 16:19:54,222 - INFO - CoFrNetRegressor_MoE (Rollback Logic) 初始化完毕，将在 cuda 上运行。
2025-11-12 16:19:54,222 - INFO - 已向候选模型添加新专家。当前专家总数: 1
2025-11-12 16:19:54,223 - INFO - 已向候选模型添加新专家。当前专家总数: 2
2025-11-12 16:19:54,223 - INFO - 已向候选模型添加新专家。当前专家总数: 3
2025-11-12 16:19:54,223 - INFO - 已向候选模型添加新专家。当前专家总数: 4
2025-11-12 16:19:54,224 - INFO - 已向候选模型添加新专家。当前专家总数: 5
2025-11-12 16:19:54,224 - INFO - 已向候选模型添加新专家。当前专家总数: 6
2025-11-12 16:19:54,224 - INFO - 已向候选模型添加新专家。当前专家总数: 7
2025-11-12 16:19:54,225 - INFO - 已向候选模型添加新专家。当前专家总数: 8
2025-11-12 16:19:54,227 - INFO - 回归器从 function_fitting_results/Modified_Bessel_Iv_model.pth 加载成功。专家数量: 8
2025-11-12 16:19:54,809 - INFO - 结果图已保存至: function_fitting_results/Modified_Bessel_Iv_fit.png
