2025-11-12 17:22:52,239 - INFO - 日志将同时输出到控制台和文件: function_fitting_results/Spherical_Harmonics_m0_n1.log
2025-11-12 17:22:52,239 - INFO - 
============================================================
正在开始拟合任务: Spherical_Harmonics_m0_n1
============================================================
2025-11-12 17:22:52,240 - INFO - 生成了 1600 个有效数据点。
2025-11-12 17:22:52,486 - INFO - CoFrNetRegressor_MoE (Rollback Logic) 初始化完毕，将在 cuda 上运行。
2025-11-12 17:22:52,487 - INFO - 
--- 正在尝试构建 1 个专家的模型 ---
2025-11-12 17:22:52,487 - INFO -   使用数据均值作为第一个专家的 RBF 中心。
2025-11-12 17:22:52,488 - INFO - 已向候选模型添加新专家。当前专家总数: 1
2025-11-12 17:23:00,341 - INFO -   早停触发 (Epoch 381)！
2025-11-12 17:23:00,342 - INFO - --- 候选模型 (专家数: 1) 训练完成。本轮最佳 Val RMSE: 0.007263 ---
2025-11-12 17:23:00,342 - INFO - *** 新的最佳模型被接受！专家数: 1, 验证集 RMSE: 0.007263 ***
2025-11-12 17:23:00,343 - INFO - 
--- 正在尝试构建 2 个专家的模型 ---
2025-11-12 17:23:00,343 - INFO -   正在基于当前最佳模型寻找拟合最差的区域...
2025-11-12 17:23:00,349 - INFO -   误差最大的点 (索引 877, Loss: 0.0018) 被选为新中心。
2025-11-12 17:23:00,350 - INFO - 已向候选模型添加新专家。当前专家总数: 2
2025-11-12 17:23:04,620 - INFO -   早停触发 (Epoch 147)！
2025-11-12 17:23:04,620 - INFO - --- 候选模型 (专家数: 2) 训练完成。本轮最佳 Val RMSE: 0.006343 ---
2025-11-12 17:23:04,622 - INFO - *** 新的最佳模型被接受！专家数: 2, 验证集 RMSE: 0.006343 ***
2025-11-12 17:23:04,622 - INFO - 
--- 正在尝试构建 3 个专家的模型 ---
2025-11-12 17:23:04,622 - INFO -   正在基于当前最佳模型寻找拟合最差的区域...
2025-11-12 17:23:04,631 - INFO -   误差最大的点 (索引 288, Loss: 0.0014) 被选为新中心。
2025-11-12 17:23:04,633 - INFO - 已向候选模型添加新专家。当前专家总数: 3
2025-11-12 17:23:09,833 - INFO -   早停触发 (Epoch 141)！
2025-11-12 17:23:09,833 - INFO - --- 候选模型 (专家数: 3) 训练完成。本轮最佳 Val RMSE: 0.005943 ---
2025-11-12 17:23:09,835 - INFO - *** 新的最佳模型被接受！专家数: 3, 验证集 RMSE: 0.005943 ***
2025-11-12 17:23:09,835 - INFO - 
--- 正在尝试构建 4 个专家的模型 ---
2025-11-12 17:23:09,835 - INFO -   正在基于当前最佳模型寻找拟合最差的区域...
2025-11-12 17:23:09,847 - INFO -   误差最大的点 (索引 940, Loss: 0.0009) 被选为新中心。
2025-11-12 17:23:09,849 - INFO - 已向候选模型添加新专家。当前专家总数: 4
2025-11-12 17:23:18,087 - INFO -   早停触发 (Epoch 174)！
2025-11-12 17:23:18,087 - INFO - --- 候选模型 (专家数: 4) 训练完成。本轮最佳 Val RMSE: 0.007312 ---
2025-11-12 17:23:18,087 - WARNING - 候选模型未带来提升 (当前最佳 RMSE: 0.005943)。将回滚并基于之前的最佳模型继续探索。
2025-11-12 17:23:18,087 - INFO - 
--- 正在尝试构建 5 个专家的模型 ---
2025-11-12 17:23:18,087 - INFO -   正在基于当前最佳模型寻找拟合最差的区域...
2025-11-12 17:23:18,099 - INFO -   误差最大的点 (索引 940, Loss: 0.0009) 被选为新中心。
2025-11-12 17:23:18,101 - INFO - 已向候选模型添加新专家。当前专家总数: 4
2025-11-12 17:23:29,964 - INFO -   早停触发 (Epoch 250)！
2025-11-12 17:23:29,964 - INFO - --- 候选模型 (专家数: 5) 训练完成。本轮最佳 Val RMSE: 0.007428 ---
2025-11-12 17:23:29,964 - WARNING - 候选模型未带来提升 (当前最佳 RMSE: 0.005943)。将回滚并基于之前的最佳模型继续探索。
2025-11-12 17:23:29,964 - INFO - 
--- 正在尝试构建 6 个专家的模型 ---
2025-11-12 17:23:29,965 - INFO -   正在基于当前最佳模型寻找拟合最差的区域...
2025-11-12 17:23:29,976 - INFO -   误差最大的点 (索引 940, Loss: 0.0009) 被选为新中心。
2025-11-12 17:23:29,979 - INFO - 已向候选模型添加新专家。当前专家总数: 4
2025-11-12 17:23:41,230 - INFO -   早停触发 (Epoch 234)！
2025-11-12 17:23:41,230 - INFO - --- 候选模型 (专家数: 6) 训练完成。本轮最佳 Val RMSE: 0.006695 ---
2025-11-12 17:23:41,230 - WARNING - 候选模型未带来提升 (当前最佳 RMSE: 0.005943)。将回滚并基于之前的最佳模型继续探索。
2025-11-12 17:23:41,230 - INFO - 
--- 正在尝试构建 7 个专家的模型 ---
2025-11-12 17:23:41,231 - INFO -   正在基于当前最佳模型寻找拟合最差的区域...
2025-11-12 17:23:41,243 - INFO -   误差最大的点 (索引 940, Loss: 0.0009) 被选为新中心。
2025-11-12 17:23:41,245 - INFO - 已向候选模型添加新专家。当前专家总数: 4
2025-11-12 17:23:47,536 - INFO -   早停触发 (Epoch 130)！
2025-11-12 17:23:47,536 - INFO - --- 候选模型 (专家数: 7) 训练完成。本轮最佳 Val RMSE: 0.008978 ---
2025-11-12 17:23:47,536 - WARNING - 候选模型未带来提升 (当前最佳 RMSE: 0.005943)。将回滚并基于之前的最佳模型继续探索。
2025-11-12 17:23:47,536 - INFO - 
--- 正在尝试构建 8 个专家的模型 ---
2025-11-12 17:23:47,536 - INFO -   正在基于当前最佳模型寻找拟合最差的区域...
2025-11-12 17:23:47,548 - INFO -   误差最大的点 (索引 940, Loss: 0.0009) 被选为新中心。
2025-11-12 17:23:47,550 - INFO - 已向候选模型添加新专家。当前专家总数: 4
2025-11-12 17:24:00,041 - INFO -   早停触发 (Epoch 263)！
2025-11-12 17:24:00,041 - INFO - --- 候选模型 (专家数: 8) 训练完成。本轮最佳 Val RMSE: 0.006859 ---
2025-11-12 17:24:00,041 - WARNING - 候选模型未带来提升 (当前最佳 RMSE: 0.005943)。将回滚并基于之前的最佳模型继续探索。
2025-11-12 17:24:00,041 - INFO - 
--- 正在尝试构建 9 个专家的模型 ---
2025-11-12 17:24:00,041 - INFO -   正在基于当前最佳模型寻找拟合最差的区域...
2025-11-12 17:24:00,053 - INFO -   误差最大的点 (索引 940, Loss: 0.0009) 被选为新中心。
2025-11-12 17:24:00,055 - INFO - 已向候选模型添加新专家。当前专家总数: 4
2025-11-12 17:24:12,717 - INFO -   早停触发 (Epoch 264)！
2025-11-12 17:24:12,717 - INFO - --- 候选模型 (专家数: 9) 训练完成。本轮最佳 Val RMSE: 0.006567 ---
2025-11-12 17:24:12,717 - WARNING - 候选模型未带来提升 (当前最佳 RMSE: 0.005943)。将回滚并基于之前的最佳模型继续探索。
2025-11-12 17:24:12,717 - INFO - 
--- 正在尝试构建 10 个专家的模型 ---
2025-11-12 17:24:12,717 - INFO -   正在基于当前最佳模型寻找拟合最差的区域...
2025-11-12 17:24:12,729 - INFO -   误差最大的点 (索引 940, Loss: 0.0009) 被选为新中心。
2025-11-12 17:24:12,731 - INFO - 已向候选模型添加新专家。当前专家总数: 4
2025-11-12 17:24:20,423 - INFO -   早停触发 (Epoch 161)！
2025-11-12 17:24:20,423 - INFO - --- 候选模型 (专家数: 10) 训练完成。本轮最佳 Val RMSE: 0.009377 ---
2025-11-12 17:24:20,423 - WARNING - 候选模型未带来提升 (当前最佳 RMSE: 0.005943)。将回滚并基于之前的最佳模型继续探索。
2025-11-12 17:24:20,423 - INFO - 
--- 正在尝试构建 11 个专家的模型 ---
2025-11-12 17:24:20,423 - INFO -   正在基于当前最佳模型寻找拟合最差的区域...
2025-11-12 17:24:20,435 - INFO -   误差最大的点 (索引 940, Loss: 0.0009) 被选为新中心。
2025-11-12 17:24:20,437 - INFO - 已向候选模型添加新专家。当前专家总数: 4
2025-11-12 17:24:29,087 - INFO -   早停触发 (Epoch 179)！
2025-11-12 17:24:29,087 - INFO - --- 候选模型 (专家数: 11) 训练完成。本轮最佳 Val RMSE: 0.007296 ---
2025-11-12 17:24:29,087 - WARNING - 候选模型未带来提升 (当前最佳 RMSE: 0.005943)。将回滚并基于之前的最佳模型继续探索。
2025-11-12 17:24:29,088 - INFO - 
--- 正在尝试构建 12 个专家的模型 ---
2025-11-12 17:24:29,088 - INFO -   正在基于当前最佳模型寻找拟合最差的区域...
2025-11-12 17:24:29,099 - INFO -   误差最大的点 (索引 940, Loss: 0.0009) 被选为新中心。
2025-11-12 17:24:29,101 - INFO - 已向候选模型添加新专家。当前专家总数: 4
2025-11-12 17:24:35,425 - INFO -   早停触发 (Epoch 130)！
2025-11-12 17:24:35,425 - INFO - --- 候选模型 (专家数: 12) 训练完成。本轮最佳 Val RMSE: 0.009463 ---
2025-11-12 17:24:35,425 - WARNING - 候选模型未带来提升 (当前最佳 RMSE: 0.005943)。将回滚并基于之前的最佳模型继续探索。
2025-11-12 17:24:35,425 - INFO - 
--- 正在尝试构建 13 个专家的模型 ---
2025-11-12 17:24:35,425 - INFO -   正在基于当前最佳模型寻找拟合最差的区域...
2025-11-12 17:24:35,437 - INFO -   误差最大的点 (索引 940, Loss: 0.0009) 被选为新中心。
2025-11-12 17:24:35,439 - INFO - 已向候选模型添加新专家。当前专家总数: 4
2025-11-12 17:24:45,148 - INFO -   早停触发 (Epoch 209)！
2025-11-12 17:24:45,149 - INFO - --- 候选模型 (专家数: 13) 训练完成。本轮最佳 Val RMSE: 0.008854 ---
2025-11-12 17:24:45,149 - WARNING - 候选模型未带来提升 (当前最佳 RMSE: 0.005943)。将回滚并基于之前的最佳模型继续探索。
2025-11-12 17:24:45,149 - INFO - 
--- 正在尝试构建 14 个专家的模型 ---
2025-11-12 17:24:45,149 - INFO -   正在基于当前最佳模型寻找拟合最差的区域...
2025-11-12 17:24:45,160 - INFO -   误差最大的点 (索引 940, Loss: 0.0009) 被选为新中心。
2025-11-12 17:24:45,162 - INFO - 已向候选模型添加新专家。当前专家总数: 4
2025-11-12 17:24:51,445 - INFO -   早停触发 (Epoch 145)！
2025-11-12 17:24:51,445 - INFO - --- 候选模型 (专家数: 14) 训练完成。本轮最佳 Val RMSE: 0.009472 ---
2025-11-12 17:24:51,445 - WARNING - 候选模型未带来提升 (当前最佳 RMSE: 0.005943)。将回滚并基于之前的最佳模型继续探索。
2025-11-12 17:24:51,445 - INFO - 
--- 正在尝试构建 15 个专家的模型 ---
2025-11-12 17:24:51,445 - INFO -   正在基于当前最佳模型寻找拟合最差的区域...
2025-11-12 17:24:51,456 - INFO -   误差最大的点 (索引 940, Loss: 0.0009) 被选为新中心。
2025-11-12 17:24:51,459 - INFO - 已向候选模型添加新专家。当前专家总数: 4
2025-11-12 17:25:06,326 - INFO -   早停触发 (Epoch 315)！
2025-11-12 17:25:06,326 - INFO - --- 候选模型 (专家数: 15) 训练完成。本轮最佳 Val RMSE: 0.005518 ---
2025-11-12 17:25:06,328 - INFO - *** 新的最佳模型被接受！专家数: 15, 验证集 RMSE: 0.005518 ***
2025-11-12 17:25:06,328 - INFO - 
--- 正在尝试构建 16 个专家的模型 ---
2025-11-12 17:25:06,328 - INFO -   正在基于当前最佳模型寻找拟合最差的区域...
2025-11-12 17:25:06,342 - INFO -   误差最大的点 (索引 363, Loss: 0.0009) 被选为新中心。
2025-11-12 17:25:06,345 - INFO - 已向候选模型添加新专家。当前专家总数: 5
2025-11-12 17:26:02,084 - INFO -   早停触发 (Epoch 994)！
2025-11-12 17:26:02,085 - INFO - --- 候选模型 (专家数: 16) 训练完成。本轮最佳 Val RMSE: 0.005389 ---
2025-11-12 17:26:02,088 - INFO - *** 新的最佳模型被接受！专家数: 16, 验证集 RMSE: 0.005389 ***
2025-11-12 17:26:02,088 - INFO - 
--- 正在尝试构建 17 个专家的模型 ---
2025-11-12 17:26:02,088 - INFO -   正在基于当前最佳模型寻找拟合最差的区域...
2025-11-12 17:26:02,104 - INFO -   误差最大的点 (索引 297, Loss: 0.0008) 被选为新中心。
2025-11-12 17:26:02,108 - INFO - 已向候选模型添加新专家。当前专家总数: 6
2025-11-12 17:27:04,012 - INFO - --- 候选模型 (专家数: 17) 训练完成。本轮最佳 Val RMSE: 0.008076 ---
2025-11-12 17:27:04,012 - WARNING - 候选模型未带来提升 (当前最佳 RMSE: 0.005389)。将回滚并基于之前的最佳模型继续探索。
2025-11-12 17:27:04,012 - INFO - 
--- 正在尝试构建 18 个专家的模型 ---
2025-11-12 17:27:04,012 - INFO -   正在基于当前最佳模型寻找拟合最差的区域...
2025-11-12 17:27:04,028 - INFO -   误差最大的点 (索引 297, Loss: 0.0008) 被选为新中心。
2025-11-12 17:27:04,032 - INFO - 已向候选模型添加新专家。当前专家总数: 6
2025-11-12 17:27:21,278 - INFO -   早停触发 (Epoch 277)！
2025-11-12 17:27:21,278 - INFO - --- 候选模型 (专家数: 18) 训练完成。本轮最佳 Val RMSE: 0.006360 ---
2025-11-12 17:27:21,278 - WARNING - 候选模型未带来提升 (当前最佳 RMSE: 0.005389)。将回滚并基于之前的最佳模型继续探索。
2025-11-12 17:27:21,278 - INFO - 
--- 正在尝试构建 19 个专家的模型 ---
2025-11-12 17:27:21,278 - INFO -   正在基于当前最佳模型寻找拟合最差的区域...
2025-11-12 17:27:21,294 - INFO -   误差最大的点 (索引 297, Loss: 0.0008) 被选为新中心。
2025-11-12 17:27:21,298 - INFO - 已向候选模型添加新专家。当前专家总数: 6
2025-11-12 17:27:32,440 - INFO -   早停触发 (Epoch 185)！
2025-11-12 17:27:32,440 - INFO - --- 候选模型 (专家数: 19) 训练完成。本轮最佳 Val RMSE: 0.005667 ---
2025-11-12 17:27:32,440 - WARNING - 候选模型未带来提升 (当前最佳 RMSE: 0.005389)。将回滚并基于之前的最佳模型继续探索。
2025-11-12 17:27:32,440 - INFO - 
--- 正在尝试构建 20 个专家的模型 ---
2025-11-12 17:27:32,440 - INFO -   正在基于当前最佳模型寻找拟合最差的区域...
2025-11-12 17:27:32,456 - INFO -   误差最大的点 (索引 297, Loss: 0.0008) 被选为新中心。
2025-11-12 17:27:32,460 - INFO - 已向候选模型添加新专家。当前专家总数: 6
2025-11-12 17:27:46,336 - INFO -   早停触发 (Epoch 230)！
2025-11-12 17:27:46,336 - INFO - --- 候选模型 (专家数: 20) 训练完成。本轮最佳 Val RMSE: 0.006744 ---
2025-11-12 17:27:46,336 - WARNING - 候选模型未带来提升 (当前最佳 RMSE: 0.005389)。将回滚并基于之前的最佳模型继续探索。
2025-11-12 17:27:46,336 - INFO - 
==============================
训练结束。最终模型已确定。
专家数: 5, 最佳 Val RMSE: 0.005389
==============================
2025-11-12 17:27:46,340 - INFO - 迭代式 MoE 回归器 (含 5 个专家) 已保存到 function_fitting_results/Spherical_Harmonics_m0_n1_model.pth
2025-11-12 17:27:46,341 - INFO - 训练摘要已保存到: function_fitting_results/Spherical_Harmonics_m0_n1_summary.json
2025-11-12 17:27:46,341 - INFO - 训练完成，正在加载最佳模型并进行可视化...
2025-11-12 17:27:46,343 - INFO - CoFrNetRegressor_MoE (Rollback Logic) 初始化完毕，将在 cuda 上运行。
2025-11-12 17:27:46,343 - INFO - 已向候选模型添加新专家。当前专家总数: 1
2025-11-12 17:27:46,343 - INFO - 已向候选模型添加新专家。当前专家总数: 2
2025-11-12 17:27:46,344 - INFO - 已向候选模型添加新专家。当前专家总数: 3
2025-11-12 17:27:46,344 - INFO - 已向候选模型添加新专家。当前专家总数: 4
2025-11-12 17:27:46,344 - INFO - 已向候选模型添加新专家。当前专家总数: 5
2025-11-12 17:27:46,346 - INFO - 回归器从 function_fitting_results/Spherical_Harmonics_m0_n1_model.pth 加载成功。专家数量: 5
2025-11-12 17:27:46,859 - INFO - 结果图已保存至: function_fitting_results/Spherical_Harmonics_m0_n1_real_part.png
2025-11-12 17:27:47,435 - INFO - 结果图已保存至: function_fitting_results/Spherical_Harmonics_m0_n1_imag_part.png
