2025-11-12 17:27:47,435 - INFO - 日志将同时输出到控制台和文件: function_fitting_results/Spherical_Harmonics_m1_n2.log
2025-11-12 17:27:47,435 - INFO - 
============================================================
正在开始拟合任务: Spherical_Harmonics_m1_n2
============================================================
2025-11-12 17:27:47,436 - INFO - 生成了 2500 个有效数据点。
2025-11-12 17:27:47,437 - INFO - CoFrNetRegressor_MoE (Rollback Logic) 初始化完毕，将在 cuda 上运行。
2025-11-12 17:27:47,437 - INFO - 
--- 正在尝试构建 1 个专家的模型 ---
2025-11-12 17:27:47,437 - INFO -   使用数据均值作为第一个专家的 RBF 中心。
2025-11-12 17:27:47,438 - INFO - 已向候选模型添加新专家。当前专家总数: 1
2025-11-12 17:27:58,331 - INFO -   早停触发 (Epoch 404)！
2025-11-12 17:27:58,331 - INFO - --- 候选模型 (专家数: 1) 训练完成。本轮最佳 Val RMSE: 0.118733 ---
2025-11-12 17:27:58,332 - INFO - *** 新的最佳模型被接受！专家数: 1, 验证集 RMSE: 0.118733 ***
2025-11-12 17:27:58,332 - INFO - 
--- 正在尝试构建 2 个专家的模型 ---
2025-11-12 17:27:58,332 - INFO -   正在基于当前最佳模型寻找拟合最差的区域...
2025-11-12 17:27:58,343 - INFO -   误差最大的点 (索引 1640, Loss: 0.1013) 被选为新中心。
2025-11-12 17:27:58,344 - INFO - 已向候选模型添加新专家。当前专家总数: 2
2025-11-12 17:28:05,303 - INFO -   早停触发 (Epoch 173)！
2025-11-12 17:28:05,304 - INFO - --- 候选模型 (专家数: 2) 训练完成。本轮最佳 Val RMSE: 0.140502 ---
2025-11-12 17:28:05,304 - WARNING - 候选模型未带来提升 (当前最佳 RMSE: 0.118733)。将回滚并基于之前的最佳模型继续探索。
2025-11-12 17:28:05,304 - INFO - 
--- 正在尝试构建 3 个专家的模型 ---
2025-11-12 17:28:05,304 - INFO -   正在基于当前最佳模型寻找拟合最差的区域...
2025-11-12 17:28:05,314 - INFO -   误差最大的点 (索引 1640, Loss: 0.1013) 被选为新中心。
2025-11-12 17:28:05,315 - INFO - 已向候选模型添加新专家。当前专家总数: 2
2025-11-12 17:28:14,867 - INFO -   早停触发 (Epoch 214)！
2025-11-12 17:28:14,867 - INFO - --- 候选模型 (专家数: 3) 训练完成。本轮最佳 Val RMSE: 0.142899 ---
2025-11-12 17:28:14,867 - WARNING - 候选模型未带来提升 (当前最佳 RMSE: 0.118733)。将回滚并基于之前的最佳模型继续探索。
2025-11-12 17:28:14,867 - INFO - 
--- 正在尝试构建 4 个专家的模型 ---
2025-11-12 17:28:14,867 - INFO -   正在基于当前最佳模型寻找拟合最差的区域...
2025-11-12 17:28:14,878 - INFO -   误差最大的点 (索引 1640, Loss: 0.1013) 被选为新中心。
2025-11-12 17:28:14,879 - INFO - 已向候选模型添加新专家。当前专家总数: 2
2025-11-12 17:28:26,409 - INFO -   早停触发 (Epoch 257)！
2025-11-12 17:28:26,409 - INFO - --- 候选模型 (专家数: 4) 训练完成。本轮最佳 Val RMSE: 0.125383 ---
2025-11-12 17:28:26,409 - WARNING - 候选模型未带来提升 (当前最佳 RMSE: 0.118733)。将回滚并基于之前的最佳模型继续探索。
2025-11-12 17:28:26,409 - INFO - 
--- 正在尝试构建 5 个专家的模型 ---
2025-11-12 17:28:26,409 - INFO -   正在基于当前最佳模型寻找拟合最差的区域...
2025-11-12 17:28:26,420 - INFO -   误差最大的点 (索引 1640, Loss: 0.1013) 被选为新中心。
2025-11-12 17:28:26,421 - INFO - 已向候选模型添加新专家。当前专家总数: 2
2025-11-12 17:28:35,612 - INFO -   早停触发 (Epoch 206)！
2025-11-12 17:28:35,612 - INFO - --- 候选模型 (专家数: 5) 训练完成。本轮最佳 Val RMSE: 0.108514 ---
2025-11-12 17:28:35,614 - INFO - *** 新的最佳模型被接受！专家数: 5, 验证集 RMSE: 0.108514 ***
2025-11-12 17:28:35,614 - INFO - 
--- 正在尝试构建 6 个专家的模型 ---
2025-11-12 17:28:35,614 - INFO -   正在基于当前最佳模型寻找拟合最差的区域...
2025-11-12 17:28:35,628 - INFO -   误差最大的点 (索引 289, Loss: 0.0976) 被选为新中心。
2025-11-12 17:28:35,630 - INFO - 已向候选模型添加新专家。当前专家总数: 3
2025-11-12 17:29:33,309 - INFO - --- 候选模型 (专家数: 6) 训练完成。本轮最佳 Val RMSE: 0.058628 ---
2025-11-12 17:29:33,311 - INFO - *** 新的最佳模型被接受！专家数: 6, 验证集 RMSE: 0.058628 ***
2025-11-12 17:29:33,311 - INFO - 
--- 正在尝试构建 7 个专家的模型 ---
2025-11-12 17:29:33,311 - INFO -   正在基于当前最佳模型寻找拟合最差的区域...
2025-11-12 17:29:33,330 - INFO -   误差最大的点 (索引 308, Loss: 0.0789) 被选为新中心。
2025-11-12 17:29:33,332 - INFO - 已向候选模型添加新专家。当前专家总数: 4
2025-11-12 17:29:55,534 - INFO -   早停触发 (Epoch 315)！
2025-11-12 17:29:55,534 - INFO - --- 候选模型 (专家数: 7) 训练完成。本轮最佳 Val RMSE: 0.130791 ---
2025-11-12 17:29:55,534 - WARNING - 候选模型未带来提升 (当前最佳 RMSE: 0.058628)。将回滚并基于之前的最佳模型继续探索。
2025-11-12 17:29:55,534 - INFO - 
--- 正在尝试构建 8 个专家的模型 ---
2025-11-12 17:29:55,534 - INFO -   正在基于当前最佳模型寻找拟合最差的区域...
2025-11-12 17:29:55,552 - INFO -   误差最大的点 (索引 308, Loss: 0.0789) 被选为新中心。
2025-11-12 17:29:55,554 - INFO - 已向候选模型添加新专家。当前专家总数: 4
2025-11-12 17:31:06,427 - INFO -   早停触发 (Epoch 1000)！
2025-11-12 17:31:06,427 - INFO - --- 候选模型 (专家数: 8) 训练完成。本轮最佳 Val RMSE: 0.051114 ---
2025-11-12 17:31:06,430 - INFO - *** 新的最佳模型被接受！专家数: 8, 验证集 RMSE: 0.051114 ***
2025-11-12 17:31:06,430 - INFO - 
--- 正在尝试构建 9 个专家的模型 ---
2025-11-12 17:31:06,430 - INFO -   正在基于当前最佳模型寻找拟合最差的区域...
2025-11-12 17:31:06,452 - INFO -   误差最大的点 (索引 224, Loss: 0.0725) 被选为新中心。
2025-11-12 17:31:06,455 - INFO - 已向候选模型添加新专家。当前专家总数: 5
2025-11-12 17:32:33,851 - INFO - --- 候选模型 (专家数: 9) 训练完成。本轮最佳 Val RMSE: 0.043249 ---
2025-11-12 17:32:33,854 - INFO - *** 新的最佳模型被接受！专家数: 9, 验证集 RMSE: 0.043249 ***
2025-11-12 17:32:33,854 - INFO - 
--- 正在尝试构建 10 个专家的模型 ---
2025-11-12 17:32:33,854 - INFO -   正在基于当前最佳模型寻找拟合最差的区域...
2025-11-12 17:32:33,880 - INFO -   误差最大的点 (索引 1118, Loss: 0.0408) 被选为新中心。
2025-11-12 17:32:33,884 - INFO - 已向候选模型添加新专家。当前专家总数: 6
2025-11-12 17:32:54,783 - INFO -   早停触发 (Epoch 205)！
2025-11-12 17:32:54,783 - INFO - --- 候选模型 (专家数: 10) 训练完成。本轮最佳 Val RMSE: 0.052315 ---
2025-11-12 17:32:54,783 - WARNING - 候选模型未带来提升 (当前最佳 RMSE: 0.043249)。将回滚并基于之前的最佳模型继续探索。
2025-11-12 17:32:54,783 - INFO - 
--- 正在尝试构建 11 个专家的模型 ---
2025-11-12 17:32:54,783 - INFO -   正在基于当前最佳模型寻找拟合最差的区域...
2025-11-12 17:32:54,809 - INFO -   误差最大的点 (索引 1118, Loss: 0.0408) 被选为新中心。
2025-11-12 17:32:54,813 - INFO - 已向候选模型添加新专家。当前专家总数: 6
2025-11-12 17:33:47,126 - INFO -   早停触发 (Epoch 528)！
2025-11-12 17:33:47,126 - INFO - --- 候选模型 (专家数: 11) 训练完成。本轮最佳 Val RMSE: 0.042569 ---
2025-11-12 17:33:47,130 - INFO - *** 新的最佳模型被接受！专家数: 11, 验证集 RMSE: 0.042569 ***
2025-11-12 17:33:47,130 - INFO - 
--- 正在尝试构建 12 个专家的模型 ---
2025-11-12 17:33:47,130 - INFO -   正在基于当前最佳模型寻找拟合最差的区域...
2025-11-12 17:33:47,159 - INFO -   误差最大的点 (索引 224, Loss: 0.0608) 被选为新中心。
2025-11-12 17:33:47,163 - INFO - 已向候选模型添加新专家。当前专家总数: 7
2025-11-12 17:34:34,147 - INFO -   早停触发 (Epoch 415)！
2025-11-12 17:34:34,148 - INFO - --- 候选模型 (专家数: 12) 训练完成。本轮最佳 Val RMSE: 0.079773 ---
2025-11-12 17:34:34,148 - WARNING - 候选模型未带来提升 (当前最佳 RMSE: 0.042569)。将回滚并基于之前的最佳模型继续探索。
2025-11-12 17:34:34,148 - INFO - 
--- 正在尝试构建 13 个专家的模型 ---
2025-11-12 17:34:34,148 - INFO -   正在基于当前最佳模型寻找拟合最差的区域...
2025-11-12 17:34:34,178 - INFO -   误差最大的点 (索引 224, Loss: 0.0608) 被选为新中心。
2025-11-12 17:34:34,182 - INFO - 已向候选模型添加新专家。当前专家总数: 7
2025-11-12 17:34:41,349 - INFO -   早停触发 (Epoch 68)！
2025-11-12 17:34:41,349 - INFO - --- 候选模型 (专家数: 13) 训练完成。本轮最佳 Val RMSE: 0.129371 ---
2025-11-12 17:34:41,349 - WARNING - 候选模型未带来提升 (当前最佳 RMSE: 0.042569)。将回滚并基于之前的最佳模型继续探索。
2025-11-12 17:34:41,349 - INFO - 
--- 正在尝试构建 14 个专家的模型 ---
2025-11-12 17:34:41,349 - INFO -   正在基于当前最佳模型寻找拟合最差的区域...
2025-11-12 17:34:41,378 - INFO -   误差最大的点 (索引 224, Loss: 0.0608) 被选为新中心。
2025-11-12 17:34:41,382 - INFO - 已向候选模型添加新专家。当前专家总数: 7
2025-11-12 17:36:31,374 - INFO - --- 候选模型 (专家数: 14) 训练完成。本轮最佳 Val RMSE: 0.023908 ---
2025-11-12 17:36:31,378 - INFO - *** 新的最佳模型被接受！专家数: 14, 验证集 RMSE: 0.023908 ***
2025-11-12 17:36:31,378 - INFO - 
--- 正在尝试构建 15 个专家的模型 ---
2025-11-12 17:36:31,378 - INFO -   正在基于当前最佳模型寻找拟合最差的区域...
2025-11-12 17:36:31,412 - INFO -   误差最大的点 (索引 1586, Loss: 0.0263) 被选为新中心。
2025-11-12 17:36:31,416 - INFO - 已向候选模型添加新专家。当前专家总数: 8
2025-11-12 17:37:25,225 - INFO -   早停触发 (Epoch 428)！
2025-11-12 17:37:25,225 - INFO - --- 候选模型 (专家数: 15) 训练完成。本轮最佳 Val RMSE: 0.039009 ---
2025-11-12 17:37:25,225 - WARNING - 候选模型未带来提升 (当前最佳 RMSE: 0.023908)。将回滚并基于之前的最佳模型继续探索。
2025-11-12 17:37:25,225 - INFO - 
--- 正在尝试构建 16 个专家的模型 ---
2025-11-12 17:37:25,225 - INFO -   正在基于当前最佳模型寻找拟合最差的区域...
2025-11-12 17:37:25,259 - INFO -   误差最大的点 (索引 1586, Loss: 0.0263) 被选为新中心。
2025-11-12 17:37:25,263 - INFO - 已向候选模型添加新专家。当前专家总数: 8
2025-11-12 17:37:32,240 - INFO -   早停触发 (Epoch 57)！
2025-11-12 17:37:32,240 - INFO - --- 候选模型 (专家数: 16) 训练完成。本轮最佳 Val RMSE: 0.210790 ---
2025-11-12 17:37:32,240 - WARNING - 候选模型未带来提升 (当前最佳 RMSE: 0.023908)。将回滚并基于之前的最佳模型继续探索。
2025-11-12 17:37:32,240 - INFO - 
--- 正在尝试构建 17 个专家的模型 ---
2025-11-12 17:37:32,240 - INFO -   正在基于当前最佳模型寻找拟合最差的区域...
2025-11-12 17:37:32,274 - INFO -   误差最大的点 (索引 1586, Loss: 0.0263) 被选为新中心。
2025-11-12 17:37:32,278 - INFO - 已向候选模型添加新专家。当前专家总数: 8
2025-11-12 17:38:43,904 - INFO -   早停触发 (Epoch 567)！
2025-11-12 17:38:43,904 - INFO - --- 候选模型 (专家数: 17) 训练完成。本轮最佳 Val RMSE: 0.046207 ---
2025-11-12 17:38:43,904 - WARNING - 候选模型未带来提升 (当前最佳 RMSE: 0.023908)。将回滚并基于之前的最佳模型继续探索。
2025-11-12 17:38:43,904 - INFO - 
--- 正在尝试构建 18 个专家的模型 ---
2025-11-12 17:38:43,904 - INFO -   正在基于当前最佳模型寻找拟合最差的区域...
2025-11-12 17:38:43,938 - INFO -   误差最大的点 (索引 1586, Loss: 0.0263) 被选为新中心。
2025-11-12 17:38:43,942 - INFO - 已向候选模型添加新专家。当前专家总数: 8
2025-11-12 17:40:50,353 - INFO - --- 候选模型 (专家数: 18) 训练完成。本轮最佳 Val RMSE: 0.084441 ---
2025-11-12 17:40:50,353 - WARNING - 候选模型未带来提升 (当前最佳 RMSE: 0.023908)。将回滚并基于之前的最佳模型继续探索。
2025-11-12 17:40:50,353 - INFO - 
--- 正在尝试构建 19 个专家的模型 ---
2025-11-12 17:40:50,353 - INFO -   正在基于当前最佳模型寻找拟合最差的区域...
2025-11-12 17:40:50,387 - INFO -   误差最大的点 (索引 1586, Loss: 0.0263) 被选为新中心。
2025-11-12 17:40:50,391 - INFO - 已向候选模型添加新专家。当前专家总数: 8
2025-11-12 17:42:57,239 - INFO - --- 候选模型 (专家数: 19) 训练完成。本轮最佳 Val RMSE: 0.030574 ---
2025-11-12 17:42:57,239 - WARNING - 候选模型未带来提升 (当前最佳 RMSE: 0.023908)。将回滚并基于之前的最佳模型继续探索。
2025-11-12 17:42:57,239 - INFO - 
--- 正在尝试构建 20 个专家的模型 ---
2025-11-12 17:42:57,239 - INFO -   正在基于当前最佳模型寻找拟合最差的区域...
2025-11-12 17:42:57,272 - INFO -   误差最大的点 (索引 1586, Loss: 0.0263) 被选为新中心。
2025-11-12 17:42:57,277 - INFO - 已向候选模型添加新专家。当前专家总数: 8
2025-11-12 17:44:25,228 - INFO -   早停触发 (Epoch 688)！
2025-11-12 17:44:25,228 - INFO - --- 候选模型 (专家数: 20) 训练完成。本轮最佳 Val RMSE: 0.042009 ---
2025-11-12 17:44:25,228 - WARNING - 候选模型未带来提升 (当前最佳 RMSE: 0.023908)。将回滚并基于之前的最佳模型继续探索。
2025-11-12 17:44:25,228 - INFO - 
==============================
训练结束。最终模型已确定。
专家数: 7, 最佳 Val RMSE: 0.023908
==============================
2025-11-12 17:44:25,233 - INFO - 迭代式 MoE 回归器 (含 7 个专家) 已保存到 function_fitting_results/Spherical_Harmonics_m1_n2_model.pth
2025-11-12 17:44:25,237 - INFO - 训练摘要已保存到: function_fitting_results/Spherical_Harmonics_m1_n2_summary.json
2025-11-12 17:44:25,237 - INFO - 训练完成，正在加载最佳模型并进行可视化...
2025-11-12 17:44:25,240 - INFO - CoFrNetRegressor_MoE (Rollback Logic) 初始化完毕，将在 cuda 上运行。
2025-11-12 17:44:25,241 - INFO - 已向候选模型添加新专家。当前专家总数: 1
2025-11-12 17:44:25,241 - INFO - 已向候选模型添加新专家。当前专家总数: 2
2025-11-12 17:44:25,241 - INFO - 已向候选模型添加新专家。当前专家总数: 3
2025-11-12 17:44:25,242 - INFO - 已向候选模型添加新专家。当前专家总数: 4
2025-11-12 17:44:25,242 - INFO - 已向候选模型添加新专家。当前专家总数: 5
2025-11-12 17:44:25,242 - INFO - 已向候选模型添加新专家。当前专家总数: 6
2025-11-12 17:44:25,243 - INFO - 已向候选模型添加新专家。当前专家总数: 7
2025-11-12 17:44:25,245 - INFO - 回归器从 function_fitting_results/Spherical_Harmonics_m1_n2_model.pth 加载成功。专家数量: 7
2025-11-12 17:44:26,044 - INFO - 结果图已保存至: function_fitting_results/Spherical_Harmonics_m1_n2_real_part.png
2025-11-12 17:44:26,697 - INFO - 结果图已保存至: function_fitting_results/Spherical_Harmonics_m1_n2_imag_part.png
